--------- beginning of /dev/log/main

I/installd( 1856): installd firing up

I/DEBUG   ( 1849): debuggerd: May 22 2013 02:49:39

--------- beginning of /dev/log/system

I/Vold    ( 1846): Vold 2.1 (the revenge) firing up

D/Vold    ( 1846): Volume sdcard1 state changing -1 (Initializing) -> 0 (No-Media)

D/Vold    ( 1846): Volume usbdisk0 state changing -1 (Initializing) -> 0 (No-Media)

I/Netd    ( 1848): Netd 1.0 starting

D/macloader( 1859): Deleting file /data/.cid.info

D/Vold    ( 1846): Volume sdcard1 state changing 0 (No-Media) -> 2 (Pending)

D/DirectVolume( 1846): DirectVolume::handlePartitionAdded -> MAJOR 179, MINOR 49, PARTN 1

D/Vold    ( 1846): Volume sdcard1 state changing 2 (Pending) -> 1 (Idle-Unmounted)

W/InterfaceController( 1848): Error (Symbol not found: ) while searching for the interface command fini function

I/SurfaceFlinger( 1851): SurfaceFlinger is starting

I/SurfaceFlinger( 1851): use dithering

I/SurfaceFlinger( 1851): SurfaceFlinger's main thread ready to run. Initializing graphics H/W...

D/gpsd    ( 1860): main()

D/gpsd    ( 1860): argv[0] = '/system/bin/gpsd'

D/gpsd    ( 1860): argv[1] = '-c'

D/gpsd    ( 1860): argv[2] = '/system/etc/gps.xml'

D/gpsd    ( 1860): onRilCustomConfig(Test for unsupported parameters, )

D/gpsd    ( 1860): onRilCustomConfig(FactoryTestFilePath, /data/)

D/gpsd    ( 1860): onRilCustomConfig(TISEnabled, true)

D/gpsd    ( 1860): onRilCustomConfig(LPmode, false)

D/gpsd    ( 1860): onRilCustomConfig(cp-cold-start, false)

D/gpsd    ( 1860): onRilCustomConfig(cp-guard-time-sec, 1)

D/gpsd    ( 1860): Create : called

I/gpsd    ( 1860): RildClient : called

D/gpsd    ( 1860): RildClientSamsung : called

I/gpsd    ( 1860): start : called

D/gpsd    ( 1860): onRegisterModules : called

I/gpsd    ( 1860): RildClientModule : called

D/gpsd    ( 1860): RildClientModuleFreqSync : called

I/gpsd    ( 1860): RildClientModuleFreqSyncSamsung : called

D/gpsd    ( 1860): registerModule : pModule = 0x18ded58

D/gpsd    ( 1860): onRegisterModule : called

I/gpsd    ( 1860): RildClientModule : called

D/gpsd    ( 1860): RildClientModuleControlPlane : called

D/gpsd    ( 1860): RildClientModuleControlPlaneSamsung : called

D/gpsd    ( 1860): registerModule : pModule = 0x18ded80

D/gpsd    ( 1860): onRegisterModule : called

D/gpsd    ( 1860): onStart : called

D/gpsd    ( 1860): SecRildClient : called

D/gpsd    ( 1860): initialize : called

D/gpsd    ( 1860): connect : called

I/gpsd    ( 1860): connect: Connect_RILD failed. (4) Retry number : 0 

D/libEGL  ( 1851): loaded /system/lib/egl/libEGL_mali.so

D/libEGL  ( 1851): loaded /system/lib/egl/libGLESv1_CM_mali.so

D/libEGL  ( 1851): loaded /system/lib/egl/libGLESv2_mali.so

E/        ( 1851): Device driver API match

E/        ( 1851): Device driver API version: 17

E/        ( 1851): User space API version: 17 

E/        ( 1851): mali: REVISION=Linux-r3p1-01rel1 BUILD_DATE=Mon May  6 11:20:56 KST 2013 

I/gralloc ( 1851): using (fd=21)

I/gralloc ( 1851): id           = s3cfb

I/gralloc ( 1851): xres         = 720 px

I/gralloc ( 1851): yres         = 1280 px

I/gralloc ( 1851): xres_virtual = 720 px

I/gralloc ( 1851): yres_virtual = 2560 px

I/gralloc ( 1851): bpp          = 32

I/gralloc ( 1851): r            = 16:8

I/gralloc ( 1851): g            =  8:8

I/gralloc ( 1851): b            =  0:8

I/gralloc ( 1851): width        = 69 mm (265.043488 dpi)

I/gralloc ( 1851): height       = 123 mm (264.325195 dpi)

I/gralloc ( 1851): refresh rate = 58.30 Hz

D/AndroidRuntime( 1852): 

D/AndroidRuntime( 1852): >>>>>> AndroidRuntime START com.android.internal.os.ZygoteInit <<<<<<

D/AndroidRuntime( 1852): CheckJNI is OFF

I/SurfaceFlinger( 1851): Using composer version 1.0

W/SurfaceFlinger( 1851): getting VSYNC period from fb HAL: 17152364

W/SurfaceFlinger( 1851): no suitable EGLConfig found, trying without EGL_FRAMEBUFFER_TARGET_ANDROID

E/Trace   ( 1851): error opening trace file: No such file or directory (2)

I/SurfaceFlinger( 1851): EGL informations:

I/SurfaceFlinger( 1851): vendor    : Android

I/SurfaceFlinger( 1851): version   : 1.4 Android META-EGL

I/SurfaceFlinger( 1851): extensions: EGL_KHR_image EGL_KHR_image_base EGL_KHR_image_pixmap EGL_KHR_gl_texture_2D_image EGL_KHR_gl_texture_cubemap_image EGL_KHR_gl_renderbuffer_image EGL_KHR_fence_sync EGL_ANDROID_image_native_buffer 

I/SurfaceFlinger( 1851): Client API: OpenGL_ES

I/SurfaceFlinger( 1851): EGLSurface: 8-8-8-8, config=0x60000014

I/SurfaceFlinger( 1851): OpenGL ES informations:

I/SurfaceFlinger( 1851): vendor    : ARM

I/SurfaceFlinger( 1851): renderer  : Mali-400 MP

I/SurfaceFlinger( 1851): version   : OpenGL ES-CM 1.1

I/SurfaceFlinger( 1851): extensions: GL_EXT_debug_marker GL_OES_byte_coordinates GL_OES_fixed_point GL_OES_single_precision GL_OES_matrix_get GL_OES_read_format GL_OES_compressed_paletted_texture GL_OES_point_size_array GL_OES_point_sprite GL_OES_texture_npot GL_OES_query_matrix GL_OES_matrix_palette GL_OES_extended_matrix_palette GL_OES_compressed_ETC1_RGB8_texture GL_OES_EGL_image GL_OES_draw_texture GL_OES_depth_texture GL_OES_packed_depth_stencil GL_EXT_texture_format_BGRA8888 GL_OES_framebuffer_object GL_OES_stencil8 GL_OES_depth24 GL_ARM_rgba8 GL_OES_EGL_image_external GL_OES_EGL_sync GL_OES_rgb8_rgba8 GL_EXT_multisampled_render_to_texture GL_OES_texture_cube_map GL_EXT_discard_framebuffer GL_EXT_robustness 

I/SurfaceFlinger( 1851): GL_MAX_TEXTURE_SIZE = 4096

I/SurfaceFlinger( 1851): GL_MAX_VIEWPORT_DIMS = 4096 x 4096

W/SurfaceFlinger( 1851): WARNING: EventThread not started, ignoring vsync

D/SurfaceFlinger( 1851): Screen acquired, type=0 flinger=0x4106e318

D/libEGL  ( 2110): loaded /system/lib/egl/libEGL_mali.so

D/libEGL  ( 2110): loaded /system/lib/egl/libGLESv1_CM_mali.so

D/libEGL  ( 2110): loaded /system/lib/egl/libGLESv2_mali.so

E/        ( 2110): Device driver API match

E/        ( 2110): Device driver API version: 17

E/        ( 2110): User space API version: 17 

E/        ( 2110): mali: REVISION=Linux-r3p1-01rel1 BUILD_DATE=Mon May  6 11:20:56 KST 2013 

E/Trace   ( 2110): error opening trace file: No such file or directory (2)

D/MDnsDS  ( 1848): MDnsSdListener::Hander starting up

D/MDnsDS  ( 1848): MDnsSdListener starting to monitor

D/MDnsDS  ( 1848): Going to poll with pollCount 1

D/dalvikvm( 1852): DexOpt: --- BEGIN 'core.jar' (bootstrap=1) ---

I/mediaserver( 1854): ServiceManager: 0x419dfe70

D/SecTVOutService( 1854): SecTVOutService instantiate

E/        ( 1854): fb_open: fb[0] open failed

E/        ( 1854): bool android::SecHdmi::create(int, int):Failed to open default FB

E/SecTVOutService( 1854): android::SecTVOutService::SecTVOutService()::mSecHdmi.create() fail 

D/SecTVOutService( 1854): SecTVOutService r=0

I/AudioFlinger( 1854): Using default 3000 mSec as standby time.

I/CameraService( 1854): CameraService started (pid=1854)

V/CameraWrapper( 1854): camera_get_number_of_cameras

V/CameraWrapper( 1854): check_vendor_module

D/SecCameraHardware( 1854): LSIHAL int android::HAL_getNumberOfCameras()

I/AudioPolicyManagerBase( 1854): loadAudioPolicyConfig() loaded /system/etc/audio_policy.conf

V/audio_hw_primary( 1854): Reading configuration from /system/etc/sound/t03g

V/audio_hw_primary( 1854): Parsing control AIF2DACL Source => 0

V/audio_hw_primary( 1854): Parsing control AIF2DACR Source => 0

V/audio_hw_primary( 1854): Parsing control AIF2ADCL Source => 0

V/audio_hw_primary( 1854): Parsing control AIF2ADCR Source => 1

V/audio_hw_primary( 1854): Parsing control IN1L ZC Switch => 0

V/audio_hw_primary( 1854): Parsing control IN1R ZC Switch => 0

V/audio_hw_primary( 1854): Parsing control IN2L ZC Switch => 0

V/audio_hw_primary( 1854): Parsing control IN2R ZC Switch => 0

V/audio_hw_primary( 1854): Parsing control Output ZC Switch => 0

V/audio_hw_primary( 1854): Parsing control Speaker ZC Switch => 0

V/audio_hw_primary( 1854): Parsing control Headphone ZC Switch => 0

V/audio_hw_primary( 1854): Parsing control DAC1L Mixer AIF1.1 Switch => 1

V/audio_hw_primary( 1854): Parsing control DAC1R Mixer AIF1.1 Switch => 1

V/audio_hw_primary( 1854): Parsing control DAC1 Switch => 1

V/audio_hw_primary( 1854): Parsing control AIF2DAC2L Mixer Left Sidetone Switch => 1

V/audio_hw_primary( 1854): Parsing control AIF2DAC2L Mixer Right Sidetone Switch => 0

V/audio_hw_primary( 1854): Parsing control AIF2DAC2R Mixer Left Sidetone Switch => 0

V/audio_hw_primary( 1854): Parsing control AIF2DAC2R Mixer Right Sidetone Switch => 1

V/audio_hw_primary( 1854): Parsing control DAC2 Left Sidetone Volume => 12

V/audio_hw_primary( 1854): Parsing control DAC2 Right Sidetone Volume => 12

V/audio_hw_primary( 1854): Parsing control DAC2 Switch => 1

V/audio_hw_primary( 1854): Parsing control Left Headphone Mux => Mixer

V/audio_hw_primary( 1854): Parsing control Right Headphone Mux => Mixer

V/audio_hw_primary( 1854): Parsing control SPKL DAC1 Switch => 1

V/audio_hw_primary( 1854): Parsing control SPKR DAC1 Switch => 1

V/audio_hw_primary( 1854): Parsing control SPKL Boost SPKL Switch => 1

V/audio_hw_primary( 1854): Parsing control SPKL Boost SPKR Switch => 1

V/audio_hw_primary( 1854): Parsing control SPKR Boost SPKL Switch => 0

V/audio_hw_primary( 1854): Parsing control SPKR Boost SPKR Switch => 0

V/audio_hw_primary( 1854): Parsing control Speaker Mixer Volume => 3

V/audio_hw_primary( 1854): Parsing control Left Output Mixer DAC Switch => 1

V/audio_hw_primary( 1854): Parsing control Right Output Mixer DAC Switch => 1

V/audio_hw_primary( 1854): Parsing control Earpiece Mixer Left Output Switch => 1

V/audio_hw_primary( 1854): Parsing control Earpiece Mixer Right Output Switch => 1

V/audio_hw_primary( 1854): Parsing control Earpiece Switch => 1

V/audio_hw_primary( 1854): Parsing control LINEOUT2N Mixer Left Output Switch => 1

V/audio_hw_primary( 1854): Parsing control LINEOUT2P Mixer Right Output Switch => 1

V/audio_hw_primary( 1854): Parsing control LINEOUT1N Mixer Right Output Switch => 1

V/audio_hw_primary( 1854): Parsing control LINEOUT1P Mixer Left Output Switch => 1

V/audio_hw_primary( 1854): Parsing control AIF1ADC1L Mixer ADC/DMIC Switch => 1

V/audio_hw_primary( 1854): Parsing control AIF1ADC1R Mixer ADC/DMIC Switch => 1

V/audio_hw_primary( 1854): Parsing control IN1L PGA IN1LP Switch => 1

V/audio_hw_primary( 1854): Parsing control IN1L PGA IN1LN Switch => 1

V/audio_hw_primary( 1854): Parsing control MIXINL IN1L Volume => 1

V/audio_hw_primary( 1854): Parsing control IN1L Switch => 1

V/audio_hw_primary( 1854): Parsing control IN1R PGA IN1RP Switch => 1

V/audio_hw_primary( 1854): Parsing control IN1R PGA IN1RN Switch => 1

V/audio_hw_primary( 1854): Parsing control MIXINR IN1R Volume => 1

V/audio_hw_primary( 1854): Parsing control IN1R Switch => 1

V/audio_hw_primary( 1854): Parsing control IN2R PGA IN2RP Switch => 1

V/audio_hw_primary( 1854): Parsing control IN2R PGA IN2RN Switch => 1

V/audio_hw_primary( 1854): Parsing control MIXINR IN2R Volume => 1

V/audio_hw_primary( 1854): Parsing control IN2R Switch => 1

V/audio_hw_primary( 1854): Parsing control IN2L PGA IN2LP Switch => 1

V/audio_hw_primary( 1854): Parsing control IN2L PGA IN2LN Switch => 1

V/audio_hw_primary( 1854): Parsing control MIXINL IN2L Volume => 1

V/audio_hw_primary( 1854): Parsing control IN2L Switch => 1

V/audio_hw_primary( 1854): Parsing control AIF1ADC1L Mixer ADC/DMIC Switch => 1

V/audio_hw_primary( 1854): Parsing control AIF1ADC1R Mixer ADC/DMIC Switch => 1

V/audio_hw_primary( 1854): Parsing control ADCL Mux => ADC

V/audio_hw_primary( 1854): Parsing control Sidetone HPF Switch => 0

V/audio_hw_primary( 1854): Parsing control ADCL Mux => DMIC

V/audio_hw_primary( 1854): Parsing control ADCL Mux => ADC

V/audio_hw_primary( 1854): Parsing control ADCR Mux => DMIC

V/audio_hw_primary( 1854): Parsing control ADCR Mux => ADC

V/audio_hw_primary( 1854): Parsing control AIF3ADC Mux => 1

V/audio_hw_primary( 1854): Parsing control HP Switch => 0

V/audio_hw_primary( 1854): Parsing control SPK Switch => 0

V/audio_hw_primary( 1854): Parsing control RCV Switch => 0

V/audio_hw_primary( 1854): Parsing control LINE Switch => 0

V/audio_hw_primary( 1854): Parsing control HDMI Switch => 0

V/audio_hw_primary( 1854): Parsing control Main Mic Switch => 0

V/audio_hw_primary( 1854): Parsing control Sub Mic Switch => 0

V/audio_hw_primary( 1854): Parsing control Headset Mic Switch => 0

V/audio_hw_primary( 1854): Parsing control FM In Switch => 0

V/audio_hw_primary( 1854): Applying 75 element default route

V/audio_hw_primary( 1854): Set 'AIF2DACL Source'.0 to 0

V/audio_hw_primary( 1854): Set 'AIF2DACR Source'.0 to 0

V/audio_hw_primary( 1854): Set 'AIF2ADCL Source'.0 to 0

V/audio_hw_primary( 1854): Set 'AIF2ADCR Source'.0 to 1

V/audio_hw_primary( 1854): Set 'IN1L ZC Switch'.0 to 0

V/audio_hw_primary( 1854): Set 'IN1R ZC Switch'.0 to 0

V/audio_hw_primary( 1854): Set 'IN2L ZC Switch'.0 to 0

V/audio_hw_primary( 1854): Set 'IN2R ZC Switch'.0 to 0

V/audio_hw_primary( 1854): Set 'Output ZC Switch'.0 to 0

V/audio_hw_primary( 1854): Set 'Output ZC Switch'.1 to 0

V/audio_hw_primary( 1854): Set 'Speaker ZC Switch'.0 to 0

V/audio_hw_primary( 1854): Set 'Speaker ZC Switch'.1 to 0

V/audio_hw_primary( 1854): Set 'Headphone ZC Switch'.0 to 0

V/audio_hw_primary( 1854): Set 'Headphone ZC Switch'.1 to 0

V/audio_hw_primary( 1854): Set 'DAC1L Mixer AIF1.1 Switch'.0 to 1

V/audio_hw_primary( 1854): Set 'DAC1R Mixer AIF1.1 Switch'.0 to 1

V/audio_hw_primary( 1854): Set 'DAC1 Switch'.0 to 1

V/audio_hw_primary( 1854): Set 'DAC1 Switch'.1 to 1

V/audio_hw_primary( 1854): Set 'AIF2DAC2L Mixer Left Sidetone Switch'.0 to 1

V/audio_hw_primary( 1854): Set 'AIF2DAC2L Mixer Right Sidetone Switch'.0 to 0

V/audio_hw_primary( 1854): Set 'AIF2DAC2R Mixer Left Sidetone Switch'.0 to 0

V/audio_hw_primary( 1854): Set 'AIF2DAC2R Mixer Right Sidetone Switch'.0 to 1

V/audio_hw_primary( 1854): Set 'DAC2 Left Sidetone Volume'.0 to 12

V/audio_hw_primary( 1854): Set 'DAC2 Right Sidetone Volume'.0 to 12

V/audio_hw_primary( 1854): Set 'DAC2 Switch'.0 to 1

V/audio_hw_primary( 1854): Set 'DAC2 Switch'.1 to 1

V/audio_hw_primary( 1854): Set 'Left Headphone Mux' to 'Mixer'

V/audio_hw_primary( 1854): Set 'Right Headphone Mux' to 'Mixer'

V/audio_hw_primary( 1854): Set 'SPKL DAC1 Switch'.0 to 1

V/audio_hw_primary( 1854): Set 'SPKR DAC1 Switch'.0 to 1

V/audio_hw_primary( 1854): Set 'SPKL Boost SPKL Switch'.0 to 1

V/audio_hw_primary( 1854): Set 'SPKL Boost SPKR Switch'.0 to 1

V/audio_hw_primary( 1854): Set 'SPKR Boost SPKL Switch'.0 to 0

V/audio_hw_primary( 1854): Set 'SPKR Boost SPKR Switch'.0 to 0

V/audio_hw_primary( 1854): Set 'Speaker Mixer Volume'.0 to 3

V/audio_hw_primary( 1854): Set 'Speaker Mixer Volume'.1 to 3

V/audio_hw_primary( 1854): Set 'Left Output Mixer DAC Switch'.0 to 1

V/audio_hw_primary( 1854): Set 'Right Output Mixer DAC Switch'.0 to 1

V/audio_hw_primary( 1854): Set 'Earpiece Mixer Left Output Switch'.0 to 1

V/audio_hw_primary( 1854): Set 'Earpiece Mixer Right Output Switch'.0 to 1

V/audio_hw_primary( 1854): Set 'Earpiece Switch'.0 to 1

V/audio_hw_primary( 1854): Set 'LINEOUT2N Mixer Left Output Switch'.0 to 1

V/audio_hw_primary( 1854): Set 'LINEOUT2P Mixer Right Output Switch'.0 to 1

V/audio_hw_primary( 1854): Set 'LINEOUT1N Mixer Right Output Switch'.0 to 1

V/audio_hw_primary( 1854): Set 'LINEOUT1P Mixer Left Output Switch'.0 to 1

V/audio_hw_primary( 1854): Set 'AIF1ADC1L Mixer ADC/DMIC Switch'.0 to 1

V/audio_hw_primary( 1854): Set 'AIF1ADC1R Mixer ADC/DMIC Switch'.0 to 1

V/audio_hw_primary( 1854): Set 'IN1L PGA IN1LP Switch'.0 to 1

V/audio_hw_primary( 1854): Set 'IN1L PGA IN1LN Switch'.0 to 1

V/audio_hw_primary( 1854): Set 'MIXINL IN1L Volume'.0 to 1

V/audio_hw_primary( 1854): Set 'IN1L Switch'.0 to 1

V/audio_hw_primary( 1854): Set 'IN1R PGA IN1RP Switch'.0 to 1

V/audio_hw_primary( 1854): Set 'IN1R PGA IN1RN Switch'.0 to 1

V/audio_hw_primary( 1854): Set 'MIXINR IN1R Volume'.0 to 1

V/audio_hw_primary( 1854): Set 'IN1R Switch'.0 to 1

V/audio_hw_primary( 1854): Set 'IN2R PGA IN2RP Switch'.0 to 1

V/audio_hw_primary( 1854): Set 'IN2R PGA IN2RN Switch'.0 to 1

V/audio_hw_primary( 1854): Set 'MIXINR IN2R Volume'.0 to 1

V/audio_hw_primary( 1854): Set 'IN2R Switch'.0 to 1

V/audio_hw_primary( 1854): Set 'IN2L PGA IN2LP Switch'.0 to 1

V/audio_hw_primary( 1854): Set 'IN2L PGA IN2LN Switch'.0 to 1

V/audio_hw_primary( 1854): Set 'MIXINL IN2L Volume'.0 to 1

V/audio_hw_primary( 1854): Set 'IN2L Switch'.0 to 1

V/audio_hw_primary( 1854): Set 'AIF1ADC1L Mixer ADC/DMIC Switch'.0 to 1

V/audio_hw_primary( 1854): Set 'AIF1ADC1R Mixer ADC/DMIC Switch'.0 to 1

V/audio_hw_primary( 1854): Set 'ADCL Mux' to 'ADC'

V/audio_hw_primary( 1854): Set 'Sidetone HPF Switch'.0 to 0

V/audio_hw_primary( 1854): Set 'ADCL Mux' to 'DMIC'

V/audio_hw_primary( 1854): Set 'ADCL Mux' to 'ADC'

V/audio_hw_primary( 1854): Set 'ADCR Mux' to 'DMIC'

V/audio_hw_primary( 1854): Set 'ADCR Mux' to 'ADC'

V/audio_hw_primary( 1854): Set 'AIF3ADC Mux'.0 to 1

V/audio_hw_primary( 1854): Set 'HP Switch'.0 to 0

V/audio_hw_primary( 1854): Set 'SPK Switch'.0 to 0

V/audio_hw_primary( 1854): Set 'RCV Switch'.0 to 0

V/audio_hw_primary( 1854): Set 'LINE Switch'.0 to 0

V/audio_hw_primary( 1854): Set 'HDMI Switch'.0 to 0

V/audio_hw_primary( 1854): Set 'Main Mic Switch'.0 to 0

V/audio_hw_primary( 1854): Set 'Sub Mic Switch'.0 to 0

V/audio_hw_primary( 1854): Set 'Headset Mic Switch'.0 to 0

V/audio_hw_primary( 1854): Set 'FM In Switch'.0 to 0

I/audio_hw_primary( 1854): Allocating device speaker

V/audio_hw_primary( 1854): Parsing control SPK Switch => 1

V/audio_hw_primary( 1854): Parsing control AIF1DAC1 Volume => 96

V/audio_hw_primary( 1854): Parsing control AIF1 Boost Volume => 0

V/audio_hw_primary( 1854): Parsing control DAC1 Volume => 96

V/audio_hw_primary( 1854): Parsing control SPKL DAC1 Volume => 1

V/audio_hw_primary( 1854): Parsing control SPKR DAC1 Volume => 1

V/audio_hw_primary( 1854): Parsing control Speaker Mixer Volume => 3

V/audio_hw_primary( 1854): Parsing control Speaker Boost Volume => 4

V/audio_hw_primary( 1854): Parsing control Speaker Volume => 57

V/audio_hw_primary( 1854): Parsing control AIF1DAC1 EQ Switch => 1

V/audio_hw_primary( 1854): Parsing control AIF1DAC1 EQ1 Volume => 9

V/audio_hw_primary( 1854): Parsing control AIF1DAC1 EQ2 Volume => 7

V/audio_hw_primary( 1854): Parsing control AIF1DAC1 EQ3 Volume => 10

V/audio_hw_primary( 1854): Parsing control AIF1DAC1 EQ4 Volume => 13

V/audio_hw_primary( 1854): Parsing control AIF1DAC1 EQ5 Volume => 12

V/audio_hw_primary( 1854): 15 element on sequence

V/audio_hw_primary( 1854): Parsing control SPK Switch => 0

V/audio_hw_primary( 1854): Parsing control AIF1DAC1 Volume => 96

V/audio_hw_primary( 1854): Parsing control AIF1 Boost Volume => 0

V/audio_hw_primary( 1854): Parsing control DAC1 Volume => 96

V/audio_hw_primary( 1854): Parsing control SPKL DAC1 Volume => 1

V/audio_hw_primary( 1854): Parsing control SPKR DAC1 Volume => 1

V/audio_hw_primary( 1854): Parsing control Speaker Mixer Volume => 0

V/audio_hw_primary( 1854): Parsing control Speaker Volume => 0

V/audio_hw_primary( 1854): Parsing control Speaker Boost Volume => 0

V/audio_hw_primary( 1854): Parsing control AIF1DAC1 EQ Switch => 0

V/audio_hw_primary( 1854): 10 element off sequence

V/audio_hw_primary( 1854): Set 'SPK Switch'.0 to 0

V/audio_hw_primary( 1854): Set 'AIF1DAC1 Volume'.0 to 96

V/audio_hw_primary( 1854): Set 'AIF1DAC1 Volume'.1 to 96

V/audio_hw_primary( 1854): Set 'AIF1 Boost Volume'.0 to 0

V/audio_hw_primary( 1854): Set 'DAC1 Volume'.0 to 96

V/audio_hw_primary( 1854): Set 'DAC1 Volume'.1 to 96

V/audio_hw_primary( 1854): Set 'SPKL DAC1 Volume'.0 to 1

V/audio_hw_primary( 1854): Set 'SPKR DAC1 Volume'.0 to 1

V/audio_hw_primary( 1854): Set 'Speaker Mixer Volume'.0 to 0

V/audio_hw_primary( 1854): Set 'Speaker Mixer Volume'.1 to 0

V/audio_hw_primary( 1854): Set 'Speaker Volume'.0 to 0

V/audio_hw_primary( 1854): Set 'Speaker Volume'.1 to 0

V/audio_hw_primary( 1854): Set 'Speaker Boost Volume'.0 to 0

V/audio_hw_primary( 1854): Set 'Speaker Boost Volume'.1 to 0

V/audio_hw_primary( 1854): Set 'AIF1DAC1 EQ Switch'.0 to 0

I/audio_hw_primary( 1854): Allocating device earpiece

V/audio_hw_primary( 1854): Parsing control RCV Switch => 1

V/audio_hw_primary( 1854): Parsing control AIF1DAC1 Volume => 96

V/audio_hw_primary( 1854): Parsing control AIF1 Boost Volume => 0

V/audio_hw_primary( 1854): Parsing control DAC1 Volume => 96

V/audio_hw_primary( 1854): Parsing control Left Output Mixer DAC Volume => 7

V/audio_hw_primary( 1854): Parsing control Right Output Mixer DAC Volume => 7

V/audio_hw_primary( 1854): Parsing control Output Volume => 55

V/audio_hw_primary( 1854): Parsing control Earpiece Volume => 1

V/audio_hw_primary( 1854): 8 element on sequence

V/audio_hw_primary( 1854): Parsing control RCV Switch => 0

V/audio_hw_primary( 1854): Parsing control AIF1DAC1 Volume => 96

V/audio_hw_primary( 1854): Parsing control AIF1 Boost Volume => 0

V/audio_hw_primary( 1854): Parsing control DAC1 Volume => 96

V/audio_hw_primary( 1854): Parsing control Left Output Mixer DAC Volume => 7

V/audio_hw_primary( 1854): Parsing control Right Output Mixer DAC Volume => 7

V/audio_hw_primary( 1854): Parsing control Output Volume => 57

V/audio_hw_primary( 1854): Parsing control Earpiece Volume => 1

V/audio_hw_primary( 1854): 8 element off sequence

V/audio_hw_primary( 1854): Set 'RCV Switch'.0 to 0

V/audio_hw_primary( 1854): Set 'AIF1DAC1 Volume'.0 to 96

V/audio_hw_primary( 1854): Set 'AIF1DAC1 Volume'.1 to 96

V/audio_hw_primary( 1854): Set 'AIF1 Boost Volume'.0 to 0

V/audio_hw_primary( 1854): Set 'DAC1 Volume'.0 to 96

V/audio_hw_primary( 1854): Set 'DAC1 Volume'.1 to 96

V/audio_hw_primary( 1854): Set 'Left Output Mixer DAC Volume'.0 to 7

V/audio_hw_primary( 1854): Set 'Right Output Mixer DAC Volume'.0 to 7

V/audio_hw_primary( 1854): Set 'Output Volume'.0 to 57

V/audio_hw_primary( 1854): Set 'Output Volume'.1 to 57

V/audio_hw_primary( 1854): Set 'Earpiece Volume'.0 to 1

I/audio_hw_primary( 1854): Allocating device headphone

V/audio_hw_primary( 1854): Parsing control HP Switch => 1

V/audio_hw_primary( 1854): Parsing control Headphone Volume => 50

V/audio_hw_primary( 1854): Parsing control Headphone ZC Switch => 0

V/audio_hw_primary( 1854): Parsing control AIF1DAC1 Volume => 96

V/audio_hw_primary( 1854): Parsing control AIF1 Boost Volume => 0

V/audio_hw_primary( 1854): Parsing control DAC1 Volume => 96

V/audio_hw_primary( 1854): Parsing control Left Output Mixer DAC Volume => 7

V/audio_hw_primary( 1854): Parsing control Right Output Mixer DAC Volume => 7

V/audio_hw_primary( 1854): Parsing control AIF1DAC1 EQ Switch => 1

V/audio_hw_primary( 1854): Parsing control AIF1DAC1 EQ1 Volume => 16

V/audio_hw_primary( 1854): Parsing control AIF1DAC1 EQ2 Volume => 14

V/audio_hw_primary( 1854): Parsing control AIF1DAC1 EQ3 Volume => 12

V/audio_hw_primary( 1854): Parsing control AIF1DAC1 EQ4 Volume => 14

V/audio_hw_primary( 1854): Parsing control AIF1DAC1 EQ5 Volume => 16

V/audio_hw_primary( 1854): 14 element on sequence

V/audio_hw_primary( 1854): Parsing control HP Switch => 0

V/audio_hw_primary( 1854): Parsing control AIF1DAC1 EQ Switch => 0

V/audio_hw_primary( 1854): Parsing control Left Output Mixer DAC Volume => 7

V/audio_hw_primary( 1854): Parsing control Right Output Mixer DAC Volume => 7

V/audio_hw_primary( 1854): 4 element off sequence

V/audio_hw_primary( 1854): Set 'HP Switch'.0 to 0

V/audio_hw_primary( 1854): Set 'AIF1DAC1 EQ Switch'.0 to 0

V/audio_hw_primary( 1854): Set 'Left Output Mixer DAC Volume'.0 to 7

V/audio_hw_primary( 1854): Set 'Right Output Mixer DAC Volume'.0 to 7

I/audio_hw_primary( 1854): Allocating device sco-out

V/audio_hw_primary( 1854): Parsing control AIF1DAC1 Volume => 96

V/audio_hw_primary( 1854): Parsing control AIF1 Boost Volume => 0

V/audio_hw_primary( 1854): Parsing control AIF3ADC Mux => 1

V/audio_hw_primary( 1854): Parsing control AIF2ADC HPF Mode => 3

V/audio_hw_primary( 1854): Parsing control AIF2ADC HPF Switch => 1

V/audio_hw_primary( 1854): Parsing control AIF2DAC2L Mixer AIF1.1 Switch => 1

V/audio_hw_primary( 1854): Parsing control AIF2DAC2R Mixer AIF1.1 Switch => 1

V/audio_hw_primary( 1854): Parsing control AIF2DAC Volume => 96

V/audio_hw_primary( 1854): Parsing control AIF2ADC Volume => 96

V/audio_hw_primary( 1854): Parsing control DAC2 Volume => 96

V/audio_hw_primary( 1854): Parsing control AIF2ADC Volume => 96

V/audio_hw_primary( 1854): 11 element on sequence

V/audio_hw_primary( 1854): Parsing control AIF1DAC1 Volume => 96

V/audio_hw_primary( 1854): Parsing control AIF1 Boost Volume => 0

V/audio_hw_primary( 1854): Parsing control DAC2 Volume => 96

V/audio_hw_primary( 1854): Parsing control AIF2ADC Volume => 96

V/audio_hw_primary( 1854): Parsing control AIF2DAC2L Mixer AIF1.1 Switch => 0

V/audio_hw_primary( 1854): Parsing control AIF2DAC2R Mixer AIF1.1 Switch => 0

V/audio_hw_primary( 1854): 6 element off sequence

V/audio_hw_primary( 1854): Set 'AIF1DAC1 Volume'.0 to 96

V/audio_hw_primary( 1854): Set 'AIF1DAC1 Volume'.1 to 96

V/audio_hw_primary( 1854): Set 'AIF1 Boost Volume'.0 to 0

V/audio_hw_primary( 1854): Set 'DAC2 Volume'.0 to 96

V/audio_hw_primary( 1854): Set 'DAC2 Volume'.1 to 96

V/audio_hw_primary( 1854): Set 'AIF2ADC Volume'.0 to 96

V/audio_hw_primary( 1854): Set 'AIF2ADC Volume'.1 to 96

V/audio_hw_primary( 1854): Set 'AIF2DAC2L Mixer AIF1.1 Switch'.0 to 0

V/audio_hw_primary( 1854): Set 'AIF2DAC2R Mixer AIF1.1 Switch'.0 to 0

I/audio_hw_primary( 1854): Allocating device analog-dock

V/audio_hw_primary( 1854): Parsing control LINEOUT2N Switch => 1

V/audio_hw_primary( 1854): Parsing control LINEOUT2P Switch => 1

V/audio_hw_primary( 1854): Parsing control LINEOUT2N Mixer Left Output Switch => 1

V/audio_hw_primary( 1854): Parsing control LINEOUT2N Mixer Right Output Switch => 1

V/audio_hw_primary( 1854): Parsing control LINEOUT2P Mixer Right Output Switch => 1

V/audio_hw_primary( 1854): Parsing control LINE Switch => 1

V/audio_hw_primary( 1854): Parsing control AIF1DAC1 Volume => 96

V/audio_hw_primary( 1854): Parsing control AIF1 Boost Volume => 0

V/audio_hw_primary( 1854): Parsing control DAC1 Volume => 96

V/audio_hw_primary( 1854): Parsing control Left Output Mixer DAC Volume => 7

V/audio_hw_primary( 1854): Parsing control Right Output Mixer DAC Volume => 7

V/audio_hw_primary( 1854): Parsing control Output Volume => 55

V/audio_hw_primary( 1854): Parsing control LINEOUT2 Volume => 1

V/audio_hw_primary( 1854): Parsing control LineoutSwitch Mode => 1

V/audio_hw_primary( 1854): 14 element on sequence

V/audio_hw_primary( 1854): Parsing control LINEOUT2N Switch => 0

V/audio_hw_primary( 1854): Parsing control LINEOUT2P Switch => 0

V/audio_hw_primary( 1854): Parsing control LINE Switch => 0

V/audio_hw_primary( 1854): Parsing control AIF1DAC1 Volume => 96

V/audio_hw_primary( 1854): Parsing control AIF1 Boost Volume => 0

V/audio_hw_primary( 1854): Parsing control DAC1 Volume => 96

V/audio_hw_primary( 1854): Parsing control Left Output Mixer DAC Volume => 7

V/audio_hw_primary( 1854): Parsing control Right Output Mixer DAC Volume => 7

V/audio_hw_primary( 1854): Parsing control Output Volume => 57

V/audio_hw_primary( 1854): Parsing control LINEOUT2 Volume => 1

V/audio_hw_primary( 1854): Parsing control LineoutSwitch Mode => 0

V/audio_hw_primary( 1854): 11 element off sequence

V/audio_hw_primary( 1854): Set 'LINEOUT2N Switch'.0 to 0

V/audio_hw_primary( 1854): Set 'LINEOUT2P Switch'.0 to 0

V/audio_hw_primary( 1854): Set 'LINE Switch'.0 to 0

V/audio_hw_primary( 1854): Set 'AIF1DAC1 Volume'.0 to 96

V/audio_hw_primary( 1854): Set 'AIF1DAC1 Volume'.1 to 96

V/audio_hw_primary( 1854): Set 'AIF1 Boost Volume'.0 to 0

V/audio_hw_primary( 1854): Set 'DAC1 Volume'.0 to 96

V/audio_hw_primary( 1854): Set 'DAC1 Volume'.1 to 96

V/audio_hw_primary( 1854): Set 'Left Output Mixer DAC Volume'.0 to 7

V/audio_hw_primary( 1854): Set 'Right Output Mixer DAC Volume'.0 to 7

V/audio_hw_primary( 1854): Set 'Output Volume'.0 to 57

V/audio_hw_primary( 1854): Set 'Output Volume'.1 to 57

V/audio_hw_primary( 1854): Set 'LINEOUT2 Volume'.0 to 1

V/audio_hw_primary( 1854): Set 'LineoutSwitch Mode'.0 to 0

I/audio_hw_primary( 1854): Allocating device digital-dock

V/audio_hw_primary( 1854): Parsing control LINEOUT1N Switch => 1

V/audio_hw_primary( 1854): Parsing control LINEOUT1P Switch => 1

V/audio_hw_primary( 1854): Parsing control HDMI Switch => 1

V/audio_hw_primary( 1854): Parsing control AIF1DAC1 Volume => 96

V/audio_hw_primary( 1854): 4 element on sequence

V/audio_hw_primary( 1854): Parsing control LINEOUT1N Switch => 0

V/audio_hw_primary( 1854): Parsing control LINEOUT1P Switch => 0

V/audio_hw_primary( 1854): Parsing control HDMI Switch => 0

V/audio_hw_primary( 1854): Parsing control AIF1DAC1 Volume => 96

V/audio_hw_primary( 1854): Parsing control AIF1 Boost Volume => 0

V/audio_hw_primary( 1854): Parsing control DAC1 Volume => 96

V/audio_hw_primary( 1854): Parsing control SPKL DAC1 Volume => 1

V/audio_hw_primary( 1854): Parsing control SPKR DAC1 Volume => 1

V/audio_hw_primary( 1854): Parsing control Speaker Mixer Volume => 0

V/audio_hw_primary( 1854): Parsing control Speaker Boost Volume => 0

V/audio_hw_primary( 1854): 10 element off sequence

V/audio_hw_primary( 1854): Set 'LINEOUT1N Switch'.0 to 0

V/audio_hw_primary( 1854): Set 'LINEOUT1P Switch'.0 to 0

V/audio_hw_primary( 1854): Set 'HDMI Switch'.0 to 0

V/audio_hw_primary( 1854): Set 'AIF1DAC1 Volume'.0 to 96

V/audio_hw_primary( 1854): Set 'AIF1DAC1 Volume'.1 to 96

V/audio_hw_primary( 1854): Set 'AIF1 Boost Volume'.0 to 0

V/audio_hw_primary( 1854): Set 'DAC1 Volume'.0 to 96

V/audio_hw_primary( 1854): Set 'DAC1 Volume'.1 to 96

V/audio_hw_primary( 1854): Set 'SPKL DAC1 Volume'.0 to 1

V/audio_hw_primary( 1854): Set 'SPKR DAC1 Volume'.0 to 1

V/audio_hw_primary( 1854): Set 'Speaker Mixer Volume'.0 to 0

V/audio_hw_primary( 1854): Set 'Speaker Mixer Volume'.1 to 0

V/audio_hw_primary( 1854): Set 'Speaker Boost Volume'.0 to 0

V/audio_hw_primary( 1854): Set 'Speaker Boost Volume'.1 to 0

I/audio_hw_primary( 1854): Allocating device builtin-mic

V/audio_hw_primary( 1854): Parsing control Main Mic Switch => 1

V/audio_hw_primary( 1854): Parsing control MainMicBias Mode => 1

V/audio_hw_primary( 1854): Parsing control IN2L Volume => 28

V/audio_hw_primary( 1854): Parsing control MIXINL IN2L Switch => 1

V/audio_hw_primary( 1854): Parsing control MIXINL IN2L Volume => 1

V/audio_hw_primary( 1854): Parsing control AIF1ADCL Source => 0

V/audio_hw_primary( 1854): Parsing control AIF1ADC1 HPF Mode => 0

V/audio_hw_primary( 1854): Parsing control AIF1ADC1 HPF Switch => 1

V/audio_hw_primary( 1854): Parsing control AIF1ADC1 Volume => 96

V/audio_hw_primary( 1854): 9 element on sequence

V/audio_hw_primary( 1854): Parsing control Main Mic Switch => 0

V/audio_hw_primary( 1854): Parsing control MainMicBias Mode => 0

V/audio_hw_primary( 1854): Parsing control MIXINL IN2L Switch => 0

V/audio_hw_primary( 1854): Parsing control MIXINL IN2L Volume => 0

V/audio_hw_primary( 1854): Parsing control IN2L Volume => 4

V/audio_hw_primary( 1854): 5 element off sequence

V/audio_hw_primary( 1854): Set 'Main Mic Switch'.0 to 0

V/audio_hw_primary( 1854): Set 'MainMicBias Mode'.0 to 0

V/audio_hw_primary( 1854): Set 'MIXINL IN2L Switch'.0 to 0

V/audio_hw_primary( 1854): Set 'MIXINL IN2L Volume'.0 to 0

V/audio_hw_primary( 1854): Set 'IN2L Volume'.0 to 4

I/audio_hw_primary( 1854): Allocating device back-mic

V/audio_hw_primary( 1854): Parsing control Sub Mic Switch => 1

V/audio_hw_primary( 1854): Parsing control SubMicBias Mode => 1

V/audio_hw_primary( 1854): Parsing control IN1R Volume => 25

V/audio_hw_primary( 1854): Parsing control MIXINR IN1R Switch => 1

V/audio_hw_primary( 1854): Parsing control MIXINR IN1R Volume => 1

V/audio_hw_primary( 1854): Parsing control AIF1ADCR Source => 1

V/audio_hw_primary( 1854): Parsing control AIF1ADC1 HPF Mode => 1

V/audio_hw_primary( 1854): Parsing control AIF1ADC1 HPF Switch => 1

V/audio_hw_primary( 1854): Parsing control AIF1ADC1 Volume => 96

V/audio_hw_primary( 1854): 9 element on sequence

V/audio_hw_primary( 1854): Parsing control Sub Mic Switch => 0

V/audio_hw_primary( 1854): Parsing control SubMicBias Mode => 0

V/audio_hw_primary( 1854): Parsing control MIXINR IN1R Switch => 0

V/audio_hw_primary( 1854): Parsing control IN1R Volume => 11

V/audio_hw_primary( 1854): 4 element off sequence

V/audio_hw_primary( 1854): Set 'Sub Mic Switch'.0 to 0

V/audio_hw_primary( 1854): Set 'SubMicBias Mode'.0 to 0

V/audio_hw_primary( 1854): Set 'MIXINR IN1R Switch'.0 to 0

V/audio_hw_primary( 1854): Set 'IN1R Volume'.0 to 11

I/audio_hw_primary( 1854): Allocating device headset-in

V/audio_hw_primary( 1854): Parsing control MIXINL IN2L Switch => 0

V/audio_hw_primary( 1854): Parsing control Headset Mic Switch => 1

V/audio_hw_primary( 1854): Parsing control IN1L Volume => 24

V/audio_hw_primary( 1854): Parsing control MIXINL IN1L Switch => 1

V/audio_hw_primary( 1854): Parsing control MIXINL IN1L Volume => 0

V/audio_hw_primary( 1854): Parsing control AIF2ADC HPF Mode => 1

V/audio_hw_primary( 1854): Parsing control AIF2ADC HPF Switch => 1

V/audio_hw_primary( 1854): Parsing control AIF1ADC1 HPF Mode => 1

V/audio_hw_primary( 1854): Parsing control AIF1ADC1 HPF Switch => 1

V/audio_hw_primary( 1854): Parsing control AIF1ADC1 Volume => 96

V/audio_hw_primary( 1854): Parsing control AIF1ADCL Source => 0

V/audio_hw_primary( 1854): Parsing control AIF1ADCR Source => 0

V/audio_hw_primary( 1854): 12 element on sequence

V/audio_hw_primary( 1854): Parsing control Headset Mic Switch => 0

V/audio_hw_primary( 1854): Parsing control IN1L Volume => 11

V/audio_hw_primary( 1854): Parsing control MIXINL IN1L Switch => 0

V/audio_hw_primary( 1854): Parsing control MIXINL IN1L Volume => 0

V/audio_hw_primary( 1854): Parsing control AIF1ADC1 HPF Mode => 0

V/audio_hw_primary( 1854): Parsing control AIF1ADC1 HPF Switch => 0

V/audio_hw_primary( 1854): Parsing control AIF1ADC1 Volume => 96

V/audio_hw_primary( 1854): 7 element off sequence

V/audio_hw_primary( 1854): Set 'Headset Mic Switch'.0 to 0

V/audio_hw_primary( 1854): Set 'IN1L Volume'.0 to 11

V/audio_hw_primary( 1854): Set 'MIXINL IN1L Switch'.0 to 0

V/audio_hw_primary( 1854): Set 'MIXINL IN1L Volume'.0 to 0

V/audio_hw_primary( 1854): Set 'AIF1ADC1 HPF Mode'.0 to 0

V/audio_hw_primary( 1854): Set 'AIF1ADC1 HPF Switch'.0 to 0

V/audio_hw_primary( 1854): Set 'AIF1ADC1 HPF Switch'.1 to 0

V/audio_hw_primary( 1854): Set 'AIF1ADC1 Volume'.0 to 96

V/audio_hw_primary( 1854): Set 'AIF1ADC1 Volume'.1 to 96

I/audio_hw_primary( 1854): Allocating device sco-in

V/audio_hw_primary( 1854): Parsing control AIF2ADC Mux => 1

V/audio_hw_primary( 1854): Parsing control AIF2ADC HPF Mode => 3

V/audio_hw_primary( 1854): Parsing control AIF2ADC HPF Switch => 1

V/audio_hw_primary( 1854): Parsing control AIF1ADCL Source => 0

V/audio_hw_primary( 1854): Parsing control AIF1ADCR Source => 1

V/audio_hw_primary( 1854): Parsing control AIF1ADC1R Mixer AIF2 Switch => 1

V/audio_hw_primary( 1854): Parsing control AIF1ADC1L Mixer AIF2 Switch => 1

V/audio_hw_primary( 1854): Parsing control AIF1ADC1 Volume => 96

V/audio_hw_primary( 1854): Parsing control AIF2DAC Volume => 96

V/audio_hw_primary( 1854): 9 element on sequence

V/audio_hw_primary( 1854): Parsing control AIF2ADC Mux => 0

V/audio_hw_primary( 1854): Parsing control AIF1ADC1R Mixer AIF2 Switch => 0

V/audio_hw_primary( 1854): Parsing control AIF1ADC1L Mixer AIF2 Switch => 0

V/audio_hw_primary( 1854): Parsing control AIF1ADC1 Volume => 96

V/audio_hw_primary( 1854): Parsing control AIF2DAC Volume => 96

V/audio_hw_primary( 1854): 5 element off sequence

V/audio_hw_primary( 1854): Set 'AIF2ADC Mux'.0 to 0

V/audio_hw_primary( 1854): Set 'AIF1ADC1R Mixer AIF2 Switch'.0 to 0

V/audio_hw_primary( 1854): Set 'AIF1ADC1L Mixer AIF2 Switch'.0 to 0

V/audio_hw_primary( 1854): Set 'AIF1ADC1 Volume'.0 to 96

V/audio_hw_primary( 1854): Set 'AIF1ADC1 Volume'.1 to 96

V/audio_hw_primary( 1854): Set 'AIF2DAC Volume'.0 to 96

V/audio_hw_primary( 1854): Set 'AIF2DAC Volume'.1 to 96

V/audio_hw_primary( 1854): Parsing control DAC1L Mixer AIF1.1 Switch => 1

V/audio_hw_primary( 1854): Parsing control DAC1L Mixer AIF1.1 Switch => 1

V/audio_hw_primary( 1854): Applying 2 element default route

V/audio_hw_primary( 1854): Set 'DAC1L Mixer AIF1.1 Switch'.0 to 1

V/audio_hw_primary( 1854): Set 'DAC1L Mixer AIF1.1 Switch'.0 to 1

V/audio_hw_primary( 1854): Parsing control MIXINL Output Record Volume => 0

V/audio_hw_primary( 1854): Parsing control MIXINR Output Record Volume => 0

V/audio_hw_primary( 1854): Applying 2 element default route

V/audio_hw_primary( 1854): Set 'MIXINL Output Record Volume'.0 to 0

V/audio_hw_primary( 1854): Set 'MIXINR Output Record Volume'.0 to 0

V/audio_hw_primary( 1854): Changing output device 0 => 2

V/audio_hw_primary( 1854): Changing input device 0 => 4

V/audio_hw_primary( 1854): Set 'SPK Switch'.0 to 1

V/audio_hw_primary( 1854): Set 'AIF1DAC1 Volume'.0 to 96

V/audio_hw_primary( 1854): Set 'AIF1DAC1 Volume'.1 to 96

V/audio_hw_primary( 1854): Set 'AIF1 Boost Volume'.0 to 0

V/audio_hw_primary( 1854): Set 'DAC1 Volume'.0 to 96

V/audio_hw_primary( 1854): Set 'DAC1 Volume'.1 to 96

V/audio_hw_primary( 1854): Set 'SPKL DAC1 Volume'.0 to 1

V/audio_hw_primary( 1854): Set 'SPKR DAC1 Volume'.0 to 1

V/audio_hw_primary( 1854): Set 'Speaker Mixer Volume'.0 to 3

V/audio_hw_primary( 1854): Set 'Speaker Mixer Volume'.1 to 3

V/audio_hw_primary( 1854): Set 'Speaker Boost Volume'.0 to 4

V/audio_hw_primary( 1854): Set 'Speaker Boost Volume'.1 to 4

V/audio_hw_primary( 1854): Set 'Speaker Volume'.0 to 57

V/audio_hw_primary( 1854): Set 'Speaker Volume'.1 to 57

V/audio_hw_primary( 1854): Set 'AIF1DAC1 EQ Switch'.0 to 1

V/audio_hw_primary( 1854): Set 'AIF1DAC1 EQ1 Volume'.0 to 9

V/audio_hw_primary( 1854): Set 'AIF1DAC1 EQ2 Volume'.0 to 7

V/audio_hw_primary( 1854): Set 'AIF1DAC1 EQ3 Volume'.0 to 10

V/audio_hw_primary( 1854): Set 'AIF1DAC1 EQ4 Volume'.0 to 13

V/audio_hw_primary( 1854): Set 'AIF1DAC1 EQ5 Volume'.0 to 12

V/audio_hw_primary( 1854): Set 'HP Switch'.0 to 1

V/audio_hw_primary( 1854): Set 'Headphone Volume'.0 to 50

V/audio_hw_primary( 1854): Set 'Headphone Volume'.1 to 50

V/audio_hw_primary( 1854): Set 'Headphone ZC Switch'.0 to 0

V/audio_hw_primary( 1854): Set 'Headphone ZC Switch'.1 to 0

V/audio_hw_primary( 1854): Set 'AIF1DAC1 Volume'.0 to 96

V/audio_hw_primary( 1854): Set 'AIF1DAC1 Volume'.1 to 96

V/audio_hw_primary( 1854): Set 'AIF1 Boost Volume'.0 to 0

V/audio_hw_primary( 1854): Set 'DAC1 Volume'.0 to 96

V/audio_hw_primary( 1854): Set 'DAC1 Volume'.1 to 96

V/audio_hw_primary( 1854): Set 'Left Output Mixer DAC Volume'.0 to 7

V/audio_hw_primary( 1854): Set 'Right Output Mixer DAC Volume'.0 to 7

V/audio_hw_primary( 1854): Set 'AIF1DAC1 EQ Switch'.0 to 1

V/audio_hw_primary( 1854): Set 'AIF1DAC1 EQ1 Volume'.0 to 16

V/audio_hw_primary( 1854): Set 'AIF1DAC1 EQ2 Volume'.0 to 14

V/audio_hw_primary( 1854): Set 'AIF1DAC1 EQ3 Volume'.0 to 12

V/audio_hw_primary( 1854): Set 'AIF1DAC1 EQ4 Volume'.0 to 14

V/audio_hw_primary( 1854): Set 'AIF1DAC1 EQ5 Volume'.0 to 16

V/audio_hw_primary( 1854): Set 'Main Mic Switch'.0 to 1

D/dalvikvm( 2186): Ignoring duplicate verify attempt on Ljava/lang/Object;

D/dalvikvm( 2186): Ignoring duplicate verify attempt on Ljava/lang/Class;

V/audio_hw_primary( 1854): Set 'MainMicBias Mode'.0 to 1

V/audio_hw_primary( 1854): Set 'IN2L Volume'.0 to 28

V/audio_hw_primary( 1854): Set 'MIXINL IN2L Switch'.0 to 1

V/audio_hw_primary( 1854): Set 'MIXINL IN2L Volume'.0 to 1

V/audio_hw_primary( 1854): Set 'AIF1ADCL Source'.0 to 0

V/audio_hw_primary( 1854): Set 'AIF1ADC1 HPF Mode'.0 to 0

V/audio_hw_primary( 1854): Set 'AIF1ADC1 HPF Switch'.0 to 1

D/dalvikvm( 2186): Ignoring duplicate verify attempt on Ljava/lang/ref/Reference;

D/dalvikvm( 2186): Ignoring duplicate verify attempt on Ljava/lang/ref/ReferenceQueue;

V/audio_hw_primary( 1854): Set 'AIF1ADC1 HPF Switch'.1 to 1

V/audio_hw_primary( 1854): Set 'AIF1ADC1 Volume'.0 to 96

V/audio_hw_primary( 1854): Set 'AIF1ADC1 Volume'.1 to 96

I/AudioFlinger( 1854): loadHwModule() Loaded primary audio interface from M0 audio HW HAL (audio) handle 1

I/AudioFlinger( 1854): HAL output buffer size 1056 frames, normal mix buffer size 1056 frames

D/dalvikvm( 2186): Ignoring duplicate verify attempt on Ljava/lang/ref/FinalizerReference;

I/AudioMixer( 1854): found effect "Multichannel Downmix To Stereo" from The Android Open Source Project

I/AudioFlinger( 1854): Using module 1 has the primary audio interface

I/AudioFlinger( 1854): AudioFlinger's thread 0x419f8cb0 ready to run

W/AudioFlinger( 1854): Thread AudioOut_2 cannot connect to the power manager service

I/audio_a2dp_hw( 1854): adev_open:  adev_open in A2dp_hw module

I/AudioFlinger( 1854): loadHwModule() Loaded a2dp audio interface from A2DP Audio HW HAL (audio) handle 4

I/AudioFlinger( 1854): loadHwModule() Loaded usb audio interface from USB audio HW HAL (audio) handle 5

I/AudioPolicyService( 1854): Loaded audio policy from LEGACY Audio Policy HAL (audio_policy)

I/gpsd    ( 1860): connect: Connect_RILD failed. (4) Retry number : 1 

D/dalvikvm( 2186): DexOpt: load 46ms, verify+opt 640ms, 1615612 bytes

D/dalvikvm( 1852): DexOpt: --- END 'core.jar' (success) ---

D/dalvikvm( 1852): DEX prep '/system/framework/core.jar': unzip in 228ms, rewrite 935ms

D/dalvikvm( 1852): DexOpt: --- BEGIN 'core-junit.jar' (bootstrap=1) ---

D/dalvikvm( 2231): DexOpt: load 2ms, verify+opt 5ms, 140460 bytes

D/dalvikvm( 1852): DexOpt: --- END 'core-junit.jar' (success) ---

D/dalvikvm( 1852): DEX prep '/system/framework/core-junit.jar': unzip in 0ms, rewrite 29ms

D/dalvikvm( 1852): DexOpt: --- BEGIN 'bouncycastle.jar' (bootstrap=1) ---

D/dalvikvm( 2232): DexOpt: load 13ms, verify+opt 206ms, 670940 bytes

D/dalvikvm( 1852): DexOpt: --- END 'bouncycastle.jar' (success) ---

D/dalvikvm( 1852): DEX prep '/system/framework/bouncycastle.jar': unzip in 19ms, rewrite 339ms

D/dalvikvm( 1852): DexOpt: --- BEGIN 'ext.jar' (bootstrap=1) ---

I/gpsd    ( 1860): connect: Connect_RILD failed. (4) Retry number : 2 

D/dalvikvm( 2234): DexOpt: load 19ms, verify+opt 304ms, 940516 bytes

D/dalvikvm( 1852): DexOpt: --- END 'ext.jar' (success) ---

D/dalvikvm( 1852): DEX prep '/system/framework/ext.jar': unzip in 28ms, rewrite 462ms

D/dalvikvm( 1852): DexOpt: --- BEGIN 'framework.jar' (bootstrap=1) ---

D/dalvikvm( 2235): Note: class Landroid/app/ActivityManagerNative; has 157 unimplemented (abstract) methods

I/gpsd    ( 1860): connect: Connect_RILD failed. (4) Retry number : 3 

D/dalvikvm( 2235): Note: class Landroid/opengl/GLWrapperBase; has 250 unimplemented (abstract) methods

I/gpsd    ( 1860): connect: Connect_RILD failed. (4) Retry number : 4 

I/gpsd    ( 1860): connect: Connect_RILD failed. (4) Retry number : 5 

D/dalvikvm( 2235): DexOpt: load 237ms, verify+opt 2064ms, 5414244 bytes

D/dalvikvm( 1852): DexOpt: --- END 'framework.jar' (success) ---

D/dalvikvm( 1852): DEX prep '/system/framework/framework.jar': unzip in 190ms, rewrite 3085ms

D/dalvikvm( 1852): DexOpt: --- BEGIN 'telephony-common.jar' (bootstrap=1) ---

D/dalvikvm( 2242): Note: class Landroid/app/ActivityManagerNative; has 157 unimplemented (abstract) methods

I/gpsd    ( 1860): connect: Connect_RILD failed. (4) Retry number : 6 

D/dalvikvm( 2242): DexOpt: load 52ms, verify+opt 319ms, 1050932 bytes

D/dalvikvm( 1852): DexOpt: --- END 'telephony-common.jar' (success) ---

D/dalvikvm( 1852): DEX prep '/system/framework/telephony-common.jar': unzip in 90ms, rewrite 539ms

D/dalvikvm( 1852): DexOpt: --- BEGIN 'mms-common.jar' (bootstrap=1) ---

D/dalvikvm( 2243): DexOpt: load 3ms, verify+opt 36ms, 220908 bytes

D/dalvikvm( 1852): DexOpt: --- END 'mms-common.jar' (success) ---

D/dalvikvm( 1852): DEX prep '/system/framework/mms-common.jar': unzip in 2ms, rewrite 89ms

D/dalvikvm( 1852): DexOpt: --- BEGIN 'android.policy.jar' (bootstrap=1) ---

D/dalvikvm( 2244): Note: class Landroid/app/ActivityManagerNative; has 157 unimplemented (abstract) methods

D/dalvikvm( 2244): DexOpt: load 49ms, verify+opt 184ms, 1325884 bytes

D/dalvikvm( 1852): DexOpt: --- END 'android.policy.jar' (success) ---

D/dalvikvm( 1852): DEX prep '/system/framework/android.policy.jar': unzip in 14ms, rewrite 336ms

D/dalvikvm( 1852): DexOpt: --- BEGIN 'services.jar' (bootstrap=1) ---

D/dalvikvm( 2245): Note: class Landroid/app/ActivityManagerNative; has 157 unimplemented (abstract) methods

I/gpsd    ( 1860): connect: Connect_RILD failed. (4) Retry number : 7 

D/dalvikvm( 2245): DexOpt: load 45ms, verify+opt 791ms, 2216884 bytes

D/dalvikvm( 1852): DexOpt: --- END 'services.jar' (success) ---

D/dalvikvm( 1852): DEX prep '/system/framework/services.jar': unzip in 57ms, rewrite 1056ms

D/dalvikvm( 1852): DexOpt: --- BEGIN 'apache-xml.jar' (bootstrap=1) ---

I/gpsd    ( 1860): connect: Connect_RILD failed. (4) Retry number : 8 

D/dalvikvm( 2246): DexOpt: load 28ms, verify+opt 235ms, 836756 bytes

D/dalvikvm( 1852): DexOpt: --- END 'apache-xml.jar' (success) ---

D/dalvikvm( 1852): DEX prep '/system/framework/apache-xml.jar': unzip in 27ms, rewrite 394ms

D/dalvikvm( 1852): Trying to load lib libjavacore.so 0x0

D/dalvikvm( 1852): Added shared lib libjavacore.so 0x0

D/dalvikvm( 1852): Trying to load lib libnativehelper.so 0x0

D/dalvikvm( 1852): Added shared lib libnativehelper.so 0x0

I/SamplingProfilerIntegration( 1852): Profiling disabled.

I/Zygote  ( 1852): Preloading classes...

D/dalvikvm( 1852): GC_EXPLICIT freed 36K, 9% free 427K/468K, paused 0ms+0ms, total 2ms

D/dalvikvm( 1852): GC_EXPLICIT freed 4K, 5% free 497K/520K, paused 0ms+0ms, total 2ms

D/dalvikvm( 1852): Note: class Landroid/app/ActivityManagerNative; has 157 unimplemented (abstract) methods

D/dalvikvm( 1852): GC_EXPLICIT freed 21K, 5% free 536K/564K, paused 0ms+1ms, total 3ms

D/dalvikvm( 1852): GC_EXPLICIT freed 26K, 6% free 565K/596K, paused 0ms+1ms, total 2ms

W/Zygote  ( 1852): Class not found for preloading: android.bluetooth.BluetoothAudioGateway

W/Zygote  ( 1852): Class not found for preloading: android.bluetooth.HeadsetBase

W/Zygote  ( 1852): Class not found for preloading: undroid.content.AbstractThreadedSyncAdapter$SyncThread

D/dalvikvm( 1852): GC_EXPLICIT freed 24K, 5% free 615K/644K, paused 1ms+0ms, total 3ms

D/dalvikvm( 1852): GC_EXPLICIT freed 25K, 5% free 643K/672K, paused 0ms+0ms, total 2ms

D/dalvikvm( 1852): GC_EXPLICIT freed 60K, 9% free 734K/800K, paused 0ms+0ms, total 2ms

D/dalvikvm( 1852): GC_EXPLICIT freed 31K, 5% free 760K/800K, paused 0ms+1ms, total 3ms

D/TextLayoutCache( 1852): Using debug level = 0 - Debug Enabled = 0

I/dalvikvm( 1852): threadid=1: recursive native library load attempt (/system/lib/libmedia_jni.so)

D/MtpDeviceJNI( 1852): register_android_mtp_MtpDevice

I/dalvikvm( 1852): threadid=1: recursive native library load attempt (/system/lib/libmedia_jni.so)

I/dalvikvm( 1852): threadid=1: recursive native library load attempt (/system/lib/libmedia_jni.so)

D/dalvikvm( 1852): GC_EXPLICIT freed 23K, 4% free 802K/828K, paused 1ms+0ms, total 5ms

D/dalvikvm( 1852): GC_EXPLICIT freed 15K, 3% free 845K/864K, paused 1ms+0ms, total 4ms

D/dalvikvm( 1852): GC_EXPLICIT freed 474K, 28% free 1278K/1756K, paused 0ms+0ms, total 7ms

D/dalvikvm( 1852): GC_EXPLICIT freed 30K, 26% free 1303K/1756K, paused 0ms+0ms, total 5ms

D/dalvikvm( 1852): GC_EXPLICIT freed 12K, 22% free 1377K/1756K, paused 0ms+0ms, total 6ms

I/gpsd    ( 1860): connect: Connect_RILD failed. (4) Retry number : 9 

W/Zygote  ( 1852): Class not found for preloading: android.server.BluetoothA2dpService

W/Zygote  ( 1852): Class not found for preloading: android.server.BluetoothEventLoop

W/Zygote  ( 1852): Class not found for preloading: android.server.BluetoothService

D/TelephonyManager( 1852): No /proc/cmdline exception=java.io.FileNotFoundException: /proc/cmdline: open failed: EACCES (Permission denied)

D/TelephonyManager( 1852): /proc/cmdline=

D/dalvikvm( 1852): GC_EXPLICIT freed 29K, 18% free 1440K/1756K, paused 1ms+1ms, total 8ms

D/dalvikvm( 1852): GC_EXPLICIT freed 48K, 3% free 1723K/1772K, paused 0ms+0ms, total 12ms

W/Zygote  ( 1852): Class not found for preloading: android.util.LocaleUtil

D/dalvikvm( 1852): GC_EXPLICIT freed 35K, 3% free 1755K/1800K, paused 1ms+1ms, total 12ms

D/dalvikvm( 1852): GC_EXPLICIT freed 31K, 2% free 1778K/1812K, paused 0ms+1ms, total 11ms

W/Zygote  ( 1852): Class not found for preloading: android.view.ViewRootImpl$ResizedInfo

W/Zygote  ( 1852): Class not found for preloading: android.view.Window$LocalWindowManager

W/Zygote  ( 1852): Class not found for preloading: android.view.WindowManagerImpl$CompatModeWrapper

D/dalvikvm( 1852): GC_EXPLICIT freed 30K, 2% free 1801K/1836K, paused 1ms+1ms, total 12ms

I/dalvikvm( 1852): threadid=1: recursive native library load attempt (/system/lib/libwebcore.so)

D/dalvikvm( 1852): No JNI_OnLoad found in /system/lib/libchromium_net.so 0x0, skipping init

D/dalvikvm( 1852): GC_EXPLICIT freed 20K, 2% free 1834K/1860K, paused 1ms+1ms, total 11ms

D/dalvikvm( 1852): GC_EXPLICIT freed 26K, 2% free 1862K/1892K, paused 1ms+0ms, total 11ms

D/dalvikvm( 1852): GC_EXPLICIT freed 30K, 2% free 1893K/1928K, paused 0ms+0ms, total 12ms

D/dalvikvm( 1852): GC_EXPLICIT freed 26K, 2% free 1920K/1952K, paused 1ms+1ms, total 13ms

D/dalvikvm( 1852): GC_EXPLICIT freed 31K, 2% free 1943K/1976K, paused 1ms+1ms, total 11ms

D/dalvikvm( 1852): GC_EXPLICIT freed 28K, 2% free 1970K/2000K, paused 0ms+1ms, total 9ms

D/dalvikvm( 1852): GC_EXPLICIT freed 29K, 2% free 1996K/2028K, paused 0ms+0ms, total 8ms

