--------- beginning of /dev/log/main

I/installd( 1856): installd firing up

I/DEBUG   ( 1849): debuggerd: May 22 2013 02:49:39

--------- beginning of /dev/log/system

I/Vold    ( 1846): Vold 2.1 (the revenge) firing up

D/Vold    ( 1846): Volume sdcard1 state changing -1 (Initializing) -> 0 (No-Media)

D/Vold    ( 1846): Volume usbdisk0 state changing -1 (Initializing) -> 0 (No-Media)

I/Netd    ( 1848): Netd 1.0 starting

W/InterfaceController( 1848): Error (Symbol not found: ) while searching for the interface command fini function

D/Vold    ( 1846): Volume sdcard1 state changing 0 (No-Media) -> 2 (Pending)

D/macloader( 1859): Deleting file /data/.cid.info

D/DirectVolume( 1846): DirectVolume::handlePartitionAdded -> MAJOR 179, MINOR 49, PARTN 1

D/Vold    ( 1846): Volume sdcard1 state changing 2 (Pending) -> 1 (Idle-Unmounted)

I/SurfaceFlinger( 1851): SurfaceFlinger is starting

I/SurfaceFlinger( 1851): use dithering

I/SurfaceFlinger( 1851): SurfaceFlinger's main thread ready to run. Initializing graphics H/W...

D/gpsd    ( 1860): main()

D/gpsd    ( 1860): argv[0] = '/system/bin/gpsd'

D/gpsd    ( 1860): argv[1] = '-c'

D/gpsd    ( 1860): argv[2] = '/system/etc/gps.xml'

D/gpsd    ( 1860): onRilCustomConfig(Test for unsupported parameters, )

D/gpsd    ( 1860): onRilCustomConfig(FactoryTestFilePath, /data/)

D/gpsd    ( 1860): onRilCustomConfig(TISEnabled, true)

D/gpsd    ( 1860): onRilCustomConfig(LPmode, false)

D/gpsd    ( 1860): onRilCustomConfig(cp-cold-start, false)

D/gpsd    ( 1860): onRilCustomConfig(cp-guard-time-sec, 1)

D/gpsd    ( 1860): Create : called

I/gpsd    ( 1860): RildClient : called

D/gpsd    ( 1860): RildClientSamsung : called

I/gpsd    ( 1860): start : called

D/gpsd    ( 1860): onRegisterModules : called

I/gpsd    ( 1860): RildClientModule : called

D/gpsd    ( 1860): RildClientModuleFreqSync : called

I/gpsd    ( 1860): RildClientModuleFreqSyncSamsung : called

D/gpsd    ( 1860): registerModule : pModule = 0x130ad58

D/gpsd    ( 1860): onRegisterModule : called

I/gpsd    ( 1860): RildClientModule : called

D/gpsd    ( 1860): RildClientModuleControlPlane : called

D/gpsd    ( 1860): RildClientModuleControlPlaneSamsung : called

D/gpsd    ( 1860): registerModule : pModule = 0x130ad80

D/gpsd    ( 1860): onRegisterModule : called

D/gpsd    ( 1860): onStart : called

D/gpsd    ( 1860): SecRildClient : called

D/gpsd    ( 1860): initialize : called

D/gpsd    ( 1860): connect : called

I/gpsd    ( 1860): connect: Connect_RILD failed. (4) Retry number : 0 

D/libEGL  ( 1851): loaded /system/lib/egl/libEGL_mali.so

D/libEGL  ( 1851): loaded /system/lib/egl/libGLESv1_CM_mali.so

D/libEGL  ( 1851): loaded /system/lib/egl/libGLESv2_mali.so

E/        ( 1851): Device driver API match

E/        ( 1851): Device driver API version: 17

E/        ( 1851): User space API version: 17 

E/        ( 1851): mali: REVISION=Linux-r3p1-01rel1 BUILD_DATE=Mon May  6 11:20:56 KST 2013 

I/gralloc ( 1851): using (fd=21)

I/gralloc ( 1851): id           = s3cfb

I/gralloc ( 1851): xres         = 720 px

I/gralloc ( 1851): yres         = 1280 px

I/gralloc ( 1851): xres_virtual = 720 px

I/gralloc ( 1851): yres_virtual = 2560 px

I/gralloc ( 1851): bpp          = 32

I/gralloc ( 1851): r            = 16:8

I/gralloc ( 1851): g            =  8:8

I/gralloc ( 1851): b            =  0:8

I/gralloc ( 1851): width        = 69 mm (265.043488 dpi)

I/gralloc ( 1851): height       = 123 mm (264.325195 dpi)

I/gralloc ( 1851): refresh rate = 58.30 Hz

I/SurfaceFlinger( 1851): Using composer version 1.0

W/SurfaceFlinger( 1851): getting VSYNC period from fb HAL: 17152364

W/SurfaceFlinger( 1851): no suitable EGLConfig found, trying without EGL_FRAMEBUFFER_TARGET_ANDROID

E/Trace   ( 1851): error opening trace file: No such file or directory (2)

W/SurfaceFlinger( 1851): WARNING: EventThread not started, ignoring vsync

I/SurfaceFlinger( 1851): EGL informations:

I/SurfaceFlinger( 1851): vendor    : Android

I/SurfaceFlinger( 1851): version   : 1.4 Android META-EGL

I/SurfaceFlinger( 1851): extensions: EGL_KHR_image EGL_KHR_image_base EGL_KHR_image_pixmap EGL_KHR_gl_texture_2D_image EGL_KHR_gl_texture_cubemap_image EGL_KHR_gl_renderbuffer_image EGL_KHR_fence_sync EGL_ANDROID_image_native_buffer 

I/SurfaceFlinger( 1851): Client API: OpenGL_ES

I/SurfaceFlinger( 1851): EGLSurface: 8-8-8-8, config=0x60000014

I/SurfaceFlinger( 1851): OpenGL ES informations:

I/SurfaceFlinger( 1851): vendor    : ARM

I/SurfaceFlinger( 1851): renderer  : Mali-400 MP

I/SurfaceFlinger( 1851): version   : OpenGL ES-CM 1.1

I/SurfaceFlinger( 1851): extensions: GL_EXT_debug_marker GL_OES_byte_coordinates GL_OES_fixed_point GL_OES_single_precision GL_OES_matrix_get GL_OES_read_format GL_OES_compressed_paletted_texture GL_OES_point_size_array GL_OES_point_sprite GL_OES_texture_npot GL_OES_query_matrix GL_OES_matrix_palette GL_OES_extended_matrix_palette GL_OES_compressed_ETC1_RGB8_texture GL_OES_EGL_image GL_OES_draw_texture GL_OES_depth_texture GL_OES_packed_depth_stencil GL_EXT_texture_format_BGRA8888 GL_OES_framebuffer_object GL_OES_stencil8 GL_OES_depth24 GL_ARM_rgba8 GL_OES_EGL_image_external GL_OES_EGL_sync GL_OES_rgb8_rgba8 GL_EXT_multisampled_render_to_texture GL_OES_texture_cube_map GL_EXT_discard_framebuffer GL_EXT_robustness 

I/SurfaceFlinger( 1851): GL_MAX_TEXTURE_SIZE = 4096

I/SurfaceFlinger( 1851): GL_MAX_VIEWPORT_DIMS = 4096 x 4096

D/SurfaceFlinger( 1851): Screen acquired, type=0 flinger=0x408f8318

D/AndroidRuntime( 1852): 

D/AndroidRuntime( 1852): >>>>>> AndroidRuntime START com.android.internal.os.ZygoteInit <<<<<<

D/AndroidRuntime( 1852): CheckJNI is OFF

D/libEGL  ( 2069): loaded /system/lib/egl/libEGL_mali.so

D/libEGL  ( 2069): loaded /system/lib/egl/libGLESv1_CM_mali.so

D/libEGL  ( 2069): loaded /system/lib/egl/libGLESv2_mali.so

E/        ( 2069): Device driver API match

E/        ( 2069): Device driver API version: 17

E/        ( 2069): User space API version: 17 

E/        ( 2069): mali: REVISION=Linux-r3p1-01rel1 BUILD_DATE=Mon May  6 11:20:56 KST 2013 

E/Trace   ( 2069): error opening trace file: No such file or directory (2)

I/mediaserver( 1855): ServiceManager: 0x40feae70

D/SecTVOutService( 1855): SecTVOutService instantiate

E/        ( 1855): fb_open: fb[0] open failed

E/        ( 1855): bool android::SecHdmi::create(int, int):Failed to open default FB

E/SecTVOutService( 1855): android::SecTVOutService::SecTVOutService()::mSecHdmi.create() fail 

D/SecTVOutService( 1855): SecTVOutService r=0

I/AudioFlinger( 1855): Using default 3000 mSec as standby time.

I/CameraService( 1855): CameraService started (pid=1855)

V/CameraWrapper( 1855): camera_get_number_of_cameras

V/CameraWrapper( 1855): check_vendor_module

D/SecCameraHardware( 1855): LSIHAL int android::HAL_getNumberOfCameras()

I/AudioPolicyManagerBase( 1855): loadAudioPolicyConfig() loaded /system/etc/audio_policy.conf

V/audio_hw_primary( 1855): Reading configuration from /system/etc/sound/t03g

V/audio_hw_primary( 1855): Parsing control AIF2DACL Source => 0

V/audio_hw_primary( 1855): Parsing control AIF2DACR Source => 0

V/audio_hw_primary( 1855): Parsing control AIF2ADCL Source => 0

V/audio_hw_primary( 1855): Parsing control AIF2ADCR Source => 1

V/audio_hw_primary( 1855): Parsing control IN1L ZC Switch => 0

V/audio_hw_primary( 1855): Parsing control IN1R ZC Switch => 0

V/audio_hw_primary( 1855): Parsing control IN2L ZC Switch => 0

V/audio_hw_primary( 1855): Parsing control IN2R ZC Switch => 0

V/audio_hw_primary( 1855): Parsing control Output ZC Switch => 0

V/audio_hw_primary( 1855): Parsing control Speaker ZC Switch => 0

V/audio_hw_primary( 1855): Parsing control Headphone ZC Switch => 0

V/audio_hw_primary( 1855): Parsing control DAC1L Mixer AIF1.1 Switch => 1

V/audio_hw_primary( 1855): Parsing control DAC1R Mixer AIF1.1 Switch => 1

V/audio_hw_primary( 1855): Parsing control DAC1 Switch => 1

V/audio_hw_primary( 1855): Parsing control AIF2DAC2L Mixer Left Sidetone Switch => 1

V/audio_hw_primary( 1855): Parsing control AIF2DAC2L Mixer Right Sidetone Switch => 0

V/audio_hw_primary( 1855): Parsing control AIF2DAC2R Mixer Left Sidetone Switch => 0

V/audio_hw_primary( 1855): Parsing control AIF2DAC2R Mixer Right Sidetone Switch => 1

V/audio_hw_primary( 1855): Parsing control DAC2 Left Sidetone Volume => 12

V/audio_hw_primary( 1855): Parsing control DAC2 Right Sidetone Volume => 12

V/audio_hw_primary( 1855): Parsing control DAC2 Switch => 1

V/audio_hw_primary( 1855): Parsing control Left Headphone Mux => Mixer

V/audio_hw_primary( 1855): Parsing control Right Headphone Mux => Mixer

V/audio_hw_primary( 1855): Parsing control SPKL DAC1 Switch => 1

V/audio_hw_primary( 1855): Parsing control SPKR DAC1 Switch => 1

V/audio_hw_primary( 1855): Parsing control SPKL Boost SPKL Switch => 1

V/audio_hw_primary( 1855): Parsing control SPKL Boost SPKR Switch => 1

V/audio_hw_primary( 1855): Parsing control SPKR Boost SPKL Switch => 0

V/audio_hw_primary( 1855): Parsing control SPKR Boost SPKR Switch => 0

V/audio_hw_primary( 1855): Parsing control Speaker Mixer Volume => 3

V/audio_hw_primary( 1855): Parsing control Left Output Mixer DAC Switch => 1

V/audio_hw_primary( 1855): Parsing control Right Output Mixer DAC Switch => 1

V/audio_hw_primary( 1855): Parsing control Earpiece Mixer Left Output Switch => 1

V/audio_hw_primary( 1855): Parsing control Earpiece Mixer Right Output Switch => 1

V/audio_hw_primary( 1855): Parsing control Earpiece Switch => 1

V/audio_hw_primary( 1855): Parsing control LINEOUT2N Mixer Left Output Switch => 1

V/audio_hw_primary( 1855): Parsing control LINEOUT2P Mixer Right Output Switch => 1

V/audio_hw_primary( 1855): Parsing control LINEOUT1N Mixer Right Output Switch => 1

V/audio_hw_primary( 1855): Parsing control LINEOUT1P Mixer Left Output Switch => 1

V/audio_hw_primary( 1855): Parsing control AIF1ADC1L Mixer ADC/DMIC Switch => 1

V/audio_hw_primary( 1855): Parsing control AIF1ADC1R Mixer ADC/DMIC Switch => 1

V/audio_hw_primary( 1855): Parsing control IN1L PGA IN1LP Switch => 1

V/audio_hw_primary( 1855): Parsing control IN1L PGA IN1LN Switch => 1

V/audio_hw_primary( 1855): Parsing control MIXINL IN1L Volume => 1

V/audio_hw_primary( 1855): Parsing control IN1L Switch => 1

V/audio_hw_primary( 1855): Parsing control IN1R PGA IN1RP Switch => 1

V/audio_hw_primary( 1855): Parsing control IN1R PGA IN1RN Switch => 1

V/audio_hw_primary( 1855): Parsing control MIXINR IN1R Volume => 1

V/audio_hw_primary( 1855): Parsing control IN1R Switch => 1

V/audio_hw_primary( 1855): Parsing control IN2R PGA IN2RP Switch => 1

V/audio_hw_primary( 1855): Parsing control IN2R PGA IN2RN Switch => 1

V/audio_hw_primary( 1855): Parsing control MIXINR IN2R Volume => 1

V/audio_hw_primary( 1855): Parsing control IN2R Switch => 1

V/audio_hw_primary( 1855): Parsing control IN2L PGA IN2LP Switch => 1

V/audio_hw_primary( 1855): Parsing control IN2L PGA IN2LN Switch => 1

V/audio_hw_primary( 1855): Parsing control MIXINL IN2L Volume => 1

V/audio_hw_primary( 1855): Parsing control IN2L Switch => 1

V/audio_hw_primary( 1855): Parsing control AIF1ADC1L Mixer ADC/DMIC Switch => 1

V/audio_hw_primary( 1855): Parsing control AIF1ADC1R Mixer ADC/DMIC Switch => 1

V/audio_hw_primary( 1855): Parsing control ADCL Mux => ADC

V/audio_hw_primary( 1855): Parsing control Sidetone HPF Switch => 0

V/audio_hw_primary( 1855): Parsing control ADCL Mux => DMIC

V/audio_hw_primary( 1855): Parsing control ADCL Mux => ADC

V/audio_hw_primary( 1855): Parsing control ADCR Mux => DMIC

V/audio_hw_primary( 1855): Parsing control ADCR Mux => ADC

V/audio_hw_primary( 1855): Parsing control AIF3ADC Mux => 1

V/audio_hw_primary( 1855): Parsing control HP Switch => 0

V/audio_hw_primary( 1855): Parsing control SPK Switch => 0

V/audio_hw_primary( 1855): Parsing control RCV Switch => 0

V/audio_hw_primary( 1855): Parsing control LINE Switch => 0

V/audio_hw_primary( 1855): Parsing control HDMI Switch => 0

V/audio_hw_primary( 1855): Parsing control Main Mic Switch => 0

V/audio_hw_primary( 1855): Parsing control Sub Mic Switch => 0

V/audio_hw_primary( 1855): Parsing control Headset Mic Switch => 0

V/audio_hw_primary( 1855): Parsing control FM In Switch => 0

V/audio_hw_primary( 1855): Applying 75 element default route

V/audio_hw_primary( 1855): Set 'AIF2DACL Source'.0 to 0

V/audio_hw_primary( 1855): Set 'AIF2DACR Source'.0 to 0

V/audio_hw_primary( 1855): Set 'AIF2ADCL Source'.0 to 0

V/audio_hw_primary( 1855): Set 'AIF2ADCR Source'.0 to 1

V/audio_hw_primary( 1855): Set 'IN1L ZC Switch'.0 to 0

V/audio_hw_primary( 1855): Set 'IN1R ZC Switch'.0 to 0

V/audio_hw_primary( 1855): Set 'IN2L ZC Switch'.0 to 0

V/audio_hw_primary( 1855): Set 'IN2R ZC Switch'.0 to 0

V/audio_hw_primary( 1855): Set 'Output ZC Switch'.0 to 0

V/audio_hw_primary( 1855): Set 'Output ZC Switch'.1 to 0

V/audio_hw_primary( 1855): Set 'Speaker ZC Switch'.0 to 0

V/audio_hw_primary( 1855): Set 'Speaker ZC Switch'.1 to 0

V/audio_hw_primary( 1855): Set 'Headphone ZC Switch'.0 to 0

V/audio_hw_primary( 1855): Set 'Headphone ZC Switch'.1 to 0

V/audio_hw_primary( 1855): Set 'DAC1L Mixer AIF1.1 Switch'.0 to 1

V/audio_hw_primary( 1855): Set 'DAC1R Mixer AIF1.1 Switch'.0 to 1

V/audio_hw_primary( 1855): Set 'DAC1 Switch'.0 to 1

V/audio_hw_primary( 1855): Set 'DAC1 Switch'.1 to 1

V/audio_hw_primary( 1855): Set 'AIF2DAC2L Mixer Left Sidetone Switch'.0 to 1

V/audio_hw_primary( 1855): Set 'AIF2DAC2L Mixer Right Sidetone Switch'.0 to 0

V/audio_hw_primary( 1855): Set 'AIF2DAC2R Mixer Left Sidetone Switch'.0 to 0

V/audio_hw_primary( 1855): Set 'AIF2DAC2R Mixer Right Sidetone Switch'.0 to 1

V/audio_hw_primary( 1855): Set 'DAC2 Left Sidetone Volume'.0 to 12

V/audio_hw_primary( 1855): Set 'DAC2 Right Sidetone Volume'.0 to 12

V/audio_hw_primary( 1855): Set 'DAC2 Switch'.0 to 1

V/audio_hw_primary( 1855): Set 'DAC2 Switch'.1 to 1

V/audio_hw_primary( 1855): Set 'Left Headphone Mux' to 'Mixer'

V/audio_hw_primary( 1855): Set 'Right Headphone Mux' to 'Mixer'

V/audio_hw_primary( 1855): Set 'SPKL DAC1 Switch'.0 to 1

V/audio_hw_primary( 1855): Set 'SPKR DAC1 Switch'.0 to 1

V/audio_hw_primary( 1855): Set 'SPKL Boost SPKL Switch'.0 to 1

V/audio_hw_primary( 1855): Set 'SPKL Boost SPKR Switch'.0 to 1

V/audio_hw_primary( 1855): Set 'SPKR Boost SPKL Switch'.0 to 0

V/audio_hw_primary( 1855): Set 'SPKR Boost SPKR Switch'.0 to 0

V/audio_hw_primary( 1855): Set 'Speaker Mixer Volume'.0 to 3

V/audio_hw_primary( 1855): Set 'Speaker Mixer Volume'.1 to 3

V/audio_hw_primary( 1855): Set 'Left Output Mixer DAC Switch'.0 to 1

V/audio_hw_primary( 1855): Set 'Right Output Mixer DAC Switch'.0 to 1

V/audio_hw_primary( 1855): Set 'Earpiece Mixer Left Output Switch'.0 to 1

V/audio_hw_primary( 1855): Set 'Earpiece Mixer Right Output Switch'.0 to 1

V/audio_hw_primary( 1855): Set 'Earpiece Switch'.0 to 1

V/audio_hw_primary( 1855): Set 'LINEOUT2N Mixer Left Output Switch'.0 to 1

V/audio_hw_primary( 1855): Set 'LINEOUT2P Mixer Right Output Switch'.0 to 1

V/audio_hw_primary( 1855): Set 'LINEOUT1N Mixer Right Output Switch'.0 to 1

V/audio_hw_primary( 1855): Set 'LINEOUT1P Mixer Left Output Switch'.0 to 1

V/audio_hw_primary( 1855): Set 'AIF1ADC1L Mixer ADC/DMIC Switch'.0 to 1

V/audio_hw_primary( 1855): Set 'AIF1ADC1R Mixer ADC/DMIC Switch'.0 to 1

V/audio_hw_primary( 1855): Set 'IN1L PGA IN1LP Switch'.0 to 1

V/audio_hw_primary( 1855): Set 'IN1L PGA IN1LN Switch'.0 to 1

V/audio_hw_primary( 1855): Set 'MIXINL IN1L Volume'.0 to 1

V/audio_hw_primary( 1855): Set 'IN1L Switch'.0 to 1

V/audio_hw_primary( 1855): Set 'IN1R PGA IN1RP Switch'.0 to 1

V/audio_hw_primary( 1855): Set 'IN1R PGA IN1RN Switch'.0 to 1

V/audio_hw_primary( 1855): Set 'MIXINR IN1R Volume'.0 to 1

V/audio_hw_primary( 1855): Set 'IN1R Switch'.0 to 1

V/audio_hw_primary( 1855): Set 'IN2R PGA IN2RP Switch'.0 to 1

V/audio_hw_primary( 1855): Set 'IN2R PGA IN2RN Switch'.0 to 1

V/audio_hw_primary( 1855): Set 'MIXINR IN2R Volume'.0 to 1

V/audio_hw_primary( 1855): Set 'IN2R Switch'.0 to 1

V/audio_hw_primary( 1855): Set 'IN2L PGA IN2LP Switch'.0 to 1

V/audio_hw_primary( 1855): Set 'IN2L PGA IN2LN Switch'.0 to 1

V/audio_hw_primary( 1855): Set 'MIXINL IN2L Volume'.0 to 1

V/audio_hw_primary( 1855): Set 'IN2L Switch'.0 to 1

V/audio_hw_primary( 1855): Set 'AIF1ADC1L Mixer ADC/DMIC Switch'.0 to 1

V/audio_hw_primary( 1855): Set 'AIF1ADC1R Mixer ADC/DMIC Switch'.0 to 1

V/audio_hw_primary( 1855): Set 'ADCL Mux' to 'ADC'

V/audio_hw_primary( 1855): Set 'Sidetone HPF Switch'.0 to 0

V/audio_hw_primary( 1855): Set 'ADCL Mux' to 'DMIC'

V/audio_hw_primary( 1855): Set 'ADCL Mux' to 'ADC'

V/audio_hw_primary( 1855): Set 'ADCR Mux' to 'DMIC'

V/audio_hw_primary( 1855): Set 'ADCR Mux' to 'ADC'

V/audio_hw_primary( 1855): Set 'AIF3ADC Mux'.0 to 1

V/audio_hw_primary( 1855): Set 'HP Switch'.0 to 0

V/audio_hw_primary( 1855): Set 'SPK Switch'.0 to 0

V/audio_hw_primary( 1855): Set 'RCV Switch'.0 to 0

D/dalvikvm( 1852): Trying to load lib libjavacore.so 0x0

V/audio_hw_primary( 1855): Set 'LINE Switch'.0 to 0

V/audio_hw_primary( 1855): Set 'HDMI Switch'.0 to 0

V/audio_hw_primary( 1855): Set 'Main Mic Switch'.0 to 0

V/audio_hw_primary( 1855): Set 'Sub Mic Switch'.0 to 0

V/audio_hw_primary( 1855): Set 'Headset Mic Switch'.0 to 0

V/audio_hw_primary( 1855): Set 'FM In Switch'.0 to 0

I/audio_hw_primary( 1855): Allocating device speaker

V/audio_hw_primary( 1855): Parsing control SPK Switch => 1

V/audio_hw_primary( 1855): Parsing control AIF1DAC1 Volume => 96

V/audio_hw_primary( 1855): Parsing control AIF1 Boost Volume => 0

V/audio_hw_primary( 1855): Parsing control DAC1 Volume => 96

V/audio_hw_primary( 1855): Parsing control SPKL DAC1 Volume => 1

V/audio_hw_primary( 1855): Parsing control SPKR DAC1 Volume => 1

V/audio_hw_primary( 1855): Parsing control Speaker Mixer Volume => 3

V/audio_hw_primary( 1855): Parsing control Speaker Boost Volume => 4

V/audio_hw_primary( 1855): Parsing control Speaker Volume => 57

V/audio_hw_primary( 1855): Parsing control AIF1DAC1 EQ Switch => 1

V/audio_hw_primary( 1855): Parsing control AIF1DAC1 EQ1 Volume => 9

V/audio_hw_primary( 1855): Parsing control AIF1DAC1 EQ2 Volume => 7

V/audio_hw_primary( 1855): Parsing control AIF1DAC1 EQ3 Volume => 10

V/audio_hw_primary( 1855): Parsing control AIF1DAC1 EQ4 Volume => 13

V/audio_hw_primary( 1855): Parsing control AIF1DAC1 EQ5 Volume => 12

V/audio_hw_primary( 1855): 15 element on sequence

V/audio_hw_primary( 1855): Parsing control SPK Switch => 0

V/audio_hw_primary( 1855): Parsing control AIF1DAC1 Volume => 96

V/audio_hw_primary( 1855): Parsing control AIF1 Boost Volume => 0

V/audio_hw_primary( 1855): Parsing control DAC1 Volume => 96

V/audio_hw_primary( 1855): Parsing control SPKL DAC1 Volume => 1

V/audio_hw_primary( 1855): Parsing control SPKR DAC1 Volume => 1

V/audio_hw_primary( 1855): Parsing control Speaker Mixer Volume => 0

V/audio_hw_primary( 1855): Parsing control Speaker Volume => 0

V/audio_hw_primary( 1855): Parsing control Speaker Boost Volume => 0

V/audio_hw_primary( 1855): Parsing control AIF1DAC1 EQ Switch => 0

V/audio_hw_primary( 1855): 10 element off sequence

V/audio_hw_primary( 1855): Set 'SPK Switch'.0 to 0

V/audio_hw_primary( 1855): Set 'AIF1DAC1 Volume'.0 to 96

V/audio_hw_primary( 1855): Set 'AIF1DAC1 Volume'.1 to 96

V/audio_hw_primary( 1855): Set 'AIF1 Boost Volume'.0 to 0

V/audio_hw_primary( 1855): Set 'DAC1 Volume'.0 to 96

V/audio_hw_primary( 1855): Set 'DAC1 Volume'.1 to 96

V/audio_hw_primary( 1855): Set 'SPKL DAC1 Volume'.0 to 1

V/audio_hw_primary( 1855): Set 'SPKR DAC1 Volume'.0 to 1

V/audio_hw_primary( 1855): Set 'Speaker Mixer Volume'.0 to 0

V/audio_hw_primary( 1855): Set 'Speaker Mixer Volume'.1 to 0

V/audio_hw_primary( 1855): Set 'Speaker Volume'.0 to 0

V/audio_hw_primary( 1855): Set 'Speaker Volume'.1 to 0

V/audio_hw_primary( 1855): Set 'Speaker Boost Volume'.0 to 0

V/audio_hw_primary( 1855): Set 'Speaker Boost Volume'.1 to 0

V/audio_hw_primary( 1855): Set 'AIF1DAC1 EQ Switch'.0 to 0

I/audio_hw_primary( 1855): Allocating device earpiece

V/audio_hw_primary( 1855): Parsing control RCV Switch => 1

V/audio_hw_primary( 1855): Parsing control AIF1DAC1 Volume => 96

V/audio_hw_primary( 1855): Parsing control AIF1 Boost Volume => 0

V/audio_hw_primary( 1855): Parsing control DAC1 Volume => 96

V/audio_hw_primary( 1855): Parsing control Left Output Mixer DAC Volume => 7

V/audio_hw_primary( 1855): Parsing control Right Output Mixer DAC Volume => 7

V/audio_hw_primary( 1855): Parsing control Output Volume => 55

V/audio_hw_primary( 1855): Parsing control Earpiece Volume => 1

V/audio_hw_primary( 1855): 8 element on sequence

V/audio_hw_primary( 1855): Parsing control RCV Switch => 0

V/audio_hw_primary( 1855): Parsing control AIF1DAC1 Volume => 96

V/audio_hw_primary( 1855): Parsing control AIF1 Boost Volume => 0

V/audio_hw_primary( 1855): Parsing control DAC1 Volume => 96

V/audio_hw_primary( 1855): Parsing control Left Output Mixer DAC Volume => 7

V/audio_hw_primary( 1855): Parsing control Right Output Mixer DAC Volume => 7

V/audio_hw_primary( 1855): Parsing control Output Volume => 57

V/audio_hw_primary( 1855): Parsing control Earpiece Volume => 1

V/audio_hw_primary( 1855): 8 element off sequence

V/audio_hw_primary( 1855): Set 'RCV Switch'.0 to 0

V/audio_hw_primary( 1855): Set 'AIF1DAC1 Volume'.0 to 96

V/audio_hw_primary( 1855): Set 'AIF1DAC1 Volume'.1 to 96

V/audio_hw_primary( 1855): Set 'AIF1 Boost Volume'.0 to 0

V/audio_hw_primary( 1855): Set 'DAC1 Volume'.0 to 96

V/audio_hw_primary( 1855): Set 'DAC1 Volume'.1 to 96

V/audio_hw_primary( 1855): Set 'Left Output Mixer DAC Volume'.0 to 7

V/audio_hw_primary( 1855): Set 'Right Output Mixer DAC Volume'.0 to 7

V/audio_hw_primary( 1855): Set 'Output Volume'.0 to 57

V/audio_hw_primary( 1855): Set 'Output Volume'.1 to 57

V/audio_hw_primary( 1855): Set 'Earpiece Volume'.0 to 1

I/audio_hw_primary( 1855): Allocating device headphone

V/audio_hw_primary( 1855): Parsing control HP Switch => 1

V/audio_hw_primary( 1855): Parsing control Headphone Volume => 50

V/audio_hw_primary( 1855): Parsing control Headphone ZC Switch => 0

V/audio_hw_primary( 1855): Parsing control AIF1DAC1 Volume => 96

V/audio_hw_primary( 1855): Parsing control AIF1 Boost Volume => 0

V/audio_hw_primary( 1855): Parsing control DAC1 Volume => 96

V/audio_hw_primary( 1855): Parsing control Left Output Mixer DAC Volume => 7

V/audio_hw_primary( 1855): Parsing control Right Output Mixer DAC Volume => 7

V/audio_hw_primary( 1855): Parsing control AIF1DAC1 EQ Switch => 1

V/audio_hw_primary( 1855): Parsing control AIF1DAC1 EQ1 Volume => 16

V/audio_hw_primary( 1855): Parsing control AIF1DAC1 EQ2 Volume => 14

V/audio_hw_primary( 1855): Parsing control AIF1DAC1 EQ3 Volume => 12

V/audio_hw_primary( 1855): Parsing control AIF1DAC1 EQ4 Volume => 14

V/audio_hw_primary( 1855): Parsing control AIF1DAC1 EQ5 Volume => 16

V/audio_hw_primary( 1855): 14 element on sequence

V/audio_hw_primary( 1855): Parsing control HP Switch => 0

V/audio_hw_primary( 1855): Parsing control AIF1DAC1 EQ Switch => 0

V/audio_hw_primary( 1855): Parsing control Left Output Mixer DAC Volume => 7

V/audio_hw_primary( 1855): Parsing control Right Output Mixer DAC Volume => 7

V/audio_hw_primary( 1855): 4 element off sequence

V/audio_hw_primary( 1855): Set 'HP Switch'.0 to 0

V/audio_hw_primary( 1855): Set 'AIF1DAC1 EQ Switch'.0 to 0

V/audio_hw_primary( 1855): Set 'Left Output Mixer DAC Volume'.0 to 7

V/audio_hw_primary( 1855): Set 'Right Output Mixer DAC Volume'.0 to 7

I/audio_hw_primary( 1855): Allocating device sco-out

V/audio_hw_primary( 1855): Parsing control AIF1DAC1 Volume => 96

V/audio_hw_primary( 1855): Parsing control AIF1 Boost Volume => 0

V/audio_hw_primary( 1855): Parsing control AIF3ADC Mux => 1

V/audio_hw_primary( 1855): Parsing control AIF2ADC HPF Mode => 3

V/audio_hw_primary( 1855): Parsing control AIF2ADC HPF Switch => 1

V/audio_hw_primary( 1855): Parsing control AIF2DAC2L Mixer AIF1.1 Switch => 1

D/dalvikvm( 1852): Added shared lib libjavacore.so 0x0

V/audio_hw_primary( 1855): Parsing control AIF2DAC2R Mixer AIF1.1 Switch => 1

V/audio_hw_primary( 1855): Parsing control AIF2DAC Volume => 96

V/audio_hw_primary( 1855): Parsing control AIF2ADC Volume => 96

V/audio_hw_primary( 1855): Parsing control DAC2 Volume => 96

V/audio_hw_primary( 1855): Parsing control AIF2ADC Volume => 96

V/audio_hw_primary( 1855): 11 element on sequence

V/audio_hw_primary( 1855): Parsing control AIF1DAC1 Volume => 96

V/audio_hw_primary( 1855): Parsing control AIF1 Boost Volume => 0

V/audio_hw_primary( 1855): Parsing control DAC2 Volume => 96

V/audio_hw_primary( 1855): Parsing control AIF2ADC Volume => 96

V/audio_hw_primary( 1855): Parsing control AIF2DAC2L Mixer AIF1.1 Switch => 0

V/audio_hw_primary( 1855): Parsing control AIF2DAC2R Mixer AIF1.1 Switch => 0

V/audio_hw_primary( 1855): 6 element off sequence

V/audio_hw_primary( 1855): Set 'AIF1DAC1 Volume'.0 to 96

V/audio_hw_primary( 1855): Set 'AIF1DAC1 Volume'.1 to 96

V/audio_hw_primary( 1855): Set 'AIF1 Boost Volume'.0 to 0

V/audio_hw_primary( 1855): Set 'DAC2 Volume'.0 to 96

V/audio_hw_primary( 1855): Set 'DAC2 Volume'.1 to 96

V/audio_hw_primary( 1855): Set 'AIF2ADC Volume'.0 to 96

V/audio_hw_primary( 1855): Set 'AIF2ADC Volume'.1 to 96

V/audio_hw_primary( 1855): Set 'AIF2DAC2L Mixer AIF1.1 Switch'.0 to 0

V/audio_hw_primary( 1855): Set 'AIF2DAC2R Mixer AIF1.1 Switch'.0 to 0

I/audio_hw_primary( 1855): Allocating device analog-dock

V/audio_hw_primary( 1855): Parsing control LINEOUT2N Switch => 1

V/audio_hw_primary( 1855): Parsing control LINEOUT2P Switch => 1

V/audio_hw_primary( 1855): Parsing control LINEOUT2N Mixer Left Output Switch => 1

V/audio_hw_primary( 1855): Parsing control LINEOUT2N Mixer Right Output Switch => 1

V/audio_hw_primary( 1855): Parsing control LINEOUT2P Mixer Right Output Switch => 1

V/audio_hw_primary( 1855): Parsing control LINE Switch => 1

V/audio_hw_primary( 1855): Parsing control AIF1DAC1 Volume => 96

V/audio_hw_primary( 1855): Parsing control AIF1 Boost Volume => 0

V/audio_hw_primary( 1855): Parsing control DAC1 Volume => 96

V/audio_hw_primary( 1855): Parsing control Left Output Mixer DAC Volume => 7

V/audio_hw_primary( 1855): Parsing control Right Output Mixer DAC Volume => 7

V/audio_hw_primary( 1855): Parsing control Output Volume => 55

V/audio_hw_primary( 1855): Parsing control LINEOUT2 Volume => 1

V/audio_hw_primary( 1855): Parsing control LineoutSwitch Mode => 1

V/audio_hw_primary( 1855): 14 element on sequence

V/audio_hw_primary( 1855): Parsing control LINEOUT2N Switch => 0

V/audio_hw_primary( 1855): Parsing control LINEOUT2P Switch => 0

V/audio_hw_primary( 1855): Parsing control LINE Switch => 0

V/audio_hw_primary( 1855): Parsing control AIF1DAC1 Volume => 96

V/audio_hw_primary( 1855): Parsing control AIF1 Boost Volume => 0

V/audio_hw_primary( 1855): Parsing control DAC1 Volume => 96

V/audio_hw_primary( 1855): Parsing control Left Output Mixer DAC Volume => 7

V/audio_hw_primary( 1855): Parsing control Right Output Mixer DAC Volume => 7

V/audio_hw_primary( 1855): Parsing control Output Volume => 57

V/audio_hw_primary( 1855): Parsing control LINEOUT2 Volume => 1

V/audio_hw_primary( 1855): Parsing control LineoutSwitch Mode => 0

V/audio_hw_primary( 1855): 11 element off sequence

V/audio_hw_primary( 1855): Set 'LINEOUT2N Switch'.0 to 0

V/audio_hw_primary( 1855): Set 'LINEOUT2P Switch'.0 to 0

V/audio_hw_primary( 1855): Set 'LINE Switch'.0 to 0

V/audio_hw_primary( 1855): Set 'AIF1DAC1 Volume'.0 to 96

V/audio_hw_primary( 1855): Set 'AIF1DAC1 Volume'.1 to 96

V/audio_hw_primary( 1855): Set 'AIF1 Boost Volume'.0 to 0

V/audio_hw_primary( 1855): Set 'DAC1 Volume'.0 to 96

V/audio_hw_primary( 1855): Set 'DAC1 Volume'.1 to 96

V/audio_hw_primary( 1855): Set 'Left Output Mixer DAC Volume'.0 to 7

V/audio_hw_primary( 1855): Set 'Right Output Mixer DAC Volume'.0 to 7

V/audio_hw_primary( 1855): Set 'Output Volume'.0 to 57

V/audio_hw_primary( 1855): Set 'Output Volume'.1 to 57

V/audio_hw_primary( 1855): Set 'LINEOUT2 Volume'.0 to 1

V/audio_hw_primary( 1855): Set 'LineoutSwitch Mode'.0 to 0

I/audio_hw_primary( 1855): Allocating device digital-dock

V/audio_hw_primary( 1855): Parsing control LINEOUT1N Switch => 1

V/audio_hw_primary( 1855): Parsing control LINEOUT1P Switch => 1

V/audio_hw_primary( 1855): Parsing control HDMI Switch => 1

V/audio_hw_primary( 1855): Parsing control AIF1DAC1 Volume => 96

V/audio_hw_primary( 1855): 4 element on sequence

V/audio_hw_primary( 1855): Parsing control LINEOUT1N Switch => 0

V/audio_hw_primary( 1855): Parsing control LINEOUT1P Switch => 0

V/audio_hw_primary( 1855): Parsing control HDMI Switch => 0

V/audio_hw_primary( 1855): Parsing control AIF1DAC1 Volume => 96

V/audio_hw_primary( 1855): Parsing control AIF1 Boost Volume => 0

V/audio_hw_primary( 1855): Parsing control DAC1 Volume => 96

V/audio_hw_primary( 1855): Parsing control SPKL DAC1 Volume => 1

V/audio_hw_primary( 1855): Parsing control SPKR DAC1 Volume => 1

V/audio_hw_primary( 1855): Parsing control Speaker Mixer Volume => 0

V/audio_hw_primary( 1855): Parsing control Speaker Boost Volume => 0

V/audio_hw_primary( 1855): 10 element off sequence

V/audio_hw_primary( 1855): Set 'LINEOUT1N Switch'.0 to 0

V/audio_hw_primary( 1855): Set 'LINEOUT1P Switch'.0 to 0

V/audio_hw_primary( 1855): Set 'HDMI Switch'.0 to 0

V/audio_hw_primary( 1855): Set 'AIF1DAC1 Volume'.0 to 96

V/audio_hw_primary( 1855): Set 'AIF1DAC1 Volume'.1 to 96

V/audio_hw_primary( 1855): Set 'AIF1 Boost Volume'.0 to 0

V/audio_hw_primary( 1855): Set 'DAC1 Volume'.0 to 96

V/audio_hw_primary( 1855): Set 'DAC1 Volume'.1 to 96

V/audio_hw_primary( 1855): Set 'SPKL DAC1 Volume'.0 to 1

V/audio_hw_primary( 1855): Set 'SPKR DAC1 Volume'.0 to 1

V/audio_hw_primary( 1855): Set 'Speaker Mixer Volume'.0 to 0

V/audio_hw_primary( 1855): Set 'Speaker Mixer Volume'.1 to 0

V/audio_hw_primary( 1855): Set 'Speaker Boost Volume'.0 to 0

V/audio_hw_primary( 1855): Set 'Speaker Boost Volume'.1 to 0

I/audio_hw_primary( 1855): Allocating device builtin-mic

V/audio_hw_primary( 1855): Parsing control Main Mic Switch => 1

V/audio_hw_primary( 1855): Parsing control MainMicBias Mode => 1

V/audio_hw_primary( 1855): Parsing control IN2L Volume => 28

V/audio_hw_primary( 1855): Parsing control MIXINL IN2L Switch => 1

V/audio_hw_primary( 1855): Parsing control MIXINL IN2L Volume => 1

V/audio_hw_primary( 1855): Parsing control AIF1ADCL Source => 0

V/audio_hw_primary( 1855): Parsing control AIF1ADC1 HPF Mode => 0

V/audio_hw_primary( 1855): Parsing control AIF1ADC1 HPF Switch => 1

V/audio_hw_primary( 1855): Parsing control AIF1ADC1 Volume => 96

V/audio_hw_primary( 1855): 9 element on sequence

V/audio_hw_primary( 1855): Parsing control Main Mic Switch => 0

V/audio_hw_primary( 1855): Parsing control MainMicBias Mode => 0

V/audio_hw_primary( 1855): Parsing control MIXINL IN2L Switch => 0

V/audio_hw_primary( 1855): Parsing control MIXINL IN2L Volume => 0

V/audio_hw_primary( 1855): Parsing control IN2L Volume => 4

V/audio_hw_primary( 1855): 5 element off sequence

V/audio_hw_primary( 1855): Set 'Main Mic Switch'.0 to 0

V/audio_hw_primary( 1855): Set 'MainMicBias Mode'.0 to 0

V/audio_hw_primary( 1855): Set 'MIXINL IN2L Switch'.0 to 0

V/audio_hw_primary( 1855): Set 'MIXINL IN2L Volume'.0 to 0

V/audio_hw_primary( 1855): Set 'IN2L Volume'.0 to 4

I/audio_hw_primary( 1855): Allocating device back-mic

V/audio_hw_primary( 1855): Parsing control Sub Mic Switch => 1

V/audio_hw_primary( 1855): Parsing control SubMicBias Mode => 1

V/audio_hw_primary( 1855): Parsing control IN1R Volume => 25

V/audio_hw_primary( 1855): Parsing control MIXINR IN1R Switch => 1

V/audio_hw_primary( 1855): Parsing control MIXINR IN1R Volume => 1

V/audio_hw_primary( 1855): Parsing control AIF1ADCR Source => 1

V/audio_hw_primary( 1855): Parsing control AIF1ADC1 HPF Mode => 1

V/audio_hw_primary( 1855): Parsing control AIF1ADC1 HPF Switch => 1

V/audio_hw_primary( 1855): Parsing control AIF1ADC1 Volume => 96

V/audio_hw_primary( 1855): 9 element on sequence

V/audio_hw_primary( 1855): Parsing control Sub Mic Switch => 0

V/audio_hw_primary( 1855): Parsing control SubMicBias Mode => 0

V/audio_hw_primary( 1855): Parsing control MIXINR IN1R Switch => 0

V/audio_hw_primary( 1855): Parsing control IN1R Volume => 11

V/audio_hw_primary( 1855): 4 element off sequence

V/audio_hw_primary( 1855): Set 'Sub Mic Switch'.0 to 0

D/dalvikvm( 1852): Trying to load lib libnativehelper.so 0x0

D/dalvikvm( 1852): Added shared lib libnativehelper.so 0x0

V/audio_hw_primary( 1855): Set 'SubMicBias Mode'.0 to 0

V/audio_hw_primary( 1855): Set 'MIXINR IN1R Switch'.0 to 0

V/audio_hw_primary( 1855): Set 'IN1R Volume'.0 to 11

I/audio_hw_primary( 1855): Allocating device headset-in

V/audio_hw_primary( 1855): Parsing control MIXINL IN2L Switch => 0

V/audio_hw_primary( 1855): Parsing control Headset Mic Switch => 1

V/audio_hw_primary( 1855): Parsing control IN1L Volume => 24

V/audio_hw_primary( 1855): Parsing control MIXINL IN1L Switch => 1

V/audio_hw_primary( 1855): Parsing control MIXINL IN1L Volume => 0

V/audio_hw_primary( 1855): Parsing control AIF2ADC HPF Mode => 1

V/audio_hw_primary( 1855): Parsing control AIF2ADC HPF Switch => 1

V/audio_hw_primary( 1855): Parsing control AIF1ADC1 HPF Mode => 1

V/audio_hw_primary( 1855): Parsing control AIF1ADC1 HPF Switch => 1

V/audio_hw_primary( 1855): Parsing control AIF1ADC1 Volume => 96

V/audio_hw_primary( 1855): Parsing control AIF1ADCL Source => 0

V/audio_hw_primary( 1855): Parsing control AIF1ADCR Source => 0

V/audio_hw_primary( 1855): 12 element on sequence

V/audio_hw_primary( 1855): Parsing control Headset Mic Switch => 0

V/audio_hw_primary( 1855): Parsing control IN1L Volume => 11

V/audio_hw_primary( 1855): Parsing control MIXINL IN1L Switch => 0

V/audio_hw_primary( 1855): Parsing control MIXINL IN1L Volume => 0

V/audio_hw_primary( 1855): Parsing control AIF1ADC1 HPF Mode => 0

V/audio_hw_primary( 1855): Parsing control AIF1ADC1 HPF Switch => 0

V/audio_hw_primary( 1855): Parsing control AIF1ADC1 Volume => 96

V/audio_hw_primary( 1855): 7 element off sequence

V/audio_hw_primary( 1855): Set 'Headset Mic Switch'.0 to 0

V/audio_hw_primary( 1855): Set 'IN1L Volume'.0 to 11

V/audio_hw_primary( 1855): Set 'MIXINL IN1L Switch'.0 to 0

V/audio_hw_primary( 1855): Set 'MIXINL IN1L Volume'.0 to 0

V/audio_hw_primary( 1855): Set 'AIF1ADC1 HPF Mode'.0 to 0

V/audio_hw_primary( 1855): Set 'AIF1ADC1 HPF Switch'.0 to 0

V/audio_hw_primary( 1855): Set 'AIF1ADC1 HPF Switch'.1 to 0

V/audio_hw_primary( 1855): Set 'AIF1ADC1 Volume'.0 to 96

V/audio_hw_primary( 1855): Set 'AIF1ADC1 Volume'.1 to 96

I/audio_hw_primary( 1855): Allocating device sco-in

V/audio_hw_primary( 1855): Parsing control AIF2ADC Mux => 1

V/audio_hw_primary( 1855): Parsing control AIF2ADC HPF Mode => 3

V/audio_hw_primary( 1855): Parsing control AIF2ADC HPF Switch => 1

V/audio_hw_primary( 1855): Parsing control AIF1ADCL Source => 0

V/audio_hw_primary( 1855): Parsing control AIF1ADCR Source => 1

V/audio_hw_primary( 1855): Parsing control AIF1ADC1R Mixer AIF2 Switch => 1

V/audio_hw_primary( 1855): Parsing control AIF1ADC1L Mixer AIF2 Switch => 1

V/audio_hw_primary( 1855): Parsing control AIF1ADC1 Volume => 96

V/audio_hw_primary( 1855): Parsing control AIF2DAC Volume => 96

V/audio_hw_primary( 1855): 9 element on sequence

V/audio_hw_primary( 1855): Parsing control AIF2ADC Mux => 0

V/audio_hw_primary( 1855): Parsing control AIF1ADC1R Mixer AIF2 Switch => 0

V/audio_hw_primary( 1855): Parsing control AIF1ADC1L Mixer AIF2 Switch => 0

V/audio_hw_primary( 1855): Parsing control AIF1ADC1 Volume => 96

V/audio_hw_primary( 1855): Parsing control AIF2DAC Volume => 96

V/audio_hw_primary( 1855): 5 element off sequence

V/audio_hw_primary( 1855): Set 'AIF2ADC Mux'.0 to 0

V/audio_hw_primary( 1855): Set 'AIF1ADC1R Mixer AIF2 Switch'.0 to 0

V/audio_hw_primary( 1855): Set 'AIF1ADC1L Mixer AIF2 Switch'.0 to 0

V/audio_hw_primary( 1855): Set 'AIF1ADC1 Volume'.0 to 96

V/audio_hw_primary( 1855): Set 'AIF1ADC1 Volume'.1 to 96

V/audio_hw_primary( 1855): Set 'AIF2DAC Volume'.0 to 96

V/audio_hw_primary( 1855): Set 'AIF2DAC Volume'.1 to 96

V/audio_hw_primary( 1855): Parsing control DAC1L Mixer AIF1.1 Switch => 1

V/audio_hw_primary( 1855): Parsing control DAC1L Mixer AIF1.1 Switch => 1

V/audio_hw_primary( 1855): Applying 2 element default route

V/audio_hw_primary( 1855): Set 'DAC1L Mixer AIF1.1 Switch'.0 to 1

V/audio_hw_primary( 1855): Set 'DAC1L Mixer AIF1.1 Switch'.0 to 1

V/audio_hw_primary( 1855): Parsing control MIXINL Output Record Volume => 0

V/audio_hw_primary( 1855): Parsing control MIXINR Output Record Volume => 0

V/audio_hw_primary( 1855): Applying 2 element default route

V/audio_hw_primary( 1855): Set 'MIXINL Output Record Volume'.0 to 0

V/audio_hw_primary( 1855): Set 'MIXINR Output Record Volume'.0 to 0

V/audio_hw_primary( 1855): Changing output device 0 => 2

V/audio_hw_primary( 1855): Changing input device 0 => 4

V/audio_hw_primary( 1855): Set 'SPK Switch'.0 to 1

V/audio_hw_primary( 1855): Set 'AIF1DAC1 Volume'.0 to 96

V/audio_hw_primary( 1855): Set 'AIF1DAC1 Volume'.1 to 96

V/audio_hw_primary( 1855): Set 'AIF1 Boost Volume'.0 to 0

V/audio_hw_primary( 1855): Set 'DAC1 Volume'.0 to 96

V/audio_hw_primary( 1855): Set 'DAC1 Volume'.1 to 96

V/audio_hw_primary( 1855): Set 'SPKL DAC1 Volume'.0 to 1

V/audio_hw_primary( 1855): Set 'SPKR DAC1 Volume'.0 to 1

V/audio_hw_primary( 1855): Set 'Speaker Mixer Volume'.0 to 3

V/audio_hw_primary( 1855): Set 'Speaker Mixer Volume'.1 to 3

V/audio_hw_primary( 1855): Set 'Speaker Boost Volume'.0 to 4

V/audio_hw_primary( 1855): Set 'Speaker Boost Volume'.1 to 4

V/audio_hw_primary( 1855): Set 'Speaker Volume'.0 to 57

V/audio_hw_primary( 1855): Set 'Speaker Volume'.1 to 57

V/audio_hw_primary( 1855): Set 'AIF1DAC1 EQ Switch'.0 to 1

V/audio_hw_primary( 1855): Set 'AIF1DAC1 EQ1 Volume'.0 to 9

V/audio_hw_primary( 1855): Set 'AIF1DAC1 EQ2 Volume'.0 to 7

V/audio_hw_primary( 1855): Set 'AIF1DAC1 EQ3 Volume'.0 to 10

V/audio_hw_primary( 1855): Set 'AIF1DAC1 EQ4 Volume'.0 to 13

V/audio_hw_primary( 1855): Set 'AIF1DAC1 EQ5 Volume'.0 to 12

V/audio_hw_primary( 1855): Set 'HP Switch'.0 to 1

V/audio_hw_primary( 1855): Set 'Headphone Volume'.0 to 50

V/audio_hw_primary( 1855): Set 'Headphone Volume'.1 to 50

V/audio_hw_primary( 1855): Set 'Headphone ZC Switch'.0 to 0

V/audio_hw_primary( 1855): Set 'Headphone ZC Switch'.1 to 0

V/audio_hw_primary( 1855): Set 'AIF1DAC1 Volume'.0 to 96

V/audio_hw_primary( 1855): Set 'AIF1DAC1 Volume'.1 to 96

V/audio_hw_primary( 1855): Set 'AIF1 Boost Volume'.0 to 0

V/audio_hw_primary( 1855): Set 'DAC1 Volume'.0 to 96

V/audio_hw_primary( 1855): Set 'DAC1 Volume'.1 to 96

V/audio_hw_primary( 1855): Set 'Left Output Mixer DAC Volume'.0 to 7

V/audio_hw_primary( 1855): Set 'Right Output Mixer DAC Volume'.0 to 7

V/audio_hw_primary( 1855): Set 'AIF1DAC1 EQ Switch'.0 to 1

V/audio_hw_primary( 1855): Set 'AIF1DAC1 EQ1 Volume'.0 to 16

V/audio_hw_primary( 1855): Set 'AIF1DAC1 EQ2 Volume'.0 to 14

V/audio_hw_primary( 1855): Set 'AIF1DAC1 EQ3 Volume'.0 to 12

V/audio_hw_primary( 1855): Set 'AIF1DAC1 EQ4 Volume'.0 to 14

V/audio_hw_primary( 1855): Set 'AIF1DAC1 EQ5 Volume'.0 to 16

V/audio_hw_primary( 1855): Set 'Main Mic Switch'.0 to 1

D/MDnsDS  ( 1848): MDnsSdListener::Hander starting up

D/MDnsDS  ( 1848): MDnsSdListener starting to monitor

D/MDnsDS  ( 1848): Going to poll with pollCount 1

V/audio_hw_primary( 1855): Set 'MainMicBias Mode'.0 to 1

V/audio_hw_primary( 1855): Set 'IN2L Volume'.0 to 28

V/audio_hw_primary( 1855): Set 'MIXINL IN2L Switch'.0 to 1

V/audio_hw_primary( 1855): Set 'MIXINL IN2L Volume'.0 to 1

V/audio_hw_primary( 1855): Set 'AIF1ADCL Source'.0 to 0

V/audio_hw_primary( 1855): Set 'AIF1ADC1 HPF Mode'.0 to 0

V/audio_hw_primary( 1855): Set 'AIF1ADC1 HPF Switch'.0 to 1

V/audio_hw_primary( 1855): Set 'AIF1ADC1 HPF Switch'.1 to 1

V/audio_hw_primary( 1855): Set 'AIF1ADC1 Volume'.0 to 96

V/audio_hw_primary( 1855): Set 'AIF1ADC1 Volume'.1 to 96

I/AudioFlinger( 1855): loadHwModule() Loaded primary audio interface from M0 audio HW HAL (audio) handle 1

I/AudioFlinger( 1855): HAL output buffer size 1056 frames, normal mix buffer size 1056 frames

I/AudioMixer( 1855): found effect "Multichannel Downmix To Stereo" from The Android Open Source Project

I/AudioFlinger( 1855): Using module 1 has the primary audio interface

I/AudioFlinger( 1855): AudioFlinger's thread 0x41003cb0 ready to run

W/AudioFlinger( 1855): Thread AudioOut_2 cannot connect to the power manager service

I/audio_a2dp_hw( 1855): adev_open:  adev_open in A2dp_hw module

I/AudioFlinger( 1855): loadHwModule() Loaded a2dp audio interface from A2DP Audio HW HAL (audio) handle 4

I/AudioFlinger( 1855): loadHwModule() Loaded usb audio interface from USB audio HW HAL (audio) handle 5

I/AudioPolicyService( 1855): Loaded audio policy from LEGACY Audio Policy HAL (audio_policy)

I/SamplingProfilerIntegration( 1852): Profiling disabled.

I/Zygote  ( 1852): Preloading classes...

D/dalvikvm( 1852): GC_EXPLICIT freed 36K, 9% free 427K/468K, paused 0ms+0ms, total 1ms

D/dalvikvm( 1852): GC_EXPLICIT freed 4K, 5% free 497K/520K, paused 0ms+0ms, total 2ms

D/dalvikvm( 1852): Note: class Landroid/app/ActivityManagerNative; has 157 unimplemented (abstract) methods

D/dalvikvm( 1852): GC_EXPLICIT freed 21K, 5% free 536K/564K, paused 1ms+0ms, total 2ms

D/dalvikvm( 1852): GC_EXPLICIT freed 26K, 6% free 565K/596K, paused 0ms+0ms, total 2ms

W/Zygote  ( 1852): Class not found for preloading: android.bluetooth.BluetoothAudioGateway

W/Zygote  ( 1852): Class not found for preloading: android.bluetooth.HeadsetBase

W/Zygote  ( 1852): Class not found for preloading: undroid.content.AbstractThreadedSyncAdapter$SyncThread

D/dalvikvm( 1852): GC_EXPLICIT freed 24K, 5% free 615K/644K, paused 0ms+1ms, total 2ms

D/dalvikvm( 1852): GC_EXPLICIT freed 25K, 5% free 643K/672K, paused 0ms+0ms, total 2ms

D/dalvikvm( 1852): GC_EXPLICIT freed 60K, 9% free 734K/800K, paused 0ms+1ms, total 3ms

I/gpsd    ( 1860): connect: Connect_RILD failed. (4) Retry number : 1 

D/dalvikvm( 1852): GC_EXPLICIT freed 31K, 5% free 760K/800K, paused 0ms+0ms, total 2ms

D/TextLayoutCache( 1852): Using debug level = 0 - Debug Enabled = 0

I/dalvikvm( 1852): threadid=1: recursive native library load attempt (/system/lib/libmedia_jni.so)

D/MtpDeviceJNI( 1852): register_android_mtp_MtpDevice

I/dalvikvm( 1852): threadid=1: recursive native library load attempt (/system/lib/libmedia_jni.so)

I/dalvikvm( 1852): threadid=1: recursive native library load attempt (/system/lib/libmedia_jni.so)

D/dalvikvm( 1852): GC_EXPLICIT freed 23K, 4% free 802K/828K, paused 1ms+1ms, total 4ms

D/dalvikvm( 1852): GC_EXPLICIT freed 15K, 3% free 845K/864K, paused 0ms+0ms, total 2ms

D/dalvikvm( 1852): GC_EXPLICIT freed 474K, 28% free 1278K/1756K, paused 1ms+0ms, total 6ms

D/dalvikvm( 1852): GC_EXPLICIT freed 30K, 26% free 1303K/1756K, paused 1ms+0ms, total 5ms

D/dalvikvm( 1852): GC_EXPLICIT freed 12K, 22% free 1377K/1756K, paused 0ms+0ms, total 6ms

W/Zygote  ( 1852): Class not found for preloading: android.server.BluetoothA2dpService

W/Zygote  ( 1852): Class not found for preloading: android.server.BluetoothEventLoop

W/Zygote  ( 1852): Class not found for preloading: android.server.BluetoothService

D/TelephonyManager( 1852): No /proc/cmdline exception=java.io.FileNotFoundException: /proc/cmdline: open failed: EACCES (Permission denied)

D/TelephonyManager( 1852): /proc/cmdline=

D/dalvikvm( 1852): GC_EXPLICIT freed 29K, 18% free 1440K/1756K, paused 0ms+1ms, total 5ms

D/dalvikvm( 1852): GC_EXPLICIT freed 48K, 3% free 1722K/1772K, paused 1ms+1ms, total 7ms

W/Zygote  ( 1852): Class not found for preloading: android.util.LocaleUtil

D/dalvikvm( 1852): GC_EXPLICIT freed 35K, 3% free 1755K/1800K, paused 1ms+1ms, total 9ms

D/dalvikvm( 1852): GC_EXPLICIT freed 31K, 2% free 1777K/1812K, paused 1ms+1ms, total 7ms

W/Zygote  ( 1852): Class not found for preloading: android.view.ViewRootImpl$ResizedInfo

W/Zygote  ( 1852): Class not found for preloading: android.view.Window$LocalWindowManager

W/Zygote  ( 1852): Class not found for preloading: android.view.WindowManagerImpl$CompatModeWrapper

D/dalvikvm( 1852): GC_EXPLICIT freed 30K, 2% free 1800K/1836K, paused 0ms+0ms, total 7ms

I/dalvikvm( 1852): threadid=1: recursive native library load attempt (/system/lib/libwebcore.so)

D/dalvikvm( 1852): No JNI_OnLoad found in /system/lib/libchromium_net.so 0x0, skipping init

D/dalvikvm( 1852): GC_EXPLICIT freed 20K, 2% free 1834K/1860K, paused 0ms+0ms, total 8ms

D/dalvikvm( 1852): GC_EXPLICIT freed 26K, 2% free 1861K/1892K, paused 0ms+0ms, total 8ms

D/dalvikvm( 1852): GC_EXPLICIT freed 30K, 2% free 1892K/1928K, paused 1ms+0ms, total 9ms

D/dalvikvm( 1852): GC_EXPLICIT freed 26K, 2% free 1920K/1948K, paused 1ms+0ms, total 9ms

D/dalvikvm( 1852): GC_EXPLICIT freed 31K, 2% free 1943K/1976K, paused 1ms+0ms, total 9ms

D/dalvikvm( 1852): GC_EXPLICIT freed 28K, 2% free 1969K/2000K, paused 1ms+0ms, total 9ms

D/dalvikvm( 1852): GC_EXPLICIT freed 29K, 2% free 1996K/2028K, paused 1ms+1ms, total 8ms

D/dalvikvm( 1852): GC_EXPLICIT freed 39K, 3% free 2013K/2056K, paused 1ms+1ms, total 9ms

W/Zygote  ( 1852): Class not found for preloading: java.text.DecimalFormat$1

D/dalvikvm( 1852): GC_EXPLICIT freed 41K, 3% free 2027K/2072K, paused 0ms+1ms, total 8ms

W/Zygote  ( 1852): Class not found for preloading: java.util.concurrent.FutureTask$Sync

W/Zygote  ( 1852): Class not found for preloading: java.util.concurrent.atomic.UnsafeAccess

W/Zygote  ( 1852): Class not found for preloading: java.util.concurrent.locks.UnsafeAccess

D/dalvikvm( 1852): GC_EXPLICIT freed 41K, 3% free 2040K/2084K, paused 1ms+0ms, total 9ms

W/Zygote  ( 1852): Class not found for preloading: libcore.icu.ErrorCode

I/System  ( 1852): Loaded time zone names for  in 115ms (112ms in ICU)

I/System  ( 1852): Loaded time zone names for en_US in 75ms (72ms in ICU)

I/gpsd    ( 1860): connect: Connect_RILD failed. (4) Retry number : 2 

D/dalvikvm( 1852): GC_EXPLICIT freed 329K, 14% free 2124K/2456K, paused 1ms+1ms, total 10ms

D/dalvikvm( 1852): GC_EXPLICIT freed 15K, 12% free 2186K/2464K, paused 1ms+1ms, total 10ms

D/dalvikvm( 1852): GC_EXPLICIT freed 52K, 10% free 2218K/2464K, paused 1ms+1ms, total 10ms

D/dalvikvm( 1852): GC_EXPLICIT freed 29K, 9% free 2244K/2464K, paused 1ms+1ms, total 11ms

D/dalvikvm( 1852): GC_EXPLICIT freed 38K, 9% free 2260K/2464K, paused 1ms+1ms, total 10ms

D/dalvikvm( 1852): GC_EXPLICIT freed 32K, 8% free 2283K/2464K, paused 1ms+1ms, total 11ms

I/Zygote  ( 1852): ...preloaded 2541 classes in 1328ms.

D/dalvikvm( 1852): GC_EXPLICIT freed 23K, 8% free 2288K/2468K, paused 1ms+1ms, total 11ms

I/Zygote  ( 1852): Preload resources disabled, skipped.

D/dalvikvm( 1852): GC_EXPLICIT freed <1K, 8% free 2288K/2468K, paused 1ms+1ms, total 10ms

D/dalvikvm( 1852): GC_EXPLICIT freed <1K, 8% free 2288K/2468K, paused 0ms+0ms, total 10ms

D/dalvikvm( 1852): GC_EXPLICIT freed <1K, 8% free 2288K/2468K, paused 1ms+1ms, total 10ms

I/dalvikvm( 1852): System server process 2231 has been created

I/Zygote  ( 1852): Accepting command socket connections

E/BatteryService( 2231): wirelessOnlinePath not found

I/sysproc ( 2231): Entered system_init()

I/sysproc ( 2231): ServiceManager: 0x5de89718

D/SensorService( 2231): nuSensorService starting...

D/AkmSensor( 2231): akm_init: is called

E/AkmSensor( 2231): GetFUSEROMdata: 157, 159, 152

D/AkmSensor( 2231): thread_main: is called

E/Sensors ( 2231): Couldn't open_device dev/input/event13 (No such file or directory)

E/Sensors ( 2231): AkmSensor, 95, could not open the compass input event node

E/Sensors ( 2231): retry.......

E/AkmSensor( 2231): MeasureSNGLoop:  Unable to load settings file, using defaults.

I/Sensors ( 2231): AkmSensor, 107, opened the compass input event node, cnt = 2, data_fd = 33

E/Sensors ( 2231): Acc old sensor_state 0, new sensor_state : 1 en : 1

E/Sensors ( 2231): Gyro old sensor_state 1, new sensor_state : 3 en : 1

E/Sensors ( 2231): Pressure old sensor_state 3, new sensor_state : 11 en : 1

E/Sensors ( 2231): Proximity old sensor_state 11, new sensor_state : 43 en : 1

E/Sensors ( 2231): Light old sensor_state 43, new sensor_state : 107 en : 1

E/Sensors ( 2231): Acc old sensor_state 107, new sensor_state : 106 en : 0

E/Sensors ( 2231): AkmSensor : handle 1, en : 0 

E/Sensors ( 2231): AkmSensor : handle 2, en : 0 

E/Sensors ( 2231): Gyro old sensor_state 106, new sensor_state : 104 en : 0

E/Sensors ( 2231): Pressure old sensor_state 104, new sensor_state : 96 en : 0

E/Sensors ( 2231): Proximity old sensor_state 96, new sensor_state : 64 en : 0

E/Sensors ( 2231): Light old sensor_state 64, new sensor_state : 0 en : 0

I/SensorService( 2231): LSM330DLC Acceleration Sensor

I/SensorService( 2231): AK8963C Magnetic field Sensor

I/SensorService( 2231): AK8963C Orientation Sensor

I/SensorService( 2231): LSM330DLC Gyroscope Sensor

I/SensorService( 2231): BMP182 Barometer Sensor

I/SensorService( 2231): CM36651 Proximity Sensor

I/SensorService( 2231): CM36651 Light Sensor

I/sysproc ( 2231): System server: starting Android runtime.

I/sysproc ( 2231): System server: starting Android services.

D/SensorService( 2231): nuSensorService thread starting...

I/sysproc ( 2231): System server: entering thread pool.

I/installd( 1856): new connection

I/SystemServer( 2231): Entered the Android system server!

I/SystemServer( 2231): Enabled StrictMode logging for UI Looper

I/SystemServer( 2231): Waiting for installd to be ready.

I/SystemServer( 2231): Enabled StrictMode logging for WM Looper

I/Installer( 2231): connecting...

I/SystemServer( 2231): Entropy Mixer

I/SystemServer( 2231): Power Manager

