D/Vold    ( 1846): Volume sdcard1 state changing 3 (Checking) -> 4 (Mounted)

D/MountService( 2250): volume state changed for /storage/sdcard1 (checking -> mounted)

E/VoldConnector( 2250): NDC Command {3 volume mount /storage/sdcard1} took too long (3518ms)

W/MountService( 2250): Duplicate state transition (mounted -> mounted) for /storage/emulated/0

D/MountService( 2250): sendStorageIntent Intent { act=android.intent.action.MEDIA_MOUNTED dat=file:///storage/sdcard1 (has extras) } to UserHandle{-1}

E/SQLiteLog( 3090): (1) no such table: Account

W/EmailProvider( 3090): Exception cleaning EmailProvider.dbandroid.database.sqlite.SQLiteException: no such table: Account (code 1): , while compiling: delete from Account WHERE displayName ISNULL;

I/MediaProvider( 2681): Upgrading media database from version 0 to 511, which will destroy all old data

D/EmailProvider( 3090): Creating EmailProvider database

D/CountryDetector( 2250): The first listener is added

V/MmsConfig( 3141): mnc/mcc: 

V/MmsConfig( 3141): tag: bool value: enabledMMS - true

V/MmsConfig( 3141): tag: int value: maxMessageSize - 307200

V/MmsConfig( 3141): tag: int value: maxImageHeight - 480

V/MmsConfig( 3141): tag: int value: maxImageWidth - 640

V/MmsConfig( 3141): tag: int value: defaultSMSMessagesPerThread - 500

V/MmsConfig( 3141): tag: int value: defaultMMSMessagesPerThread - 50

V/MmsConfig( 3141): tag: int value: minMessageCountPerThread - 10

V/MmsConfig( 3141): tag: int value: maxMessageCountPerThread - 5000

V/MmsConfig( 3141): tag: string value: uaProfUrl - http://www.google.com/oha/rdf/ua-profile-kila.xml

V/MmsConfig( 3141): tag: int value: recipientLimit - -1

V/MmsConfig( 3141): tag: bool value: enableMultipartSMS - true

V/MmsConfig( 3141): tag: bool value: enableSplitSMS - false

V/MmsConfig( 3141): tag: int value: smsToMmsTextThreshold - -1

V/MmsConfig( 3141): tag: bool value: enableSlideDuration - true

V/MmsConfig( 3141): tag: int value: maxMessageTextSize - -1

V/MmsConfig( 3141): tag: bool value: enableSprintVVM - false

D/EmailProvider( 3090): fromDatabase accounts: 0

D/EmailProvider( 3090): ending toDatabase transaction; copyCount = 0

D/MediaProvider( 2681): Adjusting external storage paths to: /storage/emulated/0

D/CMStats ( 2615): Set alarm for first sync.

D/CMStats ( 2615): Next sync attempt in : 23 hours

I/CalendarProvider2( 3034): Sending notification intent: Intent { act=android.intent.action.PROVIDER_CHANGED dat=content://com.android.calendar }

W/ContentResolver( 3034): Failed to get type for: content://com.android.calendar (Unknown URL content://com.android.calendar)

E/SQLiteLog( 2681): (1) no such table: files

I/BootReceiver( 2615): Restore disabled by user preference.

I/BootReceiver( 2615): Restore disabled by user preference.

I/ActivityManager( 2250): Start proc com.android.voicedialer for broadcast com.android.voicedialer/.VoiceDialerReceiver: pid=3174 uid=10047 gids={50047, 3002, 1028}

D/EmailProvider( 3090): ending fromDatabase transaction; copyCount = 0

E/Trace   ( 3174): error opening trace file: No such file or directory (2)

D/WeatherUpdateService( 2857): Service started, but shouldn't update ... stopping

D/MediaScannerReceiver( 2681): action: android.intent.action.MEDIA_MOUNTED path: /storage/sdcard1

D/CAT     ( 2587): StkAppService$ServiceHandler: OP_BOOT_COMPLETED

I/ActivityManager( 2250): Start proc com.android.calendar for broadcast com.android.calendar/.alerts.AlertReceiver: pid=3189 uid=10009 gids={50009, 3003, 1028}

D/dalvikvm( 1852): GC_EXPLICIT freed 39K, 79% free 2301K/10660K, paused 1ms+1ms, total 12ms

D/dalvikvm( 1852): GC_EXPLICIT freed <1K, 79% free 2301K/10660K, paused 0ms+1ms, total 11ms

D/dalvikvm( 1852): GC_EXPLICIT freed <1K, 79% free 2301K/10660K, paused 1ms+1ms, total 10ms

E/Trace   ( 3189): error opening trace file: No such file or directory (2)

D/MmsSmsDatabaseHelper( 2587): [MmsSmsDb] tableName: threads hasAutoIncrement: CREATE TABLE threads (_id INTEGER PRIMARY KEY AUTOINCREMENT,date INTEGER DEFAULT 0,message_count INTEGER DEFAULT 0,recipient_ids TEXT,snippet TEXT,snippet_cs INTEGER DEFAULT 0,read INTEGER DEFAULT 1,type INTEGER DEFAULT 0,error INTEGER DEFAULT 0,has_attachment INTEGER DEFAULT 0) result: true

W/ActivityManager( 2250): Unable to start service Intent { cmp=com.android.email/.service.AttachmentDownloadService } U=0: not found

D/MmsSmsDatabaseHelper( 2587): [MmsSmsDb] tableName: canonical_addresses hasAutoIncrement: CREATE TABLE canonical_addresses (_id INTEGER PRIMARY KEY AUTOINCREMENT,address TEXT) result: true

D/MmsSmsDatabaseHelper( 2587): [MmsSmsDb] tableName: part hasAutoIncrement: CREATE TABLE part (_id INTEGER PRIMARY KEY AUTOINCREMENT,mid INTEGER,seq INTEGER DEFAULT 0,ct TEXT,name TEXT,chset INTEGER,cd TEXT,fn TEXT,cid TEXT,cl TEXT,ctt_s INTEGER,ctt_t TEXT,_data TEXT,text TEXT) result: true

D/MmsSmsDatabaseHelper( 2587): [MmsSmsDb] tableName: pdu hasAutoIncrement: CREATE TABLE pdu (_id INTEGER PRIMARY KEY AUTOINCREMENT,thread_id INTEGER,date INTEGER,date_sent INTEGER DEFAULT 0,msg_box INTEGER,read INTEGER DEFAULT 0,m_id TEXT,sub TEXT,sub_cs INTEGER,ct_t TEXT,ct_l TEXT,exp INTEGER,m_cls TEXT,m_type INTEGER,v INTEGER,m_size INTEGER,pri INTEGER,rr INTEGER,rpt_a INTEGER,resp_st INTEGER,st INTEGER,tr_id TEXT,retr_st INTEGER,retr_txt TEXT,retr_txt_cs INTEGER,read_status INTEGER,ct_cls INTEGER,resp_txt TEXT,d_tm INTEGER,d_rpt INTEGER,locked INTEGER DEFAULT 0,seen INTEGER DEFAULT 0,text_only INTEGER DEFAULT 0) result: true

D/MmsSmsDatabaseHelper( 2587): [getWritableDatabase] hasAutoIncrementThreads: true hasAutoIncrementAddresses: true hasAutoIncrementPart: true hasAutoIncrementPdu: true

D/Mms:app ( 3141): cancelNotification

D/AlertReceiver( 3189): onReceive: a=android.intent.action.PROVIDER_CHANGED Intent { act=android.intent.action.PROVIDER_CHANGED dat=content://com.android.calendar flg=0x10 cmp=com.android.calendar/.alerts.AlertReceiver }

D/AlertUtils( 3189): Flushing old alerts from shared prefs table

D/AlertService( 3189): 0 Action = android.intent.action.PROVIDER_CHANGED

D/AlertService( 3189): Beginning updateAlertNotification

D/AlertService( 3189): No fired or scheduled alerts

D/Mms:app ( 3141): cancelNotification

E/MetadataRetrieverClient( 1854): failed to extract an album art

D/dalvikvm( 2250): GC_EXPLICIT freed 1845K, 54% free 4916K/10660K, paused 2ms+2ms, total 31ms

W/ActivityManager( 2250): Unable to start service Intent { cmp=com.android.email/.service.AttachmentDownloadService } U=0: not found

I/Email   ( 3090): Onetime initialization: completed.

W/ActivityManager( 2250): Unable to start service Intent { cmp=com.android.email/.service.AttachmentDownloadService } U=0: not found

D/ExchangeService( 2896): !!! EAS ExchangeService, onStartCommand, startingUp = true, running = false

W/BackupManagerService( 2250): dataChanged but no participant pkg='com.android.providers.settings' uid=10017

I/ActivityManager( 2250): No longer want android.process.acore (pid 2568): empty #17

I/ActivityManager( 2250): No longer want com.android.contacts (pid 2917): empty #17

D/dalvikvm( 2250): GC_EXPLICIT freed 390K, 55% free 4834K/10660K, paused 2ms+4ms, total 48ms

E/MetadataRetrieverClient( 1854): failed to extract an album art

W/BackupManagerService( 2250): dataChanged but no participant pkg='com.android.providers.settings' uid=10017

D/dalvikvm( 2681): GC_EXPLICIT freed 955K, 73% free 2983K/10660K, paused 2ms+3ms, total 28ms

D/dalvikvm( 2250): GC_EXPLICIT freed 139K, 55% free 4829K/10660K, paused 2ms+4ms, total 46ms

E/MetadataRetrieverClient( 1854): failed to extract an album art

E/MetadataRetrieverClient( 1854): failed to extract an album art

D/dalvikvm( 2681): GC_CONCURRENT freed 1887K, 72% free 3070K/10660K, paused 1ms+4ms, total 21ms

E/MetadataRetrieverClient( 1854): failed to extract an album art

D/dalvikvm( 2250): GC_EXPLICIT freed 155K, 55% free 4827K/10660K, paused 2ms+3ms, total 28ms

D/dalvikvm( 2250): GC_EXPLICIT freed 120K, 55% free 4826K/10660K, paused 2ms+3ms, total 28ms

D/dalvikvm( 2681): GC_EXPLICIT freed 864K, 70% free 3254K/10660K, paused 1ms+4ms, total 18ms

D/dalvikvm( 2250): GC_EXPLICIT freed 120K, 55% free 4826K/10660K, paused 1ms+2ms, total 27ms

D/dalvikvm( 2250): GC_EXPLICIT freed 120K, 55% free 4827K/10660K, paused 2ms+2ms, total 27ms

D/dalvikvm( 2681): GC_EXPLICIT freed 1241K, 72% free 3015K/10660K, paused 1ms+3ms, total 19ms

D/dalvikvm( 2681): null clazz in OP_INSTANCE_OF, single-stepping

D/dalvikvm( 2250): GC_EXPLICIT freed 118K, 55% free 4827K/10660K, paused 2ms+2ms, total 28ms

I/InputReader( 2250): Reconfiguring input devices.  changes=0x00000010

I/ActivityManager( 2250): Start proc android.process.acore for broadcast com.android.providers.contacts/.PackageIntentReceiver: pid=3226 uid=10001 gids={50001, 3003, 1015, 1028}

I/InputReader( 2250): Reconfiguring input devices.  changes=0x00000010

I/InputReader( 2250): Reconfiguring input devices.  changes=0x00000010

I/InputReader( 2250): Reconfiguring input devices.  changes=0x00000010

I/InputReader( 2250): Reconfiguring input devices.  changes=0x00000010

E/Trace   ( 3226): error opening trace file: No such file or directory (2)

D/dalvikvm( 2681): GC_CONCURRENT freed 2130K, 74% free 2808K/10660K, paused 12ms+7ms, total 52ms

I/ActivityManager( 2250): Start proc com.android.quicksearchbox for broadcast com.android.quicksearchbox/.CorporaUpdateReceiver: pid=3245 uid=10037 gids={50037, 3003, 1028}

E/Trace   ( 3245): error opening trace file: No such file or directory (2)

I/ActivityManager( 2250): No longer want com.cyanogenmod.settings.device (pid 2956): empty #17

I/ActivityManager( 2250): No longer want com.cyanogenmod.updater (pid 3012): empty #17

D/dalvikvm( 2250): GC_EXPLICIT freed 656K, 55% free 4898K/10660K, paused 2ms+3ms, total 30ms

D/dalvikvm( 2681): GC_CONCURRENT freed 1976K, 74% free 2772K/10660K, paused 1ms+1ms, total 11ms

D/dalvikvm( 2681): GC_CONCURRENT freed 1898K, 74% free 2809K/10660K, paused 2ms+2ms, total 15ms

D/dalvikvm( 2250): GC_EXPLICIT freed 189K, 55% free 4840K/10660K, paused 1ms+3ms, total 33ms

D/dalvikvm( 2681): GC_CONCURRENT freed 1904K, 74% free 2846K/10660K, paused 1ms+2ms, total 14ms

D/dalvikvm( 2681): GC_CONCURRENT freed 1899K, 73% free 2901K/10660K, paused 2ms+1ms, total 14ms

D/dalvikvm( 2250): GC_EXPLICIT freed 126K, 55% free 4840K/10660K, paused 2ms+3ms, total 33ms

D/dalvikvm( 2681): GC_CONCURRENT freed 1909K, 73% free 2928K/10660K, paused 1ms+2ms, total 14ms

D/dalvikvm( 2681): GC_CONCURRENT freed 1914K, 73% free 2959K/10660K, paused 3ms+2ms, total 14ms

D/dalvikvm( 2250): GC_EXPLICIT freed 119K, 55% free 4840K/10660K, paused 1ms+2ms, total 33ms

D/dalvikvm( 2681): GC_CONCURRENT freed 1887K, 72% free 2997K/10660K, paused 2ms+1ms, total 14ms

D/dalvikvm( 2681): GC_CONCURRENT freed 1896K, 72% free 3062K/10660K, paused 2ms+2ms, total 16ms

D/dalvikvm( 2250): GC_EXPLICIT freed 118K, 55% free 4840K/10660K, paused 2ms+3ms, total 33ms

D/dalvikvm( 2250): GC_EXPLICIT freed 117K, 55% free 4841K/10660K, paused 1ms+2ms, total 27ms

D/dalvikvm( 2681): GC_EXPLICIT freed 1116K, 69% free 3357K/10660K, paused 1ms+2ms, total 17ms

D/dalvikvm( 2250): GC_EXPLICIT freed 118K, 55% free 4840K/10660K, paused 2ms+3ms, total 28ms

D/dalvikvm( 2250): GC_EXPLICIT freed 117K, 55% free 4840K/10660K, paused 2ms+2ms, total 28ms

D/dalvikvm( 2681): GC_EXPLICIT freed 839K, 68% free 3494K/10660K, paused 1ms+3ms, total 19ms

D/dalvikvm( 2250): GC_EXPLICIT freed 118K, 55% free 4840K/10660K, paused 1ms+2ms, total 27ms

D/dalvikvm( 2681): GC_CONCURRENT freed 2058K, 68% free 3413K/10660K, paused 1ms+2ms, total 22ms

D/dalvikvm( 2250): GC_EXPLICIT freed 119K, 55% free 4840K/10660K, paused 1ms+2ms, total 27ms

D/dalvikvm( 2250): GC_EXPLICIT freed 115K, 55% free 4841K/10660K, paused 1ms+2ms, total 28ms

D/dalvikvm( 2681): GC_EXPLICIT freed 1169K, 66% free 3639K/10660K, paused 1ms+3ms, total 21ms

D/dalvikvm( 2250): GC_EXPLICIT freed 117K, 55% free 4841K/10660K, paused 1ms+3ms, total 28ms

D/dalvikvm( 2250): GC_EXPLICIT freed 117K, 55% free 4841K/10660K, paused 1ms+2ms, total 27ms

D/dalvikvm( 2681): GC_EXPLICIT freed 790K, 66% free 3648K/10660K, paused 1ms+4ms, total 21ms

D/dalvikvm( 2250): GC_EXPLICIT freed 117K, 55% free 4841K/10660K, paused 1ms+2ms, total 28ms

D/dalvikvm( 2250): GC_EXPLICIT freed 118K, 55% free 4840K/10660K, paused 1ms+3ms, total 28ms

D/dalvikvm( 2681): GC_EXPLICIT freed 796K, 66% free 3644K/10660K, paused 1ms+4ms, total 21ms

D/dalvikvm( 2250): GC_EXPLICIT freed 117K, 55% free 4841K/10660K, paused 2ms+3ms, total 28ms

D/dalvikvm( 2250): GC_EXPLICIT freed 105K, 55% free 4841K/10660K, paused 1ms+2ms, total 28ms

D/dalvikvm( 2681): GC_EXPLICIT freed 1208K, 69% free 3317K/10660K, paused 1ms+3ms, total 22ms

D/dalvikvm( 2250): GC_EXPLICIT freed 106K, 55% free 4841K/10660K, paused 1ms+2ms, total 28ms

D/dalvikvm( 2250): GC_EXPLICIT freed 105K, 55% free 4841K/10660K, paused 2ms+3ms, total 28ms

D/dalvikvm( 2681): GC_EXPLICIT freed 841K, 69% free 3373K/10660K, paused 1ms+5ms, total 23ms

D/dalvikvm( 2250): GC_EXPLICIT freed 107K, 55% free 4841K/10660K, paused 1ms+3ms, total 28ms

D/dalvikvm( 2250): GC_EXPLICIT freed 107K, 55% free 4841K/10660K, paused 1ms+3ms, total 28ms

D/dalvikvm( 2681): GC_EXPLICIT freed 837K, 68% free 3437K/10660K, paused 1ms+3ms, total 22ms

D/dalvikvm( 2250): GC_EXPLICIT freed 108K, 55% free 4841K/10660K, paused 1ms+2ms, total 27ms

D/dalvikvm( 2250): GC_EXPLICIT freed 108K, 55% free 4841K/10660K, paused 2ms+2ms, total 28ms

D/dalvikvm( 2681): GC_EXPLICIT freed 841K, 68% free 3479K/10660K, paused 1ms+4ms, total 23ms

D/dalvikvm( 2250): GC_EXPLICIT freed 109K, 55% free 4841K/10660K, paused 2ms+3ms, total 28ms

D/dalvikvm( 2250): GC_EXPLICIT freed 110K, 55% free 4841K/10660K, paused 2ms+3ms, total 28ms

D/dalvikvm( 2681): GC_EXPLICIT freed 827K, 67% free 3534K/10660K, paused 1ms+3ms, total 22ms

D/dalvikvm( 2250): GC_EXPLICIT freed 110K, 55% free 4840K/10660K, paused 2ms+2ms, total 28ms

D/dalvikvm( 2250): GC_EXPLICIT freed 106K, 55% free 4841K/10660K, paused 1ms+3ms, total 28ms

D/dalvikvm( 2681): GC_EXPLICIT freed 835K, 67% free 3583K/10660K, paused 1ms+4ms, total 22ms

D/dalvikvm( 2250): GC_EXPLICIT freed 108K, 55% free 4842K/10660K, paused 2ms+3ms, total 28ms

D/dalvikvm( 2250): GC_EXPLICIT freed 108K, 55% free 4841K/10660K, paused 1ms+2ms, total 32ms

D/dalvikvm( 2681): GC_EXPLICIT freed 1750K, 66% free 3633K/10660K, paused 1ms+3ms, total 25ms

D/dalvikvm( 2250): GC_EXPLICIT freed 118K, 55% free 4840K/10660K, paused 2ms+3ms, total 31ms

D/dalvikvm( 2250): GC_EXPLICIT freed 115K, 55% free 4841K/10660K, paused 2ms+3ms, total 28ms

D/dalvikvm( 2681): GC_EXPLICIT freed 1694K, 66% free 3651K/10660K, paused 1ms+3ms, total 23ms

D/dalvikvm( 2250): GC_EXPLICIT freed 117K, 55% free 4841K/10660K, paused 1ms+2ms, total 27ms

D/dalvikvm( 2250): GC_EXPLICIT freed 117K, 55% free 4841K/10660K, paused 1ms+3ms, total 28ms

D/dalvikvm( 2681): GC_EXPLICIT freed 800K, 66% free 3653K/10660K, paused 1ms+4ms, total 22ms

D/dalvikvm( 2250): GC_EXPLICIT freed 116K, 55% free 4842K/10660K, paused 1ms+3ms, total 28ms

D/dalvikvm( 2250): GC_EXPLICIT freed 118K, 55% free 4840K/10660K, paused 2ms+3ms, total 28ms

D/dalvikvm( 2681): GC_EXPLICIT freed 799K, 66% free 3648K/10660K, paused 1ms+4ms, total 21ms

D/dalvikvm( 2250): GC_EXPLICIT freed 116K, 55% free 4841K/10660K, paused 2ms+2ms, total 28ms

D/dalvikvm( 2250): GC_EXPLICIT freed 117K, 55% free 4841K/10660K, paused 1ms+2ms, total 27ms

D/dalvikvm( 2681): GC_EXPLICIT freed 797K, 66% free 3648K/10660K, paused 1ms+4ms, total 21ms

D/dalvikvm( 2250): GC_EXPLICIT freed 117K, 55% free 4841K/10660K, paused 2ms+2ms, total 28ms

D/dalvikvm( 2250): GC_EXPLICIT freed 116K, 55% free 4841K/10660K, paused 1ms+2ms, total 28ms

D/dalvikvm( 2681): GC_EXPLICIT freed 794K, 66% free 3651K/10660K, paused 1ms+3ms, total 21ms

D/dalvikvm( 2250): GC_EXPLICIT freed 116K, 55% free 4841K/10660K, paused 1ms+2ms, total 27ms

D/dalvikvm( 2250): GC_EXPLICIT freed 119K, 55% free 4840K/10660K, paused 2ms+3ms, total 28ms

D/dalvikvm( 2681): GC_EXPLICIT freed 1188K, 69% free 3306K/10660K, paused 1ms+3ms, total 22ms

D/dalvikvm( 2250): GC_EXPLICIT freed 108K, 55% free 4842K/10660K, paused 2ms+2ms, total 28ms

D/dalvikvm( 2250): GC_EXPLICIT freed 109K, 55% free 4842K/10660K, paused 2ms+3ms, total 28ms

D/dalvikvm( 2681): GC_EXPLICIT freed 840K, 69% free 3341K/10660K, paused 1ms+4ms, total 21ms

D/dalvikvm( 2250): GC_EXPLICIT freed 110K, 55% free 4841K/10660K, paused 2ms+2ms, total 28ms

D/dalvikvm( 2250): GC_EXPLICIT freed 109K, 55% free 4841K/10660K, paused 2ms+2ms, total 28ms

D/dalvikvm( 2681): GC_EXPLICIT freed 829K, 69% free 3396K/10660K, paused 1ms+3ms, total 22ms

D/dalvikvm( 2250): GC_EXPLICIT freed 109K, 55% free 4842K/10660K, paused 2ms+2ms, total 28ms

D/dalvikvm( 2250): GC_EXPLICIT freed 108K, 55% free 4842K/10660K, paused 1ms+2ms, total 27ms

D/dalvikvm( 2681): GC_EXPLICIT freed 836K, 68% free 3432K/10660K, paused 1ms+3ms, total 21ms

D/dalvikvm( 2250): GC_EXPLICIT freed 110K, 55% free 4841K/10660K, paused 2ms+2ms, total 29ms

D/dalvikvm( 2250): GC_EXPLICIT freed 107K, 55% free 4842K/10660K, paused 2ms+2ms, total 28ms

D/dalvikvm( 2681): GC_EXPLICIT freed 828K, 68% free 3480K/10660K, paused 1ms+4ms, total 22ms

D/dalvikvm( 2250): GC_EXPLICIT freed 109K, 55% free 4841K/10660K, paused 2ms+2ms, total 29ms

D/dalvikvm( 2250): GC_EXPLICIT freed 109K, 55% free 4842K/10660K, paused 3ms+3ms, total 29ms

D/dalvikvm( 2681): GC_EXPLICIT freed 798K, 67% free 3519K/10660K, paused 1ms+4ms, total 21ms

D/dalvikvm( 2250): GC_EXPLICIT freed 109K, 55% free 4840K/10660K, paused 1ms+2ms, total 29ms

D/dalvikvm( 2250): GC_EXPLICIT freed 104K, 55% free 4841K/10660K, paused 1ms+2ms, total 27ms

D/dalvikvm( 2681): GC_EXPLICIT freed 790K, 67% free 3571K/10660K, paused 2ms+4ms, total 24ms

D/dalvikvm( 2250): GC_EXPLICIT freed 107K, 55% free 4840K/10660K, paused 2ms+2ms, total 30ms

D/dalvikvm( 2250): GC_EXPLICIT freed 106K, 55% free 4842K/10660K, paused 1ms+2ms, total 27ms

D/dalvikvm( 2681): GC_EXPLICIT freed 1783K, 66% free 3630K/10660K, paused 2ms+4ms, total 28ms

D/dalvikvm( 2250): GC_EXPLICIT freed 119K, 55% free 4840K/10660K, paused 2ms+3ms, total 33ms

D/dalvikvm( 2250): GC_EXPLICIT freed 119K, 55% free 4841K/10660K, paused 2ms+3ms, total 32ms

D/dalvikvm( 2681): GC_CONCURRENT freed 2087K, 68% free 3470K/10660K, paused 1ms+2ms, total 19ms

D/dalvikvm( 2250): GC_EXPLICIT freed 117K, 55% free 4841K/10660K, paused 1ms+2ms, total 28ms

D/dalvikvm( 2250): GC_EXPLICIT freed 119K, 55% free 4840K/10660K, paused 1ms+2ms, total 28ms

D/dalvikvm( 2681): GC_EXPLICIT freed 628K, 66% free 3639K/10660K, paused 1ms+3ms, total 21ms

D/dalvikvm( 2250): GC_EXPLICIT freed 116K, 55% free 4841K/10660K, paused 1ms+2ms, total 28ms

D/dalvikvm( 2250): GC_EXPLICIT freed 117K, 55% free 4841K/10660K, paused 2ms+3ms, total 28ms

D/dalvikvm( 2681): GC_EXPLICIT freed 795K, 66% free 3639K/10660K, paused 1ms+4ms, total 22ms

D/dalvikvm( 2250): GC_EXPLICIT freed 117K, 55% free 4841K/10660K, paused 2ms+3ms, total 28ms

D/dalvikvm( 2250): GC_EXPLICIT freed 116K, 55% free 4842K/10660K, paused 1ms+2ms, total 27ms

D/dalvikvm( 2681): GC_EXPLICIT freed 797K, 66% free 3637K/10660K, paused 1ms+4ms, total 21ms

D/dalvikvm( 2250): GC_EXPLICIT freed 118K, 55% free 4840K/10660K, paused 2ms+2ms, total 28ms

D/dalvikvm( 2250): GC_EXPLICIT freed 116K, 55% free 4841K/10660K, paused 2ms+3ms, total 28ms

D/dalvikvm( 2681): GC_EXPLICIT freed 797K, 66% free 3637K/10660K, paused 1ms+4ms, total 21ms

D/dalvikvm( 2250): GC_EXPLICIT freed 117K, 55% free 4841K/10660K, paused 2ms+3ms, total 28ms

D/dalvikvm( 2250): GC_EXPLICIT freed 117K, 55% free 4841K/10660K, paused 1ms+3ms, total 28ms

D/dalvikvm( 2681): GC_EXPLICIT freed 795K, 66% free 3639K/10660K, paused 1ms+4ms, total 21ms

D/dalvikvm( 2250): GC_EXPLICIT freed 115K, 55% free 4840K/10660K, paused 2ms+2ms, total 28ms

D/dalvikvm( 2250): GC_EXPLICIT freed 106K, 55% free 4841K/10660K, paused 2ms+2ms, total 27ms

D/dalvikvm( 2681): GC_EXPLICIT freed 1212K, 69% free 3316K/10660K, paused 1ms+4ms, total 24ms

D/dalvikvm( 2250): GC_EXPLICIT freed 111K, 55% free 4841K/10660K, paused 2ms+2ms, total 28ms

D/dalvikvm( 2250): GC_EXPLICIT freed 113K, 55% free 4842K/10660K, paused 1ms+2ms, total 28ms

D/dalvikvm( 2681): GC_EXPLICIT freed 1786K, 69% free 3373K/10660K, paused 1ms+3ms, total 21ms

D/dalvikvm( 2250): GC_EXPLICIT freed 114K, 55% free 4840K/10660K, paused 2ms+2ms, total 28ms

D/dalvikvm( 2681): GC_CONCURRENT freed 2012K, 69% free 3345K/10660K, paused 1ms+3ms, total 18ms

D/dalvikvm( 2250): GC_EXPLICIT freed 114K, 55% free 4840K/10660K, paused 2ms+3ms, total 30ms

D/dalvikvm( 2250): GC_EXPLICIT freed 116K, 55% free 4841K/10660K, paused 2ms+3ms, total 33ms

D/dalvikvm( 2681): GC_CONCURRENT freed 1942K, 69% free 3370K/10660K, paused 2ms+3ms, total 22ms

D/dalvikvm( 2250): GC_EXPLICIT freed 117K, 55% free 4841K/10660K, paused 2ms+3ms, total 29ms

D/dalvikvm( 2250): GC_EXPLICIT freed 117K, 55% free 4841K/10660K, paused 2ms+2ms, total 28ms

D/dalvikvm( 2681): GC_EXPLICIT freed 1603K, 66% free 3633K/10660K, paused 1ms+3ms, total 22ms

D/dalvikvm( 2250): GC_EXPLICIT freed 117K, 55% free 4841K/10660K, paused 2ms+3ms, total 28ms

D/dalvikvm( 2250): GC_EXPLICIT freed 117K, 55% free 4841K/10660K, paused 1ms+2ms, total 28ms

D/dalvikvm( 2681): GC_EXPLICIT freed 799K, 66% free 3637K/10660K, paused 1ms+4ms, total 21ms

D/dalvikvm( 2250): GC_EXPLICIT freed 116K, 55% free 4841K/10660K, paused 1ms+2ms, total 27ms

D/dalvikvm( 2250): GC_EXPLICIT freed 117K, 55% free 4841K/10660K, paused 2ms+2ms, total 28ms

D/dalvikvm( 2681): GC_EXPLICIT freed 799K, 66% free 3636K/10660K, paused 1ms+4ms, total 22ms

D/dalvikvm( 2250): GC_EXPLICIT freed 117K, 55% free 4841K/10660K, paused 1ms+2ms, total 28ms

D/dalvikvm( 2250): GC_EXPLICIT freed 116K, 55% free 4841K/10660K, paused 2ms+3ms, total 28ms

D/dalvikvm( 2681): GC_EXPLICIT freed 801K, 66% free 3636K/10660K, paused 1ms+3ms, total 22ms

D/dalvikvm( 2250): GC_EXPLICIT freed 117K, 55% free 4841K/10660K, paused 2ms+2ms, total 29ms

D/dalvikvm( 2250): GC_EXPLICIT freed 118K, 55% free 4841K/10660K, paused 1ms+2ms, total 27ms

D/dalvikvm( 2681): GC_EXPLICIT freed 802K, 66% free 3635K/10660K, paused 1ms+3ms, total 23ms

D/dalvikvm( 2250): GC_EXPLICIT freed 116K, 55% free 4842K/10660K, paused 1ms+3ms, total 28ms

D/dalvikvm( 2250): GC_EXPLICIT freed 116K, 55% free 4841K/10660K, paused 2ms+3ms, total 42ms

D/dalvikvm( 2681): GC_EXPLICIT freed 1751K, 72% free 3050K/10660K, paused 1ms+4ms, total 24ms

D/dalvikvm( 2250): GC_EXPLICIT freed 121K, 55% free 4838K/10660K, paused 1ms+2ms, total 27ms

D/dalvikvm( 2250): GC_EXPLICIT freed 113K, 55% free 4839K/10660K, paused 1ms+3ms, total 29ms

D/dalvikvm( 2681): GC_EXPLICIT freed 1950K, 72% free 3040K/10660K, paused 1ms+3ms, total 24ms

D/dalvikvm( 2250): GC_EXPLICIT freed 127K, 55% free 4840K/10660K, paused 2ms+2ms, total 28ms

D/dalvikvm( 2681): GC_CONCURRENT freed 1984K, 72% free 3035K/10660K, paused 2ms+2ms, total 17ms

D/dalvikvm( 2250): GC_EXPLICIT freed 111K, 55% free 4841K/10660K, paused 1ms+2ms, total 28ms

D/dalvikvm( 2250): GC_EXPLICIT freed 114K, 55% free 4840K/10660K, paused 1ms+2ms, total 28ms

D/dalvikvm( 2681): GC_CONCURRENT freed 1866K, 71% free 3140K/10660K, paused 1ms+3ms, total 19ms

D/dalvikvm( 2790): GC_FOR_ALLOC freed 6147K, 45% free 7872K/14200K, paused 14ms, total 14ms

I/dalvikvm-heap( 2790): Grow heap (frag case) to 13.239MB for 3542416-byte allocation

D/dalvikvm( 2790): GC_CONCURRENT freed 24K, 21% free 11307K/14200K, paused 3ms+2ms, total 13ms

D/dalvikvm( 2681): GC_EXPLICIT freed 412K, 75% free 2736K/10660K, paused 1ms+2ms, total 20ms

D/dalvikvm( 2250): GC_EXPLICIT freed 113K, 55% free 4841K/10660K, paused 2ms+3ms, total 33ms

D/audio_hw_primary( 1854): select_output_device: AUDIO_DEVICE_OUT_SPEAKER

D/dalvikvm( 2790): GC_FOR_ALLOC freed 3469K, 45% free 7846K/14200K, paused 12ms, total 12ms

I/dalvikvm-heap( 2790): Grow heap (frag case) to 13.213MB for 3542416-byte allocation

D/dalvikvm( 2790): GC_CONCURRENT freed <1K, 21% free 11306K/14200K, paused 3ms+1ms, total 17ms

D/dalvikvm( 2250): GC_EXPLICIT freed 113K, 55% free 4840K/10660K, paused 1ms+2ms, total 30ms

D/dalvikvm( 2681): GC_CONCURRENT freed 1608K, 71% free 3104K/10660K, paused 2ms+3ms, total 16ms

D/dalvikvm( 2250): GC_EXPLICIT freed 114K, 55% free 4839K/10660K, paused 1ms+3ms, total 28ms

D/dalvikvm( 2250): GC_EXPLICIT freed 113K, 55% free 4840K/10660K, paused 1ms+2ms, total 28ms

D/dalvikvm( 2681): GC_CONCURRENT freed 1924K, 71% free 3183K/10660K, paused 2ms+3ms, total 17ms

D/dalvikvm( 2250): GC_EXPLICIT freed 114K, 55% free 4841K/10660K, paused 2ms+2ms, total 29ms

D/dalvikvm( 2250): GC_EXPLICIT freed 114K, 55% free 4839K/10660K, paused 1ms+3ms, total 28ms

D/dalvikvm( 2681): GC_EXPLICIT freed 1985K, 71% free 3156K/10660K, paused 2ms+4ms, total 21ms

D/dalvikvm( 2250): GC_EXPLICIT freed 113K, 55% free 4841K/10660K, paused 2ms+2ms, total 28ms

D/dalvikvm( 2250): GC_EXPLICIT freed 114K, 55% free 4840K/10660K, paused 2ms+2ms, total 28ms

D/dalvikvm( 2681): GC_CONCURRENT freed 1916K, 70% free 3217K/10660K, paused 2ms+5ms, total 19ms

D/dalvikvm( 2250): GC_EXPLICIT freed 114K, 55% free 4840K/10660K, paused 1ms+2ms, total 28ms

D/dalvikvm( 2250): GC_EXPLICIT freed 113K, 55% free 4840K/10660K, paused 2ms+3ms, total 29ms

D/dalvikvm( 2681): GC_CONCURRENT freed 1964K, 70% free 3258K/10660K, paused 1ms+3ms, total 18ms

D/dalvikvm( 2250): GC_EXPLICIT freed 114K, 55% free 4840K/10660K, paused 2ms+2ms, total 28ms

D/dalvikvm( 2250): GC_EXPLICIT freed 114K, 55% free 4840K/10660K, paused 2ms+2ms, total 28ms

D/dalvikvm( 2681): GC_CONCURRENT freed 1969K, 70% free 3268K/10660K, paused 1ms+3ms, total 18ms

D/dalvikvm( 2250): GC_EXPLICIT freed 113K, 55% free 4840K/10660K, paused 2ms+2ms, total 28ms

D/dalvikvm( 2250): GC_EXPLICIT freed 112K, 55% free 4840K/10660K, paused 1ms+2ms, total 28ms

D/dalvikvm( 2681): GC_CONCURRENT freed 2003K, 70% free 3234K/10660K, paused 1ms+4ms, total 17ms

D/dalvikvm( 2250): GC_EXPLICIT freed 113K, 55% free 4840K/10660K, paused 1ms+3ms, total 28ms

D/dalvikvm( 2250): GC_EXPLICIT freed 114K, 55% free 4841K/10660K, paused 1ms+2ms, total 28ms

D/dalvikvm( 2681): GC_CONCURRENT freed 1884K, 69% free 3328K/10660K, paused 2ms+3ms, total 21ms

D/dalvikvm( 2681): WAIT_FOR_CONCURRENT_GC blocked 7ms

D/dalvikvm( 2681): GC_EXPLICIT freed 418K, 73% free 2949K/10660K, paused 2ms+2ms, total 20ms

D/dalvikvm( 2250): GC_EXPLICIT freed 114K, 55% free 4840K/10660K, paused 3ms+3ms, total 32ms

D/dalvikvm( 2250): GC_EXPLICIT freed 114K, 55% free 4840K/10660K, paused 1ms+2ms, total 29ms

D/dalvikvm( 2681): GC_CONCURRENT freed 1578K, 69% free 3317K/10660K, paused 2ms+3ms, total 18ms

D/dalvikvm( 2681): WAIT_FOR_CONCURRENT_GC blocked 11ms

D/dalvikvm( 2681): GC_EXPLICIT freed 417K, 73% free 2973K/10660K, paused 1ms+1ms, total 21ms

D/dalvikvm( 2250): GC_EXPLICIT freed 113K, 55% free 4840K/10660K, paused 2ms+3ms, total 30ms

D/dalvikvm( 2250): GC_EXPLICIT freed 113K, 55% free 4840K/10660K, paused 1ms+3ms, total 30ms

D/dalvikvm( 2681): GC_CONCURRENT freed 1645K, 69% free 3309K/10660K, paused 1ms+4ms, total 18ms

D/dalvikvm( 2681): WAIT_FOR_CONCURRENT_GC blocked 6ms

D/dalvikvm( 2681): GC_EXPLICIT freed 418K, 73% free 2970K/10660K, paused 2ms+1ms, total 22ms

D/dalvikvm( 2250): GC_EXPLICIT freed 113K, 55% free 4840K/10660K, paused 2ms+2ms, total 31ms

D/dalvikvm( 2250): GC_EXPLICIT freed 113K, 55% free 4840K/10660K, paused 1ms+2ms, total 31ms

D/dalvikvm( 2681): GC_CONCURRENT freed 1581K, 69% free 3370K/10660K, paused 2ms+3ms, total 21ms

D/dalvikvm( 2250): GC_EXPLICIT freed 113K, 55% free 4841K/10660K, paused 2ms+3ms, total 31ms

D/dalvikvm( 2681): GC_CONCURRENT freed 2054K, 69% free 3363K/10660K, paused 1ms+3ms, total 26ms

D/dalvikvm( 2681): WAIT_FOR_CONCURRENT_GC blocked 8ms

D/dalvikvm( 2681): WAIT_FOR_CONCURRENT_GC blocked 8ms

D/dalvikvm( 2250): GC_EXPLICIT freed 118K, 55% free 4840K/10660K, paused 2ms+3ms, total 35ms

D/dalvikvm( 2681): GC_CONCURRENT freed 1900K, 68% free 3471K/10660K, paused 0ms+3ms, total 29ms

D/dalvikvm( 2250): GC_EXPLICIT freed 117K, 55% free 4840K/10660K, paused 1ms+3ms, total 31ms

D/dalvikvm( 2250): GC_EXPLICIT freed 133K, 55% free 4841K/10660K, paused 2ms+2ms, total 31ms

D/dalvikvm( 2681): GC_EXPLICIT freed 630K, 66% free 3638K/10660K, paused 1ms+4ms, total 23ms

D/dalvikvm( 2250): GC_EXPLICIT freed 117K, 55% free 4841K/10660K, paused 2ms+2ms, total 28ms

D/dalvikvm( 2250): GC_EXPLICIT freed 121K, 55% free 4842K/10660K, paused 1ms+2ms, total 31ms

D/dalvikvm( 2681): GC_EXPLICIT freed 797K, 66% free 3637K/10660K, paused 2ms+4ms, total 24ms

D/dalvikvm( 2250): GC_EXPLICIT freed 119K, 55% free 4841K/10660K, paused 2ms+2ms, total 29ms

D/dalvikvm( 2250): GC_EXPLICIT freed 116K, 55% free 4842K/10660K, paused 2ms+2ms, total 28ms

D/dalvikvm( 2681): GC_EXPLICIT freed 797K, 66% free 3638K/10660K, paused 1ms+3ms, total 22ms

D/dalvikvm( 2250): GC_EXPLICIT freed 117K, 55% free 4841K/10660K, paused 2ms+2ms, total 28ms

D/dalvikvm( 2250): GC_EXPLICIT freed 117K, 55% free 4841K/10660K, paused 1ms+3ms, total 28ms

D/dalvikvm( 2681): GC_EXPLICIT freed 801K, 66% free 3638K/10660K, paused 1ms+4ms, total 22ms

D/dalvikvm( 2250): GC_EXPLICIT freed 118K, 55% free 4842K/10660K, paused 2ms+2ms, total 30ms

D/dalvikvm( 2250): GC_EXPLICIT freed 117K, 55% free 4841K/10660K, paused 1ms+2ms, total 28ms

D/audio_hw_primary( 1854): select_output_device: AUDIO_DEVICE_OUT_SPEAKER

D/dalvikvm( 2681): GC_EXPLICIT freed 839K, 66% free 3670K/10660K, paused 1ms+5ms, total 28ms

D/dalvikvm( 2250): GC_EXPLICIT freed 117K, 55% free 4841K/10660K, paused 2ms+2ms, total 33ms

D/dalvikvm( 2250): GC_EXPLICIT freed 112K, 55% free 4843K/10660K, paused 2ms+2ms, total 31ms

D/dalvikvm( 2681): GC_CONCURRENT freed 2614K, 72% free 3022K/10660K, paused 2ms+5ms, total 24ms

D/dalvikvm( 2250): GC_EXPLICIT freed 113K, 55% free 4842K/10660K, paused 1ms+2ms, total 29ms

D/dalvikvm( 2250): GC_EXPLICIT freed 114K, 55% free 4843K/10660K, paused 2ms+2ms, total 28ms

D/dalvikvm( 2681): GC_CONCURRENT freed 1898K, 72% free 3078K/10660K, paused 2ms+3ms, total 17ms

D/dalvikvm( 2250): GC_EXPLICIT freed 114K, 55% free 4842K/10660K, paused 2ms+2ms, total 29ms

D/dalvikvm( 2250): GC_EXPLICIT freed 113K, 55% free 4843K/10660K, paused 2ms+2ms, total 29ms

D/dalvikvm( 2681): GC_CONCURRENT freed 1977K, 71% free 3100K/10660K, paused 2ms+4ms, total 18ms

D/dalvikvm( 2250): GC_EXPLICIT freed 114K, 55% free 4841K/10660K, paused 2ms+2ms, total 29ms

D/dalvikvm( 2250): GC_EXPLICIT freed 114K, 55% free 4841K/10660K, paused 2ms+3ms, total 29ms

D/dalvikvm( 2681): GC_CONCURRENT freed 1955K, 71% free 3135K/10660K, paused 2ms+3ms, total 19ms

D/dalvikvm( 2250): GC_EXPLICIT freed 112K, 55% free 4842K/10660K, paused 2ms+3ms, total 28ms

D/dalvikvm( 2250): GC_EXPLICIT freed 114K, 55% free 4842K/10660K, paused 1ms+2ms, total 27ms

D/dalvikvm( 2681): GC_CONCURRENT freed 1952K, 71% free 3185K/10660K, paused 2ms+4ms, total 19ms

D/dalvikvm( 2250): GC_EXPLICIT freed 114K, 55% free 4842K/10660K, paused 3ms+2ms, total 30ms

D/dalvikvm( 2250): GC_EXPLICIT freed 112K, 55% free 4843K/10660K, paused 1ms+3ms, total 29ms

D/dalvikvm( 2681): GC_CONCURRENT freed 1955K, 70% free 3209K/10660K, paused 2ms+3ms, total 16ms

D/dalvikvm( 2681): WAIT_FOR_CONCURRENT_GC blocked 13ms

D/dalvikvm( 2681): GC_EXPLICIT freed 452K, 74% free 2797K/10660K, paused 3ms+1ms, total 19ms

D/dalvikvm( 2250): GC_EXPLICIT freed 112K, 55% free 4843K/10660K, paused 2ms+2ms, total 28ms

D/dalvikvm( 2250): GC_EXPLICIT freed 114K, 55% free 4842K/10660K, paused 1ms+2ms, total 29ms

D/dalvikvm( 2681): GC_CONCURRENT freed 1557K, 71% free 3181K/10660K, paused 1ms+3ms, total 16ms

D/dalvikvm( 2250): GC_EXPLICIT freed 112K, 55% free 4843K/10660K, paused 1ms+2ms, total 28ms

D/dalvikvm( 2250): GC_EXPLICIT freed 113K, 55% free 4843K/10660K, paused 2ms+2ms, total 28ms

D/dalvikvm( 2681): GC_CONCURRENT freed 1952K, 70% free 3240K/10660K, paused 2ms+3ms, total 19ms

D/dalvikvm( 2250): GC_EXPLICIT freed 113K, 55% free 4842K/10660K, paused 1ms+2ms, total 28ms

D/dalvikvm( 2681): GC_CONCURRENT freed 1982K, 70% free 3214K/10660K, paused 2ms+3ms, total 17ms

D/dalvikvm( 2250): GC_EXPLICIT freed 113K, 55% free 4841K/10660K, paused 1ms+2ms, total 29ms

D/dalvikvm( 2250): GC_EXPLICIT freed 113K, 55% free 4841K/10660K, paused 2ms+2ms, total 28ms

D/dalvikvm( 2681): GC_CONCURRENT freed 1946K, 70% free 3243K/10660K, paused 1ms+3ms, total 17ms

D/dalvikvm( 2681): WAIT_FOR_CONCURRENT_GC blocked 9ms

D/dalvikvm( 2681): GC_EXPLICIT freed 386K, 73% free 2900K/10660K, paused 1ms+2ms, total 19ms

D/dalvikvm( 2250): GC_EXPLICIT freed 112K, 55% free 4842K/10660K, paused 1ms+3ms, total 29ms

D/dalvikvm( 2250): GC_EXPLICIT freed 112K, 55% free 4842K/10660K, paused 2ms+2ms, total 29ms

D/dalvikvm( 2681): GC_CONCURRENT freed 1549K, 70% free 3295K/10660K, paused 1ms+4ms, total 15ms

D/dalvikvm( 2681): WAIT_FOR_CONCURRENT_GC blocked 8ms

D/dalvikvm( 2250): GC_EXPLICIT freed 113K, 55% free 4842K/10660K, paused 1ms+3ms, total 33ms

D/dalvikvm( 2681): GC_EXPLICIT freed 378K, 73% free 2917K/10660K, paused 2ms+1ms, total 20ms

D/dalvikvm( 2250): GC_EXPLICIT freed 112K, 55% free 4842K/10660K, paused 1ms+2ms, total 27ms

D/dalvikvm( 2681): GC_CONCURRENT freed 1574K, 70% free 3287K/10660K, paused 1ms+3ms, total 16ms

D/dalvikvm( 2250): GC_EXPLICIT freed 114K, 55% free 4841K/10660K, paused 1ms+2ms, total 27ms

D/dalvikvm( 2250): GC_EXPLICIT freed 111K, 55% free 4842K/10660K, paused 2ms+3ms, total 29ms

I/ActivityManager( 2250): START u0 {act=android.settings.SETTINGS flg=0x14000000 cmp=com.android.settings/.Settings} from pid 2496

D/audio_hw_primary( 1854): select_output_device: AUDIO_DEVICE_OUT_SPEAKER

D/dalvikvm( 2681): GC_EXPLICIT freed 1772K, 69% free 3336K/10660K, paused 1ms+4ms, total 31ms

D/PermissionCache( 1851): checking android.permission.READ_FRAME_BUFFER for uid=1000 => granted (3842 us)

D/dalvikvm( 2250): GC_EXPLICIT freed 140K, 50% free 5380K/10660K, paused 9ms+4ms, total 49ms

D/BluetoothAdapter( 2615): 1089929512: getState() :  mService = null. Returning STATE_OFF

D/libEGL  ( 2615): loaded /system/lib/egl/libEGL_mali.so

D/libEGL  ( 2615): loaded /system/lib/egl/libGLESv1_CM_mali.so

D/libEGL  ( 2615): loaded /system/lib/egl/libGLESv2_mali.so

E/        ( 2615): Device driver API match

E/        ( 2615): Device driver API version: 17

E/        ( 2615): User space API version: 17 

E/        ( 2615): mali: REVISION=Linux-r3p1-01rel1 BUILD_DATE=Mon May  6 11:20:56 KST 2013 

D/OpenGLRenderer( 2615): Enabling debug mode 0

D/BluetoothAdapter( 2615): 1089929512: getState() :  mService = null. Returning STATE_OFF

D/dalvikvm( 2250): GC_EXPLICIT freed 136K, 50% free 5388K/10660K, paused 1ms+2ms, total 37ms

I/ActivityManager( 2250): Displayed com.android.settings/.Settings: +397ms

D/dalvikvm( 2250): WAIT_FOR_CONCURRENT_GC blocked 1ms

D/dalvikvm( 2250): GC_EXPLICIT freed 125K, 50% free 5387K/10660K, paused 1ms+3ms, total 31ms

D/dalvikvm( 2681): GC_EXPLICIT freed 840K, 69% free 3353K/10660K, paused 1ms+4ms, total 24ms

D/dalvikvm( 2250): GC_EXPLICIT freed 246K, 51% free 5250K/10660K, paused 2ms+2ms, total 28ms

I/dalvikvm( 2681): Jit: resizing JitTable from 4096 to 8192

D/dalvikvm( 2250): GC_EXPLICIT freed 106K, 51% free 5248K/10660K, paused 2ms+2ms, total 28ms

D/dalvikvm( 2681): GC_EXPLICIT freed 833K, 69% free 3391K/10660K, paused 1ms+3ms, total 22ms

D/dalvikvm( 2250): GC_EXPLICIT freed 104K, 51% free 5247K/10660K, paused 1ms+2ms, total 28ms

D/dalvikvm( 2250): GC_EXPLICIT freed 107K, 51% free 5247K/10660K, paused 2ms+2ms, total 28ms

D/dalvikvm( 2681): GC_EXPLICIT freed 800K, 68% free 3442K/10660K, paused 1ms+4ms, total 24ms

D/dalvikvm( 2250): GC_EXPLICIT freed 105K, 51% free 5248K/10660K, paused 1ms+3ms, total 32ms

D/dalvikvm( 2250): GC_EXPLICIT freed 106K, 51% free 5248K/10660K, paused 2ms+3ms, total 31ms

D/dalvikvm( 2681): GC_EXPLICIT freed 805K, 68% free 3468K/10660K, paused 1ms+3ms, total 26ms

D/dalvikvm( 2250): GC_EXPLICIT freed 109K, 51% free 5249K/10660K, paused 2ms+2ms, total 31ms

D/dalvikvm( 2250): GC_EXPLICIT freed 111K, 51% free 5247K/10660K, paused 1ms+3ms, total 30ms

D/dalvikvm( 2681): GC_EXPLICIT freed 904K, 68% free 3489K/10660K, paused 1ms+4ms, total 23ms

D/dalvikvm( 2250): GC_EXPLICIT freed 117K, 51% free 5248K/10660K, paused 1ms+3ms, total 38ms

D/dalvikvm( 2681): GC_CONCURRENT freed 1969K, 68% free 3508K/10660K, paused 2ms+3ms, total 26ms

D/dalvikvm( 2250): GC_EXPLICIT freed 116K, 51% free 5248K/10660K, paused 2ms+3ms, total 52ms

I/ActivityManager( 2250): START u0 {act=android.intent.action.MAIN cmp=com.android.settings/.SubSettings (has extras)} from pid 2615

E/DeviceInfoSettings( 2615): Regex did not match on /proc/version: Linux version 3.0.74-g4f0ee54 (wctliu@wctliu-OptiPlex-390) (gcc version 4.7.3 20130328 (prerelease) (Linaro GCC 4.7-2013.04) ) #N.E.A.K-Note2-1.9x SMP PREEMPT Thu May 23 13:30:19 CST 2013

D/dalvikvm( 2250): GC_EXPLICIT freed 238K, 47% free 5659K/10660K, paused 3ms+2ms, total 35ms

I/ActivityManager( 2250): Displayed com.android.settings/.SubSettings: +211ms

D/dalvikvm( 2681): GC_EXPLICIT freed 1098K, 65% free 3741K/10660K, paused 1ms+4ms, total 29ms

D/dalvikvm( 2250): GC_EXPLICIT freed 132K, 47% free 5663K/10660K, paused 1ms+3ms, total 29ms

D/dalvikvm( 2250): GC_EXPLICIT freed 129K, 47% free 5660K/10660K, paused 1ms+3ms, total 29ms

D/dalvikvm( 2681): GC_EXPLICIT freed 799K, 65% free 3740K/10660K, paused 1ms+4ms, total 23ms

D/dalvikvm( 2250): GC_EXPLICIT freed 121K, 47% free 5657K/10660K, paused 2ms+2ms, total 28ms

D/dalvikvm( 2250): GC_EXPLICIT freed 116K, 47% free 5657K/10660K, paused 2ms+2ms, total 28ms

D/dalvikvm( 2681): GC_EXPLICIT freed 799K, 65% free 3737K/10660K, paused 1ms+4ms, total 23ms

D/dalvikvm( 2250): GC_EXPLICIT freed 116K, 47% free 5658K/10660K, paused 2ms+2ms, total 29ms

D/dalvikvm( 2250): GC_EXPLICIT freed 117K, 47% free 5657K/10660K, paused 1ms+2ms, total 30ms

D/dalvikvm( 2681): GC_EXPLICIT freed 795K, 65% free 3737K/10660K, paused 1ms+4ms, total 24ms

D/dalvikvm( 2250): GC_EXPLICIT freed 119K, 47% free 5657K/10660K, paused 2ms+2ms, total 33ms

D/dalvikvm( 2681): GC_CONCURRENT freed 2639K, 71% free 3140K/10660K, paused 1ms+3ms, total 24ms

D/dalvikvm( 2250): GC_EXPLICIT freed 118K, 47% free 5657K/10660K, paused 2ms+3ms, total 33ms

D/dalvikvm( 2250): GC_EXPLICIT freed 115K, 47% free 5658K/10660K, paused 2ms+3ms, total 31ms

D/dalvikvm( 2681): GC_EXPLICIT freed 932K, 70% free 3208K/10660K, paused 2ms+4ms, total 23ms

D/dalvikvm( 2250): GC_EXPLICIT freed 118K, 47% free 5658K/10660K, paused 1ms+3ms, total 31ms

D/dalvikvm( 2250): GC_EXPLICIT freed 117K, 47% free 5657K/10660K, paused 2ms+2ms, total 31ms

D/dalvikvm( 2681): GC_EXPLICIT freed 791K, 70% free 3210K/10660K, paused 1ms+4ms, total 21ms

D/dalvikvm( 2250): GC_EXPLICIT freed 116K, 47% free 5657K/10660K, paused 1ms+2ms, total 30ms

D/dalvikvm( 2250): GC_EXPLICIT freed 118K, 47% free 5657K/10660K, paused 2ms+2ms, total 28ms

D/dalvikvm( 2681): GC_EXPLICIT freed 796K, 70% free 3212K/10660K, paused 1ms+4ms, total 18ms

D/dalvikvm( 2250): GC_EXPLICIT freed 118K, 47% free 5658K/10660K, paused 1ms+2ms, total 29ms

D/dalvikvm( 2250): GC_EXPLICIT freed 117K, 47% free 5658K/10660K, paused 2ms+3ms, total 30ms

V/MediaScanner( 2681): pruneDeadThumbnailFiles... android.database.sqlite.SQLiteCursor@412980c0

V/MediaScanner( 2681): /pruneDeadThumbnailFiles... android.database.sqlite.SQLiteCursor@412980c0

D/dalvikvm( 2681): GC_EXPLICIT freed 1469K, 73% free 2977K/10660K, paused 1ms+4ms, total 21ms

D/dalvikvm( 2250): GC_EXPLICIT freed 118K, 47% free 5657K/10660K, paused 2ms+2ms, total 30ms

D/dalvikvm( 2250): GC_EXPLICIT freed 108K, 47% free 5657K/10660K, paused 1ms+3ms, total 30ms

D/dalvikvm( 2681): GC_EXPLICIT freed 1004K, 73% free 2949K/10660K, paused 1ms+4ms, total 20ms

D/dalvikvm( 2250): GC_EXPLICIT freed 106K, 47% free 5657K/10660K, paused 3ms+2ms, total 34ms

D/dalvikvm( 2250): GC_EXPLICIT freed 104K, 47% free 5658K/10660K, paused 2ms+2ms, total 29ms

D/dalvikvm( 2681): GC_EXPLICIT freed 784K, 73% free 2950K/10660K, paused 1ms+4ms, total 20ms

D/dalvikvm( 2250): GC_EXPLICIT freed 106K, 47% free 5657K/10660K, paused 1ms+2ms, total 31ms

D/dalvikvm( 2250): GC_EXPLICIT freed 104K, 47% free 5657K/10660K, paused 2ms+3ms, total 31ms

D/dalvikvm( 2250): GC_EXPLICIT freed 104K, 47% free 5658K/10660K, paused 2ms+3ms, total 30ms

D/dalvikvm( 2681): GC_EXPLICIT freed 793K, 73% free 2957K/10660K, paused 2ms+5ms, total 23ms

D/dalvikvm( 2250): GC_EXPLICIT freed 105K, 47% free 5656K/10660K, paused 2ms+2ms, total 30ms

D/dalvikvm( 2250): GC_EXPLICIT freed 103K, 47% free 5658K/10660K, paused 1ms+2ms, total 30ms

D/dalvikvm( 2681): GC_EXPLICIT freed 804K, 73% free 2960K/10660K, paused 1ms+5ms, total 24ms

D/dalvikvm( 2250): GC_EXPLICIT freed 104K, 47% free 5657K/10660K, paused 2ms+2ms, total 30ms

D/dalvikvm( 2250): GC_EXPLICIT freed 194K, 48% free 5626K/10660K, paused 1ms+2ms, total 30ms

D/dalvikvm( 2681): GC_EXPLICIT freed 807K, 73% free 2957K/10660K, paused 1ms+3ms, total 22ms

D/dalvikvm( 2250): GC_EXPLICIT freed 107K, 48% free 5625K/10660K, paused 2ms+2ms, total 28ms

D/dalvikvm( 2250): GC_EXPLICIT freed 104K, 48% free 5626K/10660K, paused 3ms+3ms, total 29ms

D/dalvikvm( 2681): GC_EXPLICIT freed 802K, 73% free 2954K/10660K, paused 1ms+3ms, total 19ms

D/dalvikvm( 2250): GC_EXPLICIT freed 107K, 48% free 5626K/10660K, paused 2ms+2ms, total 28ms

D/dalvikvm( 2250): GC_EXPLICIT freed 104K, 48% free 5626K/10660K, paused 2ms+2ms, total 28ms

D/dalvikvm( 2681): GC_EXPLICIT freed 808K, 73% free 2956K/10660K, paused 1ms+4ms, total 20ms

D/dalvikvm( 2250): GC_EXPLICIT freed 107K, 48% free 5625K/10660K, paused 1ms+2ms, total 28ms

D/dalvikvm( 2250): GC_EXPLICIT freed 105K, 48% free 5626K/10660K, paused 2ms+2ms, total 28ms

D/dalvikvm( 2681): GC_EXPLICIT freed 808K, 73% free 2953K/10660K, paused 1ms+3ms, total 19ms

D/dalvikvm( 2250): GC_EXPLICIT freed 104K, 48% free 5626K/10660K, paused 2ms+2ms, total 29ms

D/dalvikvm( 2250): GC_EXPLICIT freed 105K, 48% free 5626K/10660K, paused 2ms+3ms, total 28ms

D/dalvikvm( 2681): GC_EXPLICIT freed 811K, 73% free 2952K/10660K, paused 1ms+4ms, total 19ms

D/dalvikvm( 2250): GC_EXPLICIT freed 107K, 48% free 5626K/10660K, paused 2ms+2ms, total 28ms

D/dalvikvm( 2250): GC_EXPLICIT freed 105K, 48% free 5626K/10660K, paused 2ms+2ms, total 28ms

D/dalvikvm( 2681): GC_EXPLICIT freed 812K, 73% free 2949K/10660K, paused 1ms+4ms, total 19ms

D/dalvikvm( 2250): GC_EXPLICIT freed 103K, 48% free 5626K/10660K, paused 1ms+3ms, total 28ms

D/dalvikvm( 2250): GC_EXPLICIT freed 104K, 48% free 5625K/10660K, paused 1ms+2ms, total 27ms

D/dalvikvm( 2681): GC_EXPLICIT freed 804K, 73% free 2958K/10660K, paused 1ms+4ms, total 18ms

D/dalvikvm( 2250): GC_EXPLICIT freed 106K, 48% free 5625K/10660K, paused 1ms+3ms, total 28ms

D/dalvikvm( 2250): GC_EXPLICIT freed 105K, 48% free 5625K/10660K, paused 2ms+2ms, total 29ms

D/dalvikvm( 2681): GC_EXPLICIT freed 814K, 73% free 2959K/10660K, paused 1ms+3ms, total 19ms

D/dalvikvm( 2250): GC_EXPLICIT freed 105K, 48% free 5626K/10660K, paused 1ms+3ms, total 28ms

D/dalvikvm( 2250): GC_EXPLICIT freed 105K, 48% free 5626K/10660K, paused 2ms+2ms, total 28ms

D/dalvikvm( 2681): GC_EXPLICIT freed 822K, 73% free 2948K/10660K, paused 1ms+3ms, total 20ms

D/dalvikvm( 2250): GC_EXPLICIT freed 105K, 48% free 5627K/10660K, paused 1ms+2ms, total 27ms

D/dalvikvm( 2250): GC_EXPLICIT freed 104K, 48% free 5626K/10660K, paused 2ms+2ms, total 28ms

D/dalvikvm( 2681): GC_EXPLICIT freed 807K, 73% free 2953K/10660K, paused 2ms+3ms, total 20ms

D/dalvikvm( 2250): GC_EXPLICIT freed 104K, 48% free 5626K/10660K, paused 1ms+3ms, total 28ms

D/dalvikvm( 2250): GC_EXPLICIT freed 105K, 48% free 5626K/10660K, paused 2ms+2ms, total 28ms

D/dalvikvm( 2681): GC_EXPLICIT freed 812K, 73% free 2956K/10660K, paused 1ms+4ms, total 19ms

D/dalvikvm( 2250): GC_EXPLICIT freed 104K, 48% free 5626K/10660K, paused 1ms+2ms, total 29ms

D/dalvikvm( 2250): GC_EXPLICIT freed 106K, 48% free 5625K/10660K, paused 1ms+2ms, total 28ms

D/dalvikvm( 2681): GC_EXPLICIT freed 816K, 73% free 2952K/10660K, paused 1ms+4ms, total 18ms

D/dalvikvm( 2250): GC_EXPLICIT freed 103K, 48% free 5626K/10660K, paused 2ms+2ms, total 28ms

D/dalvikvm( 2250): GC_EXPLICIT freed 108K, 48% free 5626K/10660K, paused 2ms+2ms, total 28ms

D/dalvikvm( 2681): GC_EXPLICIT freed 811K, 73% free 2956K/10660K, paused 2ms+4ms, total 19ms

D/dalvikvm( 2250): GC_EXPLICIT freed 104K, 48% free 5625K/10660K, paused 1ms+3ms, total 28ms

D/dalvikvm( 2250): GC_EXPLICIT freed 105K, 48% free 5626K/10660K, paused 2ms+2ms, total 28ms

D/dalvikvm( 2681): GC_EXPLICIT freed 790K, 73% free 2953K/10660K, paused 1ms+4ms, total 19ms

D/dalvikvm( 2250): GC_EXPLICIT freed 106K, 48% free 5626K/10660K, paused 1ms+2ms, total 27ms

D/dalvikvm( 2250): GC_EXPLICIT freed 105K, 48% free 5626K/10660K, paused 2ms+2ms, total 28ms

D/dalvikvm( 2681): GC_EXPLICIT freed 764K, 73% free 2960K/10660K, paused 2ms+3ms, total 20ms

D/dalvikvm( 2250): GC_EXPLICIT freed 107K, 48% free 5625K/10660K, paused 2ms+2ms, total 28ms

D/dalvikvm( 2250): GC_EXPLICIT freed 104K, 48% free 5626K/10660K, paused 2ms+2ms, total 28ms

D/dalvikvm( 2681): GC_EXPLICIT freed 766K, 73% free 2948K/10660K, paused 1ms+3ms, total 18ms

D/dalvikvm( 2250): GC_EXPLICIT freed 105K, 48% free 5625K/10660K, paused 1ms+2ms, total 29ms

D/dalvikvm( 2250): GC_EXPLICIT freed 112K, 48% free 5626K/10660K, paused 1ms+3ms, total 28ms

D/dalvikvm( 2681): GC_EXPLICIT freed 777K, 73% free 2938K/10660K, paused 1ms+4ms, total 17ms

D/dalvikvm( 2250): GC_EXPLICIT freed 105K, 48% free 5626K/10660K, paused 1ms+3ms, total 30ms

D/dalvikvm( 2250): GC_EXPLICIT freed 104K, 48% free 5626K/10660K, paused 2ms+2ms, total 28ms

D/dalvikvm( 2681): GC_EXPLICIT freed 765K, 73% free 2946K/10660K, paused 1ms+3ms, total 17ms

D/dalvikvm( 2250): GC_EXPLICIT freed 105K, 48% free 5625K/10660K, paused 2ms+2ms, total 30ms

D/dalvikvm( 2250): GC_EXPLICIT freed 104K, 48% free 5625K/10660K, paused 2ms+2ms, total 29ms

D/dalvikvm( 2681): GC_EXPLICIT freed 775K, 73% free 2946K/10660K, paused 1ms+3ms, total 18ms

D/dalvikvm( 2250): GC_EXPLICIT freed 106K, 48% free 5626K/10660K, paused 1ms+2ms, total 31ms

D/BluetoothAdapter( 2615): 1089929512: getState() :  mService = null. Returning STATE_OFF

D/dalvikvm( 2250): GC_EXPLICIT freed 493K, 48% free 5634K/10660K, paused 6ms+3ms, total 39ms

D/dalvikvm( 2681): GC_EXPLICIT freed 771K, 73% free 2945K/10660K, paused 1ms+3ms, total 18ms

D/dalvikvm( 2250): GC_EXPLICIT freed 109K, 48% free 5631K/10660K, paused 1ms+2ms, total 31ms

D/dalvikvm( 2250): GC_EXPLICIT freed 107K, 48% free 5631K/10660K, paused 1ms+3ms, total 28ms

D/dalvikvm( 2681): GC_EXPLICIT freed 772K, 73% free 2945K/10660K, paused 2ms+3ms, total 18ms

D/dalvikvm( 2250): GC_EXPLICIT freed 112K, 48% free 5630K/10660K, paused 1ms+2ms, total 29ms

D/dalvikvm( 2250): GC_EXPLICIT freed 108K, 48% free 5627K/10660K, paused 2ms+2ms, total 28ms

D/dalvikvm( 2681): GC_EXPLICIT freed 777K, 73% free 2945K/10660K, paused 1ms+3ms, total 17ms

D/dalvikvm( 2250): GC_EXPLICIT freed 107K, 48% free 5626K/10660K, paused 2ms+3ms, total 30ms

D/dalvikvm( 2250): GC_EXPLICIT freed 105K, 48% free 5627K/10660K, paused 1ms+3ms, total 28ms

D/dalvikvm( 2681): GC_EXPLICIT freed 774K, 73% free 2941K/10660K, paused 1ms+3ms, total 18ms

D/dalvikvm( 2250): GC_EXPLICIT freed 105K, 48% free 5627K/10660K, paused 2ms+3ms, total 30ms

D/dalvikvm( 2250): GC_EXPLICIT freed 105K, 48% free 5626K/10660K, paused 1ms+3ms, total 28ms

D/dalvikvm( 2681): GC_EXPLICIT freed 774K, 73% free 2946K/10660K, paused 2ms+4ms, total 20ms

D/dalvikvm( 2250): GC_EXPLICIT freed 106K, 48% free 5626K/10660K, paused 2ms+2ms, total 33ms

D/dalvikvm( 2250): GC_EXPLICIT freed 104K, 48% free 5628K/10660K, paused 2ms+2ms, total 30ms

D/dalvikvm( 2681): GC_EXPLICIT freed 777K, 73% free 2944K/10660K, paused 1ms+3ms, total 18ms

D/dalvikvm( 2250): GC_EXPLICIT freed 105K, 48% free 5627K/10660K, paused 1ms+2ms, total 30ms

D/dalvikvm( 2250): GC_EXPLICIT freed 106K, 48% free 5626K/10660K, paused 2ms+3ms, total 28ms

D/dalvikvm( 2681): GC_EXPLICIT freed 773K, 73% free 2946K/10660K, paused 1ms+3ms, total 18ms

D/dalvikvm( 2250): GC_EXPLICIT freed 104K, 48% free 5627K/10660K, paused 1ms+2ms, total 29ms

D/dalvikvm( 2250): GC_EXPLICIT freed 106K, 48% free 5626K/10660K, paused 3ms+2ms, total 29ms

D/dalvikvm( 2681): GC_EXPLICIT freed 768K, 73% free 2944K/10660K, paused 1ms+4ms, total 18ms

D/dalvikvm( 2250): GC_EXPLICIT freed 106K, 48% free 5626K/10660K, paused 2ms+2ms, total 29ms

D/dalvikvm( 2250): GC_EXPLICIT freed 106K, 48% free 5627K/10660K, paused 2ms+2ms, total 28ms

D/dalvikvm( 2681): GC_EXPLICIT freed 763K, 73% free 2944K/10660K, paused 1ms+3ms, total 18ms

D/dalvikvm( 2250): GC_EXPLICIT freed 107K, 48% free 5626K/10660K, paused 2ms+3ms, total 31ms

I/dalvikvm( 2250): Jit: resizing JitTable from 4096 to 8192

W/InputMethodManagerService( 2250): Starting input on non-focused client com.android.internal.view.IInputMethodClient$Stub$Proxy@41386708 (uid=1000 pid=2615)

D/dalvikvm( 2250): GC_EXPLICIT freed 506K, 48% free 5632K/10660K, paused 1ms+2ms, total 29ms

D/dalvikvm( 2681): GC_EXPLICIT freed 765K, 73% free 2943K/10660K, paused 1ms+3ms, total 19ms

D/dalvikvm( 2250): GC_EXPLICIT freed 110K, 48% free 5629K/10660K, paused 2ms+2ms, total 31ms

D/dalvikvm( 2250): GC_EXPLICIT freed 116K, 48% free 5630K/10660K, paused 2ms+2ms, total 29ms

D/dalvikvm( 2681): GC_EXPLICIT freed 768K, 73% free 2968K/10660K, paused 1ms+3ms, total 16ms

D/dalvikvm( 2250): GC_EXPLICIT freed 126K, 48% free 5626K/10660K, paused 1ms+2ms, total 28ms

D/dalvikvm( 2250): GC_EXPLICIT freed 121K, 48% free 5622K/10660K, paused 1ms+2ms, total 27ms

D/dalvikvm( 2681): GC_EXPLICIT freed 794K, 73% free 2967K/10660K, paused 1ms+3ms, total 16ms

D/dalvikvm( 2250): GC_EXPLICIT freed 117K, 48% free 5622K/10660K, paused 2ms+2ms, total 28ms

