D/dalvikvm( 2250): GC_EXPLICIT freed 116K, 48% free 5622K/10660K, paused 2ms+2ms, total 28ms

D/dalvikvm( 2681): GC_EXPLICIT freed 796K, 73% free 2967K/10660K, paused 1ms+4ms, total 17ms

D/dalvikvm( 2250): GC_EXPLICIT freed 117K, 48% free 5621K/10660K, paused 2ms+2ms, total 28ms

D/dalvikvm( 2250): GC_EXPLICIT freed 116K, 48% free 5622K/10660K, paused 2ms+2ms, total 28ms

D/dalvikvm( 2681): GC_EXPLICIT freed 794K, 73% free 2964K/10660K, paused 1ms+4ms, total 17ms

D/dalvikvm( 2250): GC_EXPLICIT freed 118K, 48% free 5621K/10660K, paused 2ms+3ms, total 28ms

D/dalvikvm( 2250): GC_EXPLICIT freed 116K, 48% free 5622K/10660K, paused 1ms+3ms, total 28ms

D/dalvikvm( 2681): GC_EXPLICIT freed 791K, 73% free 2967K/10660K, paused 1ms+3ms, total 16ms

D/dalvikvm( 2250): GC_EXPLICIT freed 116K, 48% free 5622K/10660K, paused 2ms+2ms, total 28ms

D/dalvikvm( 2250): GC_EXPLICIT freed 117K, 48% free 5621K/10660K, paused 1ms+2ms, total 28ms

D/dalvikvm( 2681): GC_EXPLICIT freed 795K, 73% free 2968K/10660K, paused 1ms+3ms, total 16ms

D/dalvikvm( 2250): GC_EXPLICIT freed 118K, 48% free 5622K/10660K, paused 2ms+2ms, total 34ms

D/dalvikvm( 2250): GC_EXPLICIT freed 118K, 48% free 5621K/10660K, paused 1ms+3ms, total 27ms

D/dalvikvm( 2681): GC_EXPLICIT freed 797K, 73% free 2969K/10660K, paused 1ms+3ms, total 16ms

D/dalvikvm( 2250): GC_EXPLICIT freed 117K, 48% free 5622K/10660K, paused 2ms+3ms, total 29ms

D/dalvikvm( 2250): GC_EXPLICIT freed 118K, 48% free 5622K/10660K, paused 2ms+2ms, total 28ms

D/dalvikvm( 2681): GC_EXPLICIT freed 795K, 73% free 2964K/10660K, paused 1ms+3ms, total 16ms

D/dalvikvm( 2250): GC_EXPLICIT freed 116K, 48% free 5622K/10660K, paused 2ms+2ms, total 28ms

D/dalvikvm( 2250): GC_EXPLICIT freed 116K, 48% free 5622K/10660K, paused 1ms+3ms, total 28ms

D/dalvikvm( 2681): GC_EXPLICIT freed 793K, 73% free 2964K/10660K, paused 2ms+3ms, total 17ms

D/dalvikvm( 2250): GC_EXPLICIT freed 118K, 48% free 5621K/10660K, paused 1ms+3ms, total 28ms

D/dalvikvm( 2250): GC_EXPLICIT freed 116K, 48% free 5622K/10660K, paused 2ms+2ms, total 28ms

D/dalvikvm( 2681): GC_EXPLICIT freed 789K, 73% free 2967K/10660K, paused 1ms+3ms, total 17ms

D/dalvikvm( 2250): GC_EXPLICIT freed 116K, 48% free 5622K/10660K, paused 2ms+3ms, total 28ms

D/dalvikvm( 2250): GC_EXPLICIT freed 117K, 48% free 5621K/10660K, paused 1ms+2ms, total 27ms

D/dalvikvm( 2681): GC_EXPLICIT freed 793K, 73% free 2965K/10660K, paused 1ms+3ms, total 17ms

D/dalvikvm( 2250): GC_EXPLICIT freed 116K, 48% free 5622K/10660K, paused 1ms+2ms, total 27ms

D/dalvikvm( 2250): GC_EXPLICIT freed 118K, 48% free 5621K/10660K, paused 2ms+2ms, total 28ms

D/dalvikvm( 2681): GC_EXPLICIT freed 795K, 73% free 2964K/10660K, paused 1ms+3ms, total 16ms

D/dalvikvm( 2250): GC_EXPLICIT freed 115K, 48% free 5622K/10660K, paused 2ms+3ms, total 28ms

D/dalvikvm( 2250): GC_EXPLICIT freed 117K, 48% free 5622K/10660K, paused 1ms+3ms, total 28ms

D/dalvikvm( 2681): GC_EXPLICIT freed 793K, 73% free 2965K/10660K, paused 1ms+3ms, total 17ms

D/dalvikvm( 2250): GC_EXPLICIT freed 116K, 48% free 5622K/10660K, paused 2ms+2ms, total 28ms

D/dalvikvm( 2250): GC_EXPLICIT freed 116K, 48% free 5622K/10660K, paused 1ms+2ms, total 28ms

D/dalvikvm( 2681): GC_EXPLICIT freed 790K, 73% free 2967K/10660K, paused 1ms+3ms, total 16ms

D/dalvikvm( 2250): GC_EXPLICIT freed 117K, 48% free 5622K/10660K, paused 1ms+3ms, total 28ms

D/dalvikvm( 2250): GC_EXPLICIT freed 116K, 48% free 5622K/10660K, paused 2ms+2ms, total 28ms

D/dalvikvm( 2681): GC_EXPLICIT freed 793K, 73% free 2968K/10660K, paused 1ms+3ms, total 17ms

D/dalvikvm( 2250): GC_EXPLICIT freed 116K, 48% free 5622K/10660K, paused 1ms+2ms, total 27ms

D/dalvikvm( 2250): GC_EXPLICIT freed 116K, 48% free 5622K/10660K, paused 1ms+2ms, total 28ms

D/dalvikvm( 2681): GC_EXPLICIT freed 793K, 73% free 2965K/10660K, paused 1ms+3ms, total 16ms

D/dalvikvm( 2250): GC_EXPLICIT freed 117K, 48% free 5622K/10660K, paused 1ms+3ms, total 28ms

D/dalvikvm( 2250): GC_EXPLICIT freed 117K, 48% free 5622K/10660K, paused 2ms+3ms, total 28ms

D/dalvikvm( 2681): GC_EXPLICIT freed 795K, 73% free 2964K/10660K, paused 1ms+3ms, total 16ms

D/dalvikvm( 2250): GC_EXPLICIT freed 117K, 48% free 5621K/10660K, paused 2ms+2ms, total 28ms

D/dalvikvm( 2250): GC_EXPLICIT freed 116K, 48% free 5622K/10660K, paused 1ms+2ms, total 28ms

W/InputMethodManagerService( 2250): Window already focused, ignoring focus gain of: com.android.internal.view.IInputMethodClient$Stub$Proxy@413bc068 attribute=null, token = android.os.BinderProxy@414ebc20

D/audio_hw_primary( 1854): select_output_device: AUDIO_DEVICE_OUT_SPEAKER

I/ActivityManager( 2250): START u0 {act=android.settings.SETTINGS flg=0x14000000 cmp=com.android.settings/.Settings} from pid 2496

D/BluetoothAdapter( 2615): 1089929512: getState() :  mService = null. Returning STATE_OFF

D/BluetoothAdapter( 2615): 1089929512: getState() :  mService = null. Returning STATE_OFF

I/ActivityManager( 2250): Displayed com.android.settings/.Settings: +289ms

W/ThrottleService( 2250): unable to find stats for iface pdp0

E/ThrottleService( 2250): Error reading data file

D/audio_hw_primary( 1854): select_output_device: AUDIO_DEVICE_OUT_SPEAKER

I/ActivityManager( 2250): START u0 {act=android.intent.action.MAIN cmp=com.android.settings/.SubSettings (has extras)} from pid 2615

D/dalvikvm( 2250): GC_FOR_ALLOC freed 970K, 50% free 5405K/10660K, paused 39ms, total 40ms

E/DeviceInfoSettings( 2615): Regex did not match on /proc/version: Linux version 3.0.74-g4f0ee54 (wctliu@wctliu-OptiPlex-390) (gcc version 4.7.3 20130328 (prerelease) (Linaro GCC 4.7-2013.04) ) #N.E.A.K-Note2-1.9x SMP PREEMPT Thu May 23 13:30:19 CST 2013

I/ActivityManager( 2250): Displayed com.android.settings/.SubSettings: +198ms

I/NotificationService( 2250): cancelToast pkg=com.android.settings callback=android.app.ITransientNotification$Stub$Proxy@4138d950

I/NotificationService( 2250): cancelToast pkg=com.android.settings callback=android.app.ITransientNotification$Stub$Proxy@4111c720

I/NotificationService( 2250): cancelToast pkg=com.android.settings callback=android.app.ITransientNotification$Stub$Proxy@411014c8

I/NotificationService( 2250): cancelToast pkg=com.android.settings callback=android.app.ITransientNotification$Stub$Proxy@410e8ad8

D/BluetoothAdapter( 2615): 1089929512: getState() :  mService = null. Returning STATE_OFF

D/dalvikvm( 2615): GC_EXPLICIT freed 1540K, 51% free 5259K/10660K, paused 1ms+5ms, total 42ms

I/ActivityManager( 2250): START u0 {act=android.intent.action.MAIN cmp=com.android.settings/.SubSettings (has extras)} from pid 2615

D/dalvikvm( 2250): GC_FOR_ALLOC freed 724K, 47% free 5650K/10660K, paused 37ms, total 38ms

E/Cryptfs ( 1846): not running with encryption, aborting

D/PermissionCache( 1851): checking android.permission.HARDWARE_TEST for uid=1000 => granted (161 us)

E/Cryptfs ( 1846): not running with encryption, aborting

I/ActivityManager( 2250): Displayed com.android.settings/.SubSettings: +421ms

D/dalvikvm( 2615): GC_CONCURRENT freed 1381K, 45% free 5904K/10660K, paused 3ms+12ms, total 36ms

W/InputMethodManagerService( 2250): Window already focused, ignoring focus gain of: com.android.internal.view.IInputMethodClient$Stub$Proxy@4143c520 attribute=null, token = android.os.BinderProxy@413ad9e0

W/InputMethodManagerService( 2250): Window already focused, ignoring focus gain of: com.android.internal.view.IInputMethodClient$Stub$Proxy@413b4fd8 attribute=null, token = android.os.BinderProxy@413ad9e0

D/MtpService( 2681): updating state; isCurrentUser=true, mMtpLocked=false

D/MtpService( 2681): addStorageLocked 65537 /storage/emulated/0

D/MtpService( 2681): addStorageLocked 131073 /storage/sdcard1

D/MtpService( 2681): updating state; isCurrentUser=true, mMtpLocked=false

D/MtpService( 2681): starting MTP server in MTP mode

D/MtpService( 2681): addStorageLocked 65537 /storage/emulated/0

D/MtpService( 2681): addStorageLocked 131073 /storage/sdcard1

W/ProcessStats( 2250): Skipping unknown process pid 3432

D/dalvikvm( 2250): GC_FOR_ALLOC freed 766K, 47% free 5650K/10660K, paused 39ms, total 41ms

D/BluetoothAdapter( 2615): 1089929512: getState() :  mService = null. Returning STATE_OFF

D/dalvikvm( 2250): GC_FOR_ALLOC freed 452K, 48% free 5626K/10660K, paused 38ms, total 39ms

D/dalvikvm( 2615): GC_EXPLICIT freed 487K, 47% free 5716K/10660K, paused 1ms+4ms, total 35ms

D/audio_hw_primary( 1854): select_output_device: AUDIO_DEVICE_OUT_SPEAKER

D/audio_hw_primary( 1854): select_output_device: AUDIO_DEVICE_OUT_SPEAKER

W/BackupManagerService( 2250): dataChanged but no participant pkg='com.android.providers.settings' uid=10040

W/Settings( 2599): Setting airplane_mode_on has moved from android.provider.Settings.System to android.provider.Settings.Global, returning read-only value.

W/Settings( 2587): Setting airplane_mode_on has moved from android.provider.Settings.System to android.provider.Settings.Global, returning read-only value.

D/CellBroadcastReceiver( 3050): onReceive Intent { act=android.intent.action.AIRPLANE_MODE flg=0x10 cmp=com.android.cellbroadcastreceiver/.CellBroadcastReceiver (has extras) }

D/FmReceiverService( 2250): onReceive:ACTION_AIRPLANE_MODE_CHANGED

W/Settings( 2250): Setting airplane_mode_on has moved from android.provider.Settings.System to android.provider.Settings.Global, returning read-only value.

I/        ( 2250): androidFmRadioRxReset

D/FmTransmitterService( 2250): onReceive:ACTION_AIRPLANE_MODE_CHANGED

W/Settings( 2250): Setting airplane_mode_on has moved from android.provider.Settings.System to android.provider.Settings.Global, returning read-only value.

I/        ( 2250): androidFmRadioTxReset

D/BluetoothManagerService( 2250): Message: 2

I/NfcService( 2599): Disabling NFC

D/NdefPushServer( 2599): stop, thread = Thread[Thread-45,5,main]

D/NdefPushServer( 2599): shuting down server thread

D/NfcDispatcher( 2599): Set Foreground Dispatch

D/NFCJNI  ( 2599): Terminating client thread...

D/NFCJNI  ( 2599): phLibNfc_Mgt_UnConfigureDriver() returned 0x0000[NFCSTATUS_SUCCESS]

W/InputMethodManagerService( 2250): Window already focused, ignoring focus gain of: com.android.internal.view.IInputMethodClient$Stub$Proxy@41363688 attribute=null, token = android.os.BinderProxy@414ebc20

D/audio_hw_primary( 1854): select_output_device: AUDIO_DEVICE_OUT_SPEAKER

W/BackupManagerService( 2250): dataChanged but no participant pkg='com.android.providers.settings' uid=10040

W/Settings( 2599): Setting airplane_mode_on has moved from android.provider.Settings.System to android.provider.Settings.Global, returning read-only value.

W/Settings( 2587): Setting airplane_mode_on has moved from android.provider.Settings.System to android.provider.Settings.Global, returning read-only value.

D/CellBroadcastReceiver( 3050): onReceive Intent { act=android.intent.action.AIRPLANE_MODE flg=0x10 cmp=com.android.cellbroadcastreceiver/.CellBroadcastReceiver (has extras) }

D/FmReceiverService( 2250): onReceive:ACTION_AIRPLANE_MODE_CHANGED

W/Settings( 2250): Setting airplane_mode_on has moved from android.provider.Settings.System to android.provider.Settings.Global, returning read-only value.

D/FmTransmitterService( 2250): onReceive:ACTION_AIRPLANE_MODE_CHANGED

W/Settings( 2250): Setting airplane_mode_on has moved from android.provider.Settings.System to android.provider.Settings.Global, returning read-only value.

I/NfcService( 2599): Enabling NFC

D/CellBroadcastConfigService( 3050): enabling emergency cell broadcast channels

D/NFCJNI  ( 2599): Start Initialization

D/CellBroadcastConfigService( 3050): enabled emergency cell broadcast channels

D/CellBroadcastConfigService( 3050): disabling cell broadcast channel 50

D/CellBroadcastConfigService( 3050): disabled cell broadcast channel 50

E/NFC-HCI ( 2599): Could not open /system/vendor/firmware/libpn544_fw.so or /system/lib/libpn544_fw.so

W/NFC     ( 2599): Firmware image not available: this device might be running old NFC firmware!

D/NFCJNI  ( 2599): NFC capabilities: HAL = 8150100, FW = b1011a, HW = 620003, Model = 11, HCI = 1, Full_FW = 1, Rev = 26, FW Update Info = 0

D/NFCJNI  ( 2599): phLibNfc_SE_GetSecureElementList()

D/NFCJNI  ( 2599): 

D/NFCJNI  ( 2599): > Number of Secure Element(s) : 1

D/NFCJNI  ( 2599): phLibNfc_SE_GetSecureElementList(): SMX detected, handle=0xabcdef

D/NFCJNI  ( 2599): phLibNfc_SE_SetMode() returned 0x000d[NFCSTATUS_PENDING]

I/NFCJNI  ( 2599): NFC Initialized

D/NdefPushServer( 2599): start, thread = null

D/NdefPushServer( 2599): starting new server thread

D/NdefPushServer( 2599): about create LLCP service socket

D/NdefPushServer( 2599): created LLCP service socket

D/NdefPushServer( 2599): about to accept

D/NfcService( 2599): NFC-EE OFF

D/NfcService( 2599): NFC-C ON

W/InputMethodManagerService( 2250): Window already focused, ignoring focus gain of: com.android.internal.view.IInputMethodClient$Stub$Proxy@4104b350 attribute=null, token = android.os.BinderProxy@414ebc20

W/ProcessStats( 2250): Skipping unknown process pid 3505

I/ActivityManager( 2250): No longer want com.android.deskclock (pid 3066): empty #17

D/MtpService( 2681): updating state; isCurrentUser=true, mMtpLocked=false

D/MtpService( 2681): addStorageLocked 65537 /storage/emulated/0

D/MtpService( 2681): addStorageLocked 131073 /storage/sdcard1

D/MtpService( 2681): updating state; isCurrentUser=true, mMtpLocked=false

D/MtpService( 2681): starting MTP server in MTP mode

D/MtpService( 2681): addStorageLocked 65537 /storage/emulated/0

D/MtpService( 2681): addStorageLocked 131073 /storage/sdcard1

D/lights  ( 2250): set_light_battery 0x140d00 0 0

I/PowerManagerService( 2250): Going to sleep due to screen timeout...

E/Sensors ( 2250): Light old sensor_state 65, new sensor_state : 1 en : 0

D/libEGL  ( 2250): loaded /system/lib/egl/libEGL_mali.so

D/libEGL  ( 2250): loaded /system/lib/egl/libGLESv1_CM_mali.so

D/libEGL  ( 2250): loaded /system/lib/egl/libGLESv2_mali.so

E/        ( 2250): Device driver API match

E/        ( 2250): Device driver API version: 17

E/        ( 2250): User space API version: 17 

E/        ( 2250): mali: REVISION=Linux-r3p1-01rel1 BUILD_DATE=Mon May  6 11:20:56 KST 2013 

D/SurfaceFlinger( 1851): Screen released, type=0 flinger=0x4106e318

I/WindowManager( 2250): No lock screen!

I/keystore( 1857): uid: 1000 action: z -> 7 state: 3 -> 3 retry: 4

I/keystore( 1857): uid: 1000 action: z -> 7 state: 3 -> 3 retry: 4

I/keystore( 1857): uid: 1000 action: z -> 7 state: 3 -> 3 retry: 4

E/Sensors ( 2250): Acc old sensor_state 1, new sensor_state : 0 en : 0

D/dalvikvm( 2250): GC_FOR_ALLOC freed 1362K, 47% free 5694K/10660K, paused 25ms, total 26ms

D/NfcService( 2599): NFC-C OFF, disconnect

I/keystore( 1857): uid: 1000 action: z -> 7 state: 3 -> 3 retry: 4

I/keystore( 1857): uid: 1000 action: z -> 7 state: 3 -> 3 retry: 4

I/keystore( 1857): uid: 1000 action: z -> 7 state: 3 -> 3 retry: 4

D/dalvikvm( 2250): GC_CONCURRENT freed 827K, 36% free 6884K/10660K, paused 5ms+8ms, total 99ms

D/dalvikvm( 2250): WAIT_FOR_CONCURRENT_GC blocked 62ms

D/dalvikvm( 2250): GC_FOR_ALLOC freed 90K, 31% free 7360K/10660K, paused 55ms, total 55ms

I/dalvikvm-heap( 2250): Grow heap (frag case) to 9.563MB for 211616-byte allocation

D/dalvikvm( 2250): GC_FOR_ALLOC freed 13K, 29% free 7730K/10868K, paused 78ms, total 78ms

I/dalvikvm-heap( 2250): Grow heap (frag case) to 10.797MB for 1127536-byte allocation

I/keystore( 1857): uid: 1000 action: z -> 7 state: 3 -> 3 retry: 4

D/dalvikvm( 2250): GC_FOR_ALLOC freed 212K, 26% free 8891K/11972K, paused 74ms, total 74ms

I/dalvikvm-heap( 2250): Grow heap (frag case) to 11.035MB for 186640-byte allocation

D/dalvikvm( 2250): GC_FOR_ALLOC freed 10K, 26% free 9067K/12156K, paused 72ms, total 78ms

I/dalvikvm-heap( 2250): Grow heap (frag case) to 11.207MB for 186640-byte allocation

D/dalvikvm( 2250): GC_FOR_ALLOC freed 2K, 25% free 9255K/12340K, paused 71ms, total 71ms

I/dalvikvm-heap( 2250): Grow heap (frag case) to 11.390MB for 186640-byte allocation

D/dalvikvm( 2250): GC_FOR_ALLOC freed 2K, 25% free 9440K/12524K, paused 63ms, total 63ms

I/dalvikvm-heap( 2250): Grow heap (frag case) to 11.571MB for 186640-byte allocation

I/keystore( 1857): uid: 1000 action: z -> 7 state: 3 -> 3 retry: 4

I/keystore( 1857): uid: 1000 action: z -> 7 state: 3 -> 3 retry: 4

D/dalvikvm( 2250): GC_FOR_ALLOC freed 226K, 23% free 9796K/12708K, paused 68ms, total 74ms

I/dalvikvm-heap( 2250): Grow heap (frag case) to 11.918MB for 186640-byte allocation

D/dalvikvm( 2250): GC_FOR_ALLOC freed 10K, 23% free 9969K/12892K, paused 73ms, total 73ms

I/dalvikvm-heap( 2250): Grow heap (frag case) to 12.087MB for 186640-byte allocation

D/dalvikvm( 2250): GC_FOR_ALLOC freed <1K, 23% free 10152K/13076K, paused 77ms, total 77ms

I/dalvikvm-heap( 2250): Grow heap (frag case) to 12.266MB for 186640-byte allocation

D/dalvikvm( 2250): GC_FOR_ALLOC freed 4K, 23% free 10337K/13260K, paused 65ms, total 65ms

I/dalvikvm-heap( 2250): Grow heap (frag case) to 12.447MB for 186640-byte allocation

D/dalvikvm( 2250): GC_FOR_ALLOC freed 3K, 22% free 10520K/13444K, paused 55ms, total 55ms

I/dalvikvm-heap( 2250): Grow heap (frag case) to 12.625MB for 186640-byte allocation

D/dalvikvm( 2250): GC_FOR_ALLOC freed 4K, 22% free 10707K/13628K, paused 74ms, total 74ms

I/dalvikvm-heap( 2250): Grow heap (frag case) to 12.808MB for 186640-byte allocation

D/dalvikvm( 2250): GC_FOR_ALLOC freed 6K, 22% free 10889K/13812K, paused 66ms, total 73ms

I/dalvikvm-heap( 2250): Grow heap (frag case) to 12.986MB for 186640-byte allocation

D/dalvikvm( 2250): GC_FOR_ALLOC freed 4K, 21% free 11075K/13996K, paused 67ms, total 74ms

I/dalvikvm-heap( 2250): Grow heap (frag case) to 13.167MB for 186640-byte allocation

D/dalvikvm( 2250): GC_FOR_ALLOC freed 2K, 21% free 11258K/14180K, paused 71ms, total 71ms

I/dalvikvm-heap( 2250): Grow heap (frag case) to 13.346MB for 186640-byte allocation

D/dalvikvm( 2250): GC_FOR_ALLOC freed 4K, 21% free 11444K/14364K, paused 54ms, total 54ms

I/dalvikvm-heap( 2250): Grow heap (frag case) to 13.528MB for 186640-byte allocation

D/dalvikvm( 2250): GC_FOR_ALLOC freed 2K, 21% free 11626K/14548K, paused 59ms, total 65ms

I/dalvikvm-heap( 2250): Grow heap (frag case) to 13.706MB for 186640-byte allocation

I/keystore( 1857): uid: 1000 action: z -> 7 state: 3 -> 3 retry: 4

D/dalvikvm( 2250): GC_FOR_ALLOC freed 23K, 20% free 11840K/14732K, paused 72ms, total 79ms

I/dalvikvm-heap( 2250): Grow heap (frag case) to 13.915MB for 186640-byte allocation

D/dalvikvm( 2250): GC_FOR_ALLOC freed 7K, 20% free 12017K/14916K, paused 71ms, total 77ms

I/dalvikvm-heap( 2250): Grow heap (frag case) to 14.087MB for 186640-byte allocation

D/dalvikvm( 2250): GC_FOR_ALLOC freed 4K, 20% free 12203K/15100K, paused 72ms, total 72ms

I/dalvikvm-heap( 2250): Grow heap (frag case) to 14.269MB for 186640-byte allocation

D/dalvikvm( 2250): GC_FOR_ALLOC freed 2K, 19% free 12385K/15284K, paused 77ms, total 77ms

I/dalvikvm-heap( 2250): Grow heap (frag case) to 14.447MB for 186640-byte allocation

D/dalvikvm( 2250): GC_FOR_ALLOC freed 4K, 19% free 12571K/15468K, paused 60ms, total 60ms

I/dalvikvm-heap( 2250): Grow heap (frag case) to 14.628MB for 186640-byte allocation

D/dalvikvm( 2250): GC_FOR_ALLOC freed 2K, 19% free 12753K/15652K, paused 73ms, total 73ms

I/dalvikvm-heap( 2250): Grow heap (frag case) to 14.806MB for 186640-byte allocation

D/dalvikvm( 2250): GC_FOR_ALLOC freed 4K, 19% free 12940K/15836K, paused 77ms, total 78ms

I/dalvikvm-heap( 2250): Grow heap (frag case) to 14.988MB for 186640-byte allocation

D/dalvikvm( 2250): GC_FOR_ALLOC freed 2K, 19% free 13122K/16020K, paused 73ms, total 79ms

I/dalvikvm-heap( 2250): Grow heap (frag case) to 15.166MB for 186640-byte allocation

I/keystore( 1857): uid: 1000 action: z -> 7 state: 3 -> 3 retry: 4

I/keystore( 1857): uid: 1000 action: z -> 7 state: 3 -> 3 retry: 4

I/keystore( 1857): uid: 1000 action: z -> 7 state: 3 -> 3 retry: 4

D/PhoneStatusBar( 2496): disable: < expand icons alerts ticker system_info back home RECENT* clock SEARCH* >

I/Choreographer( 2250): Skipped 149 frames!  The application may be doing too much work on its main thread.

I/keystore( 1857): uid: 1000 action: z -> 7 state: 3 -> 3 retry: 4

I/keystore( 1857): uid: 1000 action: z -> 7 state: 3 -> 3 retry: 4

V/TAG     ( 2250): bug 7643792: fitSystemWindows([0,50][0,0])

V/TAG     ( 2250): bug 7643792: fitSystemWindows([0,50][0,0])

D/OpenGLRenderer( 2250): Enabling debug mode 0

D/PhoneStatusBar( 2496): disable: < expand icons alerts ticker system_info BACK* HOME* RECENT CLOCK* SEARCH >

