I/SystemServer( 2231): Activity Manager

I/ActivityManager( 2231): Memory class: 64

I/SystemServer( 2231): Display Manager

I/ActivityManager( 2231): Enabled StrictMode logging for AThread's Looper

I/SystemServer( 2231): Telephony Registry

I/DisplayManagerService( 2231): Display device added: DisplayDeviceInfo{"Built-in Screen": 720 x 1280, 58.301003 fps, density 320, 265.0435 x 264.3252 dpi, touch INTERNAL, FLAG_DEFAULT_DISPLAY, FLAG_ROTATES_WITH_CONTENT, FLAG_SECURE, FLAG_SUPPORTS_PROTECTED_BUFFERS, rotation 0, type BUILT_IN, address null}

I/SystemServer( 2231): Scheduling Policy

I/SystemServer( 2231): Package Manager

W/PackageParser( 2231): No actions in intent filter at /system/app/Bluetooth.apk Binary XML file line #208

W/PackageParser( 2231): No actions in intent filter at /system/app/Bluetooth.apk Binary XML file line #235

W/PackageParser( 2231): No actions in intent filter at /system/app/CMFileManager.apk Binary XML file line #136

W/PackageParser( 2231): No actions in intent filter at /system/app/Contacts.apk Binary XML file line #546

W/PackageParser( 2231): Unknown element under <application>: permission at /system/app/Gallery2.apk Binary XML file line #220

W/PackageParser( 2231): Unknown element under <application>: permission at /system/app/Gallery2.apk Binary XML file line #223

W/ResourceType( 2231): Failure getting entry for 0x7f040018 (t=3 e=24) in package 0 (error -75)

W/ResourceType( 2231): Failure getting entry for 0x7f040018 (t=3 e=24) in package 0 (error -75)

W/PackageManager( 2231): Package com.android.gallery3d desires unavailable shared library com.google.android.media.effects; ignoring!

I/gpsd    ( 1860): connect: Connect_RILD failed. (4) Retry number : 3 

D/PackageManager( 2231): No files in app dir /vendor/app

I/PackageManager( 2231): Time to scan packages: 0.905 seconds

W/PackageManager( 2231): Unknown permission com.google.android.googleapps.permission.GOOGLE_AUTH.mail in package com.android.contacts

W/PackageManager( 2231): Unknown permission android.permission.ADD_SYSTEM_SERVICE in package com.android.phone

W/PackageManager( 2231): Unknown permission com.google.android.googleapps.permission.GOOGLE_AUTH in package com.android.providers.calendar

W/PackageManager( 2231): Unknown permission com.google.android.googleapps.permission.GOOGLE_AUTH.cl in package com.android.providers.calendar

W/PackageManager( 2231): Unknown permission com.google.android.gallery3d.permission.GALLERY_PROVIDER in package com.android.bluetooth

W/PackageManager( 2231): Unknown permission android.permission.MMS_PUSH in package com.android.bluetooth

W/PackageManager( 2231): Unknown permission com.google.android.googleapps.permission.GOOGLE_AUTH.mail in package com.android.calendar

W/PackageManager( 2231): Not granting permission android.permission.SEND_DOWNLOAD_COMPLETED_INTENTS to package com.android.browser (protectionLevel=2 flags=0x9be45)

W/PackageManager( 2231): Unknown permission com.cyanogenmod.filemanager.permissions.READ_THEME in package com.cyanogenmod.filemanager

W/PackageManager( 2231): Unknown permission com.google.android.gallery3d.permission.PICASA_STORE in package com.android.dreams.phototable

W/PackageManager( 2231): Unknown permission com.google.android.googleapps.permission.GOOGLE_AUTH in package com.android.settings

W/PackageManager( 2231): Unknown permission android.permission.ACCESS_4G_RADIO_DISABLE in package com.android.systemui

W/PackageManager( 2231): Unknown permission android.permission.ACCESS_4G_STATE in package com.android.systemui

W/PackageManager( 2231): Unknown permission android.permission.CHANGE_4G_STATE in package com.android.systemui

W/PackageManager( 2231): Unknown permission com.google.android.gallery3d.permission.GALLERY_PROVIDER in package com.android.exchange

W/PackageManager( 2231): Unknown permission com.google.android.googleapps.permission.ACCESS_GOOGLE_PASSWORD in package com.android.development

W/PackageManager( 2231): Unknown permission com.google.android.googleapps.permission.GOOGLE_AUTH in package com.android.development

W/PackageManager( 2231): Unknown permission com.google.android.googleapps.permission.GOOGLE_AUTH.ALL_SERVICES in package com.android.development

W/PackageManager( 2231): Unknown permission com.google.android.googleapps.permission.GOOGLE_AUTH.YouTubeUser in package com.android.development

W/PackageManager( 2231): Unknown permission com.google.android.gallery3d.permission.GALLERY_PROVIDER in package com.android.email

W/PackageManager( 2231): Not granting permission android.permission.DEVICE_POWER to package com.android.deskclock (protectionLevel=2 flags=0x8be45)

D/dalvikvm( 2231): GC_EXPLICIT freed 2393K, 63% free 4032K/10660K, paused 2ms+3ms, total 28ms

I/SystemServer( 2231): User Service

I/SystemServer( 2231): Account Manager

I/SystemServer( 2231): Content Manager

I/SystemServer( 2231): System Content Providers

I/DeviceHandlerService( 2231): No device specific handler lib was defined.

D/lights  ( 2231): set_light_battery 0x140000 125 2875

I/SystemServer( 2231): Device Handler Service

I/SystemServer( 2231): Lights Service

I/SystemServer( 2231): Battery Service

D/lights  ( 2231): set_light_battery 0x140d00 0 0

I/libsuspend( 2231): Selected early suspend

I/libsuspend( 2231): Starting early suspend unblocker thread

D/PermissionCache( 1851): checking android.permission.ACCESS_SURFACE_FLINGER for uid=1000 => granted (369 us)

D/SurfaceFlinger( 1851): Screen acquired, type=0 flinger=0x408f8318

D/SurfaceFlinger( 1851):  screen was previously acquired

I/SystemServer( 2231): Vibrator Service

I/SystemServer( 2231): Alarm Manager

I/SystemServer( 2231): Init Watchdog

I/SystemServer( 2231): Input Manager

I/InputManager( 2231): Initializing input manager, mUseDevInputEventForAudioJack=false

I/SystemServer( 2231): Window Manager

E/SEC_COMP_REGS( 1855): .

E/SEC_COMP_REGS( 1855): ..

E/SEC_COMP_REGS( 1855): libOMX.SEC.AVC.Decoder.so

E/SEC_COMP_REGS( 1855): Path & libName : /system/lib/omx/libOMX.SEC.AVC.Decoder.so

E/SEC_COMP_REGS( 1855): libOMX.SEC.AVC.Encoder.so

E/SEC_COMP_REGS( 1855): Path & libName : /system/lib/omx/libOMX.SEC.AVC.Encoder.so

E/SEC_COMP_REGS( 1855): libOMX.SEC.M4V.Decoder.so

E/SEC_COMP_REGS( 1855): Path & libName : /system/lib/omx/libOMX.SEC.M4V.Decoder.so

E/SEC_COMP_REGS( 1855): libOMX.SEC.M4V.Encoder.so

E/SEC_COMP_REGS( 1855): Path & libName : /system/lib/omx/libOMX.SEC.M4V.Encoder.so

E/SEC_COMP_REGS( 1855): libOMX.SEC.WMV.Decoder.so

E/SEC_COMP_REGS( 1855): Path & libName : /system/lib/omx/libOMX.SEC.WMV.Decoder.so

E/Sensors ( 2231): Acc old sensor_state 0, new sensor_state : 1 en : 1

D/BluetoothManagerService( 2231): Loading stored name and address

D/BluetoothManagerService( 2231): Stored bluetooth Name=GT-N7100,Address=B0:C4:E7:75:80:27

I/InputManager( 2231): Starting input manager

I/SystemServer( 2231): Bluetooth Manager Service

I/SystemServer( 2231): Input Method Service

D/EventHub( 2231): No input device configuration file found for device 'compass_sensor'.

W/InputMethodManagerService( 2231): Couldn't create dir.: /data/system/inputmethod

E/Trace   ( 1855): error opening trace file: No such file or directory (2)

E/Trace   ( 2231): error opening trace file: No such file or directory (2)

I/SystemServer( 2231): Accessibility Manager

I/ActivityManager( 2231): Config changes=1df8 {1.0 ?mcc?mnc en_US ldltr sw360dp w360dp h615dp 320dpi nrml long port ?uimode ?night -touch -keyb/v/h -nav/h s.2 themeResource=null}

I/SystemServer( 2231): Mount Service

D/MountService( 2231): got storage path: /storage/sdcard0 description: Internal storage primary: true removable: false emulated: true mtpReserve: 100 allowMassStorage: false maxFileSize: 0

D/MountService( 2231): addVolumeLocked() StorageVolume [mStorageId=65537 mPath=/storage/emulated/0 mDescriptionId=17040710 mPrimary=true mRemovable=false mEmulated=true mMtpReserveSpace=100 mAllowMassStorage=false mMaxFileSize=0 mOwner=UserHandle{0}]

D/MountService( 2231): got storage path: /storage/sdcard1 description: SD card primary: false removable: true emulated: false mtpReserve: 0 allowMassStorage: true maxFileSize: 0

D/MountService( 2231): addVolumeLocked() StorageVolume [mStorageId=0 mPath=/storage/sdcard1 mDescriptionId=17040711 mPrimary=false mRemovable=true mEmulated=false mMtpReserveSpace=0 mAllowMassStorage=true mMaxFileSize=0 mOwner=null]

D/MountService( 2231): got storage path: /storage/usbdisk0 description: USB storage primary: false removable: true emulated: false mtpReserve: 0 allowMassStorage: false maxFileSize: 0

D/MountService( 2231): addVolumeLocked() StorageVolume [mStorageId=0 mPath=/storage/usbdisk0 mDescriptionId=17040712 mPrimary=false mRemovable=true mEmulated=false mMtpReserveSpace=0 mAllowMassStorage=false mMaxFileSize=0 mOwner=null]

I/SystemServer( 2231): LockSettingsService

I/SystemServer( 2231): Device Policy

I/SystemServer( 2231): Status Bar

I/SystemServer( 2231): Clipboard Service

I/SystemServer( 2231): NetworkManagement Service

I/SystemServer( 2231): Text Service Manager Service

I/SystemServer( 2231): NetworkStats Service

I/SystemServer( 2231): NetworkPolicy Service

I/SystemServer( 2231): Wi-Fi P2pService

I/SystemServer( 2231): Wi-Fi Service

D/MountService( 2231): volume state changed for /storage/sdcard1 (null -> unmounted)

D/MountService( 2231): volume state changed for /storage/usbdisk0 (null -> removed)

I/PackageManager( 2231): No secure containers on sdcard

E/CommandListener( 1848): Failed to open /proc/sys/net/ipv6/conf/wlan0/disable_ipv6: No such file or directory

W/PackageManager( 2231): Unknown permission com.google.android.googleapps.permission.GOOGLE_AUTH.mail in package com.android.contacts

W/PackageManager( 2231): Unknown permission android.permission.ADD_SYSTEM_SERVICE in package com.android.phone

I/SystemServer( 2231): Connectivity Service

D/EventHub( 2231): No input device configuration file found for device 'ssp_context'.

E/WifiStateMachine( 2231): Failed to disable IPv6: java.lang.IllegalStateException: command '1 interface ipv6 wlan0 disable' failed with '400 1 Failed to change IPv6 state (No such file or directory)'

D/ConnectivityService( 2231): ConnectivityService starting up

W/PackageManager( 2231): Unknown permission com.google.android.googleapps.permission.GOOGLE_AUTH in package com.android.providers.calendar

W/PackageManager( 2231): Unknown permission com.google.android.googleapps.permission.GOOGLE_AUTH.cl in package com.android.providers.calendar

W/PackageManager( 2231): Unknown permission com.google.android.gallery3d.permission.GALLERY_PROVIDER in package com.android.bluetooth

W/PackageManager( 2231): Unknown permission android.permission.MMS_PUSH in package com.android.bluetooth

W/PackageManager( 2231): Unknown permission com.google.android.googleapps.permission.GOOGLE_AUTH.mail in package com.android.calendar

W/PackageManager( 2231): Not granting permission android.permission.SEND_DOWNLOAD_COMPLETED_INTENTS to package com.android.browser (protectionLevel=2 flags=0x89be45)

W/PackageManager( 2231): Unknown permission com.cyanogenmod.filemanager.permissions.READ_THEME in package com.cyanogenmod.filemanager

W/PackageManager( 2231): Unknown permission com.google.android.gallery3d.permission.PICASA_STORE in package com.android.dreams.phototable

W/PackageManager( 2231): Unknown permission com.google.android.googleapps.permission.GOOGLE_AUTH in package com.android.settings

E/ConnectivityService( 2231): Ignoring protectedNetwork 10

E/ConnectivityService( 2231): Ignoring protectedNetwork 11

D/BluetoothTethering( 2231): startMonitoring: target: Handler (com.android.server.ConnectivityService$NetworkStateTrackerHandler) {41a5f590}

D/BluetoothManagerService( 2231): Message: 20

D/BluetoothManagerService( 2231): Added callback: android.bluetooth.BluetoothAdapter$1@419ef7c8:true

D/BluetoothManagerService( 2231): Message: 30

D/BluetoothPan( 2231): BluetoothPan() call bindService

E/ConnectivityService( 2231): Ignoring protectedNetwork 12

W/PackageManager( 2231): Unknown permission android.permission.ACCESS_4G_RADIO_DISABLE in package com.android.systemui

W/PackageManager( 2231): Unknown permission android.permission.ACCESS_4G_STATE in package com.android.systemui

W/PackageManager( 2231): Unknown permission android.permission.CHANGE_4G_STATE in package com.android.systemui

W/PackageManager( 2231): Unknown permission com.google.android.gallery3d.permission.GALLERY_PROVIDER in package com.android.exchange

W/PackageManager( 2231): Unknown permission com.google.android.googleapps.permission.ACCESS_GOOGLE_PASSWORD in package com.android.development

W/PackageManager( 2231): Unknown permission com.google.android.googleapps.permission.GOOGLE_AUTH in package com.android.development

W/PackageManager( 2231): Unknown permission com.google.android.googleapps.permission.GOOGLE_AUTH.ALL_SERVICES in package com.android.development

W/PackageManager( 2231): Unknown permission com.google.android.googleapps.permission.GOOGLE_AUTH.YouTubeUser in package com.android.development

W/PackageManager( 2231): Unknown permission com.google.android.gallery3d.permission.GALLERY_PROVIDER in package com.android.email

W/PackageManager( 2231): Not granting permission android.permission.DEVICE_POWER to package com.android.deskclock (protectionLevel=2 flags=0x88be45)

W/ContextImpl( 2231): Calling a method in the system process without a qualified user: android.app.ContextImpl.bindService:1458 android.bluetooth.BluetoothPan.<init>:141 android.bluetooth.BluetoothAdapter.getProfileProxy:1164 android.bluetooth.BluetoothTetheringDataTracker.startMonitoring:110 com.android.server.ConnectivityService.<init>:528 

D/BluetoothPan( 2231): BluetoothPan(), bindService called

E/MobileDataStateTracker( 2231): default: Ignoring feature request because could not acquire PhoneService

E/MobileDataStateTracker( 2231): default: Could not enable APN type "default"

I/WifiService( 2231): WifiService starting up with Wi-Fi disabled

I/SystemServer( 2231): Network Service Discovery Service

D/NsdService( 2231): Network service discovery enabled true

I/SystemServer( 2231): Throttle Service

I/SystemServer( 2231): FM receiver Service

I/        ( 2231): registerAndroidFmRadioReceiver

I/        ( 2231): registerAndroidFmRadioTransmitter

I/FmReceiverService( 2231): FmReceiverService created

I/FmTransmitterService( 2231): FmTransmitterService created

I/SystemServer( 2231): FM transmitter Service

I/SystemServer( 2231): UpdateLock Service

D/ProfileService( 2231): Found active: a962c684-8ab3-456d-a75e-7dedc8c498d8

I/SystemServer( 2231): Profile Manager

D/ProfileService( 2231): Set active profile to: a962c684-8ab3-456d-a75e-7dedc8c498d8 - Default

D/ProfileService( 2231): Saving profile data...

D/ProfileService( 2231): Save completed.

I/SystemServer( 2231): Notification Manager

D/EventHub( 2231): No input device configuration file found for device 'proximity_sensor'.

I/SystemServer( 2231): Device Storage Monitor

I/SystemServer( 2231): Location Manager

I/SystemServer( 2231): Country Detector

I/SystemServer( 2231): Search Service

I/SystemServer( 2231): DropBox Service

I/SystemServer( 2231): Wallpaper Service

I/AudioService( 2231):   Remote Control   registerMediaButtonIntent() for PendingIntent{41b461d8: PendingIntentRecord{41b46138 android broadcastIntent}}

I/SystemServer( 2231): Audio Service

I/SystemServer( 2231): Dock Observer

I/SystemServer( 2231): Wired Accessory Observer

W/WiredAccessoryManager( 2231): This kernel does not have usb audio support

W/WiredAccessoryManager( 2231): This kernel does not have HDMI audio support

I/SystemServer( 2231): USB Service

I/SystemServer( 2231): Serial Service

I/SystemServer( 2231): Twilight Service

I/SystemServer( 2231): UI Mode Manager Service

I/SystemServer( 2231): Backup Service

V/BackupManagerService( 2231): No ancestral data

D/dalvikvm( 2231): GC_CONCURRENT freed 1746K, 60% free 4333K/10660K, paused 1ms+2ms, total 20ms

D/dalvikvm( 2231): WAIT_FOR_CONCURRENT_GC blocked 8ms

I/gpsd    ( 1860): connect: Connect_RILD failed. (4) Retry number : 4 

I/BackupManagerService( 2231): Found stale backup journal, scheduling

I/BackupManagerService( 2231):   android

I/BackupManagerService( 2231):   com.android.browser

I/BackupManagerService( 2231):   com.android.calendar

I/BackupManagerService( 2231):   com.android.inputmethod.latin

I/BackupManagerService( 2231):   com.android.nfc

I/BackupManagerService( 2231):   com.android.providers.settings

I/BackupManagerService( 2231):   com.android.providers.userdictionary

I/BackupManagerService( 2231):   com.android.sharedstoragebackup

I/BackupManagerService( 2231): Backup enabled => false

I/SystemServer( 2231): AppWidget Service

I/SystemServer( 2231): Recognition Service

I/SystemServer( 2231): DiskStats Service

I/SystemServer( 2231): SamplingProfiler Service

I/SystemServer( 2231): NetworkTimeUpdateService

I/SystemServer( 2231): CommonTimeManagementService

I/SystemServer( 2231): CertBlacklister

I/SystemServer( 2231): Dreams Service

I/SystemServer( 2231): AssetRedirectionManager Service

I/SystemServer( 2231): Pie Delivery Service

D/EventHub( 2231): No input device configuration file found for device 'light_sensor'.

D/EventHub( 2231): No input device configuration file found for device 'pressure_sensor'.

D/EventHub( 2231): No input device configuration file found for device 'gyro_sensor'.

D/EventHub( 2231): No input device configuration file found for device 'accelerometer_sensor'.

E/EventHub( 2231): could not get driver version for /dev/input/mice, Not a typewriter

D/EventHub( 2231): No input device configuration file found for device 'T0_WM1811 T0 Jack'.

I/EventHub( 2231): New device: id=8, fd=166, path='/dev/input/event9', name='T0_WM1811 T0 Jack', classes=0x81, configuration='', keyLayout='/system/usr/keylayout/Generic.kl', keyCharacterMap='/system/usr/keychars/Generic.kcm', builtinKeyboard=false, usingSuspendBlockIoctl=true, usingClockIoctl=false

E/KeyLayoutMap( 2231): /system/usr/keylayout/sec_e-pen.kl:1: Expected key code label, got 'PDCT'.

I/EventHub( 2231): New device: id=9, fd=167, path='/dev/input/event11', name='sec_e-pen', classes=0x85, configuration='/system/usr/idc/sec_e-pen.idc', keyLayout='/system/usr/keylayout/Generic.kl', keyCharacterMap='/system/usr/keychars/Generic.kcm', builtinKeyboard=false, usingSuspendBlockIoctl=true, usingClockIoctl=false

E/EventHub( 2231): could not get driver version for /dev/input/mouse0, Not a typewriter

D/EventHub( 2231): No input device configuration file found for device 'gpio-keys'.

I/EventHub( 2231): New device: id=10, fd=168, path='/dev/input/event1', name='gpio-keys', classes=0x1, configuration='', keyLayout='/system/usr/keylayout/gpio-keys.kl', keyCharacterMap='/system/usr/keychars/Generic.kcm', builtinKeyboard=false, usingSuspendBlockIoctl=true, usingClockIoctl=false

D/EventHub( 2231): No input device configuration file found for device 'max77693-muic'.

I/EventHub( 2231): New device: id=11, fd=169, path='/dev/input/event0', name='max77693-muic', classes=0x1, configuration='', keyLayout='/system/usr/keylayout/Generic.kl', keyCharacterMap='/system/usr/keychars/Generic.kcm', builtinKeyboard=false, usingSuspendBlockIoctl=true, usingClockIoctl=false

D/EventHub( 2231): No input device configuration file found for device 'sec_touchkey'.

I/EventHub( 2231): New device: id=12, fd=170, path='/dev/input/event10', name='sec_touchkey', classes=0x1, configuration='', keyLayout='/system/usr/keylayout/sec_touchkey.kl', keyCharacterMap='/system/usr/keychars/Generic.kcm', builtinKeyboard=false, usingSuspendBlockIoctl=true, usingClockIoctl=false

I/EventHub( 2231): New device: id=13, fd=171, path='/dev/input/event2', name='sec_touchscreen', classes=0x14, configuration='/system/usr/idc/sec_touchscreen.idc', keyLayout='', keyCharacterMap='', builtinKeyboard=false, usingSuspendBlockIoctl=true, usingClockIoctl=false

I/InputReader( 2231): Device added: id=-1, name='Virtual', sources=0x00000301

I/InputReader( 2231):   Touch device 'sec_touchscreen' could not query the properties of its associated display.  The device will be inoperable until the display size becomes available.

I/InputReader( 2231): Device added: id=13, name='sec_touchscreen', sources=0x00001002

I/InputReader( 2231): Device added: id=12, name='sec_touchkey', sources=0x00000101

I/InputReader( 2231): Device added: id=11, name='max77693-muic', sources=0x00000101

I/InputReader( 2231): Device added: id=10, name='gpio-keys', sources=0x00000101

I/InputReader( 2231):   Touch device 'sec_e-pen' could not query the properties of its associated display.  The device will be inoperable until the display size becomes available.

I/InputReader( 2231): Device added: id=9, name='sec_e-pen', sources=0x80006103

I/InputReader( 2231): Device added: id=8, name='T0_WM1811 T0 Jack', sources=0x80000101

I/InputReader( 2231): Reconfiguring input devices.  changes=0x00000004

I/InputReader( 2231): Device reconfigured: id=9, name='sec_e-pen', size 720x1280, orientation 0, mode 3, display id 0

I/InputReader( 2231): Device reconfigured: id=13, name='sec_touchscreen', size 720x1280, orientation 0, mode 1, display id 0

I/WindowManager( 2231): SAFE MODE not enabled

I/ActivityManager( 2231): Config changes=8 {1.0 ?mcc?mnc en_US ldltr sw360dp w360dp h615dp 320dpi nrml long port ?uimode ?night finger -keyb/v/h -nav/h s.3 themeResource=null}

D/dalvikvm( 2231): JIT started for system_server

I/keystore( 1857): uid: 1000 action: z -> 7 state: 3 -> 3 retry: 4

I/keystore( 1857): uid: 1000 action: z -> 7 state: 3 -> 3 retry: 4

I/keystore( 1857): uid: 1000 action: z -> 7 state: 3 -> 3 retry: 4

E/Sensors ( 2231): Light old sensor_state 1, new sensor_state : 65 en : 1

I/ActivityManager( 2231): System now ready

I/Zygote  ( 2231): Process: zygote socket opened

I/SystemServer( 2231): Making services ready

I/gpsd    ( 1860): connect: Connect_RILD failed. (4) Retry number : 5 

I/ActivityManager( 2231): Start proc com.android.systemui for service com.android.systemui/.SystemUIService: pid=2310 uid=10040 gids={50040, 1028, 1015, 3002, 3001}

I/Vold    ( 1846): /dev/block/vold/179:49 being considered for volume sdcard1

D/Vold    ( 1846): Volume sdcard1 state changing 1 (Idle-Unmounted) -> 3 (Checking)

D/Vold    ( 1846): Trying to get filesystem type for /dev/block/vold/179:49 

D/NetworkManagementService( 2231): enabling bandwidth control

D/MountService( 2231): volume state changed for /storage/sdcard1 (unmounted -> checking)

D/MountService( 2231): sendStorageIntent Intent { act=android.intent.action.MEDIA_CHECKING dat=file:///storage/sdcard1 (has extras) } to UserHandle{-1}

E/Trace   ( 2310): error opening trace file: No such file or directory (2)

I/keystore( 1857): uid: 1000 action: z -> 7 state: 3 -> 3 retry: 4

D/SystemUIService( 2310): loading: class com.android.systemui.statusbar.phone.PhoneStatusBar

D/SystemUIService( 2310): running: com.android.systemui.statusbar.phone.PhoneStatusBar@41760db0

I/StatusBarManagerService( 2231): registerStatusBar bar=com.android.internal.statusbar.IStatusBar$Stub$Proxy@4188fcd0

I/keystore( 1857): uid: 1000 action: e -> 7 state: 3 -> 3 retry: 4

I/keystore( 1857): uid: 1000 action: e -> 7 state: 3 -> 3 retry: 4

D/dalvikvm( 2231): GC_CONCURRENT freed 613K, 47% free 5695K/10660K, paused 1ms+4ms, total 41ms

W/Settings( 2231): Setting usb_mass_storage_enabled has moved from android.provider.Settings.Secure to android.provider.Settings.Global.

I/ActivityManager( 2231): Start proc android.process.media for broadcast com.android.providers.media/.MtpReceiver: pid=2373 uid=10017 gids={50017, 1015, 1023, 1024, 1028, 2001, 3003, 3007}

I/ActivityManager( 2231): Config changes=200 {1.0 ?mcc?mnc en_US ldltr sw360dp w360dp h615dp 320dpi nrml long port finger -keyb/v/h -nav/h s.4 themeResource=null}

I/PowerWidget( 2310): Clearing any old widget stuffs

I/PowerWidget( 2310): Setting up widget

I/PowerWidget( 2310): Default buttons being loaded

I/PowerWidget( 2310): Button list: toggleWifi|toggleBluetooth|toggleGPS|toggleSound

W/RecognitionManagerService( 2231): no available voice recognition services found for user 0

E/Trace   ( 2373): error opening trace file: No such file or directory (2)

W/InputMethodManagerService( 2231): Ignoring setImeWindowStatus of uid 1000 token: null

D/Vold    ( 1846): Found vfat filesystem on /dev/block/vold/179:49

I/ActivityManager( 2231): Start proc com.android.inputmethod.latin for service com.android.inputmethod.latin/.LatinIME: pid=2389 uid=10025 gids={50025, 1028}

I/LocationBlacklist( 2231): whitelist: []

I/LocationBlacklist( 2231): blacklist: []

I/CommonTimeManagementService( 2231): No common time service detected on this platform.  Common time services will be unavailable.

I/InputReader( 2231): Reconfiguring input devices.  changes=0x00000020

I/InputReader( 2231): Reconfiguring input devices.  changes=0x00000010

W/ThrottleService( 2231): unable to find stats for iface pdp0

I//system/bin/fsck_msdos( 1846): ** /dev/block/vold/179:49

I//system/bin/fsck_msdos( 1846): ** Phase 1 - Read and Compare FATs

I//system/bin/fsck_msdos( 1846): Attempting to allocate 3747 KB for FAT

I/ActivityManager( 2231): Start proc com.android.phone for added application com.android.phone: pid=2415 uid=1001 gids={41001, 3002, 3001, 3003, 1015, 1028}

D/dalvikvm( 2231): GC_FOR_ALLOC freed 568K, 39% free 6575K/10660K, paused 27ms, total 27ms

I/ActivityManager( 2231): Start proc com.android.nfc for added application com.android.nfc: pid=2426 uid=1027 gids={41027, 3002, 3001, 1015, 1028}

I/ActivityManager( 2231): START u0 {act=android.intent.action.MAIN cat=[android.intent.category.HOME] flg=0x10000000 cmp=com.cyanogenmod.trebuchet/.Launcher} from pid 0

I/ActivityManager( 2231): Start proc com.cyanogenmod.trebuchet for activity com.cyanogenmod.trebuchet/.Launcher: pid=2456 uid=10044 gids={50044, 1028}

I/SystemServer( 2231): Enabled StrictMode for system server main thread.

E/Trace   ( 2389): error opening trace file: No such file or directory (2)

I/keystore( 1857): uid: 1000 action: z -> 7 state: 3 -> 3 retry: 4

E/Trace   ( 2415): error opening trace file: No such file or directory (2)

E/Trace   ( 2426): error opening trace file: No such file or directory (2)

I/DownloadManager( 2373): in removeSpuriousFiles

E/Trace   ( 2456): error opening trace file: No such file or directory (2)

I/LatinIME( 2389): Hardware accelerated drawing: true

D/BluetoothManagerService( 2231): Message: 20

D/BluetoothManagerService( 2231): Added callback: android.bluetooth.IBluetoothManagerCallback$Stub$Proxy@417fc960:true

D/BluetoothAdapter( 2310): 1100063648: getState() :  mService = null. Returning STATE_OFF

D/BluetoothAdapter( 2310): 1100063648: getState() :  mService = null. Returning STATE_OFF

D/BluetoothAdapter( 2310): 1100063648: getState() :  mService = null. Returning STATE_OFF

I/QuickSettingsController( 2310): Default tiles being loaded

I/QuickSettingsController( 2310): Tiles list: toggleUser|toggleBrightness|toggleSettings|toggleWifi|toggleMobileData|toggleBattery|toggleAirplane|toggleBluetooth

W/SubtypeLocale( 2389): KeyboardLayoutSet not found, use QWERTY: locale=hu_ZZ extraValue=AsciiCapable,SupportTouchPositionCorrection

I/NfcService( 2426): Starting NFC service

W/TelephonyProvider( 2415): onCreate: confFile=/system/etc/apns-conf.xml oldCheckSum=-1

D/TelephonyManager( 2415): getLteOnCdmaMode=0 curVal=-1 product_type='' lteOnCdmaProductType=''

D/TelephonyManager( 2415): getLteOnCdmaMode=0 curVal=-1 product_type='' lteOnCdmaProductType=''

D/NFCJNI  ( 2426): NFC Service : loading JNI

D/BluetoothManagerService( 2231): Message: 20

D/BluetoothAdapter( 2310): 1100063648: getState() :  mService = null. Returning STATE_OFF

D/BluetoothAdapter( 2310): 1100063648: getState() :  mService = null. Returning STATE_OFF

D/BluetoothAdapter( 2310): 1100063648: getState() :  mService = null. Returning STATE_OFF

D/dalvikvm( 2231): GC_CONCURRENT freed 111K, 21% free 8511K/10660K, paused 4ms+2ms, total 37ms

D/dalvikvm( 2231): WAIT_FOR_CONCURRENT_GC blocked 18ms

D/dalvikvm( 2231): WAIT_FOR_CONCURRENT_GC blocked 14ms

D/dalvikvm( 2231): WAIT_FOR_CONCURRENT_GC blocked 27ms

D/dalvikvm( 2231): WAIT_FOR_CONCURRENT_GC blocked 16ms

D/dalvikvm( 2231): WAIT_FOR_CONCURRENT_GC blocked 23ms

D/BluetoothManagerService( 2231): Added callback: android.bluetooth.IBluetoothManagerCallback$Stub$Proxy@4180b960:true

D/dalvikvm( 2231): WAIT_FOR_CONCURRENT_GC blocked 20ms

D/dalvikvm( 2231): WAIT_FOR_CONCURRENT_GC blocked 22ms

D/dalvikvm( 2231): WAIT_FOR_CONCURRENT_GC blocked 21ms

D/dalvikvm( 2231): WAIT_FOR_CONCURRENT_GC blocked 16ms

D/dalvikvm( 2231): WAIT_FOR_CONCURRENT_GC blocked 15ms

W/InputAttributes( 2389): No editor info for this field. Bug?

I/keystore( 1857): uid: 1000 action: z -> 7 state: 3 -> 3 retry: 4

I/ActivityManager( 2231): Start proc com.android.nfc:handover for service com.android.nfc/.handover.HandoverService: pid=2480 uid=1027 gids={41027, 3002, 3001, 1015, 1028}

E/ActivityThread( 2389): Failed to find provider info for com.android.inputmethod.latin.dictionarypack

I/ActivityManager( 2231): Start proc android.process.acore for content provider com.android.providers.contacts/.ContactsProvider2: pid=2493 uid=10001 gids={50001, 3003, 1015, 1028}

E/BinaryDictionaryGetter( 2389): Could not find a dictionary pack

I/keystore( 1857): uid: 1000 action: z -> 7 state: 3 -> 3 retry: 4

E/Trace   ( 2480): error opening trace file: No such file or directory (2)

W/Settings( 2415): Setting airplane_mode_on has moved from android.provider.Settings.System to android.provider.Settings.Global, returning read-only value.

W/Settings( 2415): Setting auto_time has moved from android.provider.Settings.System to android.provider.Settings.Global, returning read-only global URI.

D/BluetoothManagerService( 2231): Message: 20

W/Settings( 2415): Setting auto_time_zone has moved from android.provider.Settings.System to android.provider.Settings.Global, returning read-only global URI.

D/BluetoothManagerService( 2231): Added callback: android.bluetooth.IBluetoothManagerCallback$Stub$Proxy@41a33c90:true

E/Trace   ( 2493): error opening trace file: No such file or directory (2)

D/dalvikvm( 1852): GC_EXPLICIT freed 36K, 79% free 2300K/10660K, paused 1ms+1ms, total 12ms

D/dalvikvm( 1852): GC_EXPLICIT freed <1K, 79% free 2300K/10660K, paused 1ms+1ms, total 11ms

I/NfceeAccess( 2426): read 3 signature(s) for NFCEE access

D/dalvikvm( 2231): GC_FOR_ALLOC freed 157K, 14% free 9208K/10660K, paused 36ms, total 36ms

D/dalvikvm( 1852): GC_EXPLICIT freed <1K, 79% free 2300K/10660K, paused 1ms+1ms, total 12ms

I/ActivityManager( 2231): Start proc com.android.smspush for service com.android.smspush/.WapPushManager: pid=2515 uid=10049 gids={50049, 1028}

W/Settings( 2426): Setting airplane_mode_radios has moved from android.provider.Settings.System to android.provider.Settings.Global, returning read-only value.

W/Settings( 2426): Setting airplane_mode_toggleable_radios has moved from android.provider.Settings.System to android.provider.Settings.Global, returning read-only value.

I/PowerWidget( 2310): Clearing any old widget stuffs

I/PowerWidget( 2310): Setting up widget

I/PowerWidget( 2310): Default buttons being loaded

I/PowerWidget( 2310): Button list: toggleWifi|toggleBluetooth|toggleGPS|toggleSound

D/        ( 2415): [ApnContext:default] set reason as dataEnabled,current state IDLE

D/        ( 2415): [ApnContext:default] setRetryCount: 0

D/        ( 2415): [ApnContext:mms] set reason as dataEnabled,current state IDLE

D/        ( 2415): [ApnContext:mms] setRetryCount: 0

D/        ( 2415): [ApnContext:supl] set reason as dataEnabled,current state IDLE

D/        ( 2415): [ApnContext:supl] setRetryCount: 0

D/        ( 2415): [ApnContext:dun] set reason as dataEnabled,current state IDLE

D/        ( 2415): [ApnContext:dun] setRetryCount: 0

D/        ( 2415): [ApnContext:hipri] set reason as dataEnabled,current state IDLE

D/        ( 2415): [ApnContext:hipri] setRetryCount: 0

D/dalvikvm( 2231): GC_FOR_ALLOC freed 42K, 13% free 9943K/11396K, paused 26ms, total 26ms

E/Trace   ( 2515): error opening trace file: No such file or directory (2)

D/PhoneStatusBar( 2310): disable: < expand icons alerts ticker system_info back home recent clock search >

D/TelephonyManager( 2415): getLteOnCdmaMode=0 curVal=-1 product_type='' lteOnCdmaProductType=''

D/CallManager( 2415): registerPhone(GSM Handler (com.android.internal.telephony.PhoneProxy) {41782c48})

D/NfcService( 2426): checking on firmware download

W/Settings( 2426): Setting airplane_mode_on has moved from android.provider.Settings.System to android.provider.Settings.Global, returning read-only value.

D/NfcService( 2426): NFC is on. Doing normal stuff

I/NfcService( 2426): Enabling NFC

D/BluetoothManagerService( 2231): Message: 20

D/BluetoothManagerService( 2231): Added callback: android.bluetooth.IBluetoothManagerCallback$Stub$Proxy@41888130:true

I/keystore( 1857): uid: 1000 action: z -> 7 state: 3 -> 3 retry: 4

D/BluetoothAdapter( 2310): 1100063648: getState() :  mService = null. Returning STATE_OFF

D/BluetoothAdapter( 2310): 1100063648: getState() :  mService = null. Returning STATE_OFF

D/NFCJNI  ( 2426): Start Initialization

W/ServiceWatcher( 2231): com.google.android.location not found

W/ServiceWatcher( 2231): com.google.android.location not found

D/SystemUIService( 2310): loading: class com.android.systemui.power.PowerUI

D/SystemUIService( 2310): running: com.android.systemui.power.PowerUI@41a22f88

D/SystemUIService( 2310): loading: class com.android.systemui.media.RingtonePlayer

D/SystemUIService( 2310): running: com.android.systemui.media.RingtonePlayer@41a23d70

W/LocationManagerService( 2231): no network location provider found

W/ServiceWatcher( 2231): com.google.android.location not found

E/NFC-HCI ( 2426): Could not open /system/vendor/firmware/libpn544_fw.so or /system/lib/libpn544_fw.so

I//system/bin/fsck_msdos( 1846): Attempting to allocate 3747 KB for FAT

D/dalvikvm( 2231): GC_FOR_ALLOC freed 75K, 12% free 10746K/12132K, paused 31ms, total 31ms

D/BluetoothManagerService( 2231): Message: 30

I/Choreographer( 2310): Skipped 30 frames!  The application may be doing too much work on its main thread.

I/ActivityManager( 2231): Start proc com.android.location.fused for service com.android.location.fused/.FusedLocationService: pid=2553 uid=10020 gids={50020, 1028}

D/dalvikvm( 2231): GC_FOR_ALLOC freed 59K, 11% free 11495K/12868K, paused 26ms, total 26ms

E/Trace   ( 2553): error opening trace file: No such file or directory (2)

W/ServiceWatcher( 2231): com.google.android.location not found

E/LocationManagerService( 2231): no geocoder provider found

I/keystore( 1857): uid: 1000 action: z -> 7 state: 3 -> 3 retry: 4

I/keystore( 1857): uid: 1000 action: z -> 7 state: 3 -> 3 retry: 4

I/keystore( 1857): uid: 1000 action: z -> 7 state: 3 -> 3 retry: 4

I/Choreographer( 2231): Skipped 56 frames!  The application may be doing too much work on its main thread.

D/libEGL  ( 2310): loaded /system/lib/egl/libEGL_mali.so

D/libEGL  ( 2310): loaded /system/lib/egl/libGLESv1_CM_mali.so

D/libEGL  ( 2310): loaded /system/lib/egl/libGLESv2_mali.so

E/        ( 2310): Device driver API match

E/        ( 2310): Device driver API version: 17

E/        ( 2310): User space API version: 17 

E/        ( 2310): mali: REVISION=Linux-r3p1-01rel1 BUILD_DATE=Mon May  6 11:20:56 KST 2013 

D/DebugService( 2415): DebugService DebugService:

D/TelephonyDebugService( 2415): TelephonyDebugService()

I/keystore( 1857): uid: 1000 action: z -> 7 state: 3 -> 3 retry: 4

I/gpsd    ( 1860): connect: Connect_RILD failed. (4) Retry number : 6 

D/OpenGLRenderer( 2310): Enabling debug mode 0

I/keystore( 1857): uid: 1000 action: z -> 7 state: 3 -> 3 retry: 4

D/BluetoothManagerService( 2231): Message: 30

E/BluetoothPhoneService( 2415): Could not get a handle on Connection object for the call

V/TAG     ( 2231): bug 7643792: fitSystemWindows([0,0][0,0])

I/PhoneApp( 2415): Headset phone created, binding local service.

V/TAG     ( 2231): bug 7643792: fitSystemWindows([0,50][0,0])

D/BluetoothAdapter( 2310): 1100063648: getState() :  mService = null. Returning STATE_OFF

D/libEGL  ( 2231): loaded /system/lib/egl/libEGL_mali.so

D/BluetoothAdapter( 2310): 1100063648: getState() :  mService = null. Returning STATE_OFF

D/libEGL  ( 2456): loaded /system/lib/egl/libEGL_mali.so

D/BluetoothAdapter( 2310): 1100063648: getState() :  mService = null. Returning STATE_OFF

D/libEGL  ( 2231): loaded /system/lib/egl/libGLESv1_CM_mali.so

D/libEGL  ( 2456): loaded /system/lib/egl/libGLESv1_CM_mali.so

D/libEGL  ( 2231): loaded /system/lib/egl/libGLESv2_mali.so

D/libEGL  ( 2456): loaded /system/lib/egl/libGLESv2_mali.so

D/BluetoothAdapter( 2310): 1100063648: getState() :  mService = null. Returning STATE_OFF

E/        ( 2231): Device driver API match

E/        ( 2231): Device driver API version: 17

E/        ( 2231): User space API version: 17 

E/        ( 2231): mali: REVISION=Linux-r3p1-01rel1 BUILD_DATE=Mon May  6 11:20:56 KST 2013 

E/        ( 2456): Device driver API match

E/        ( 2456): Device driver API version: 17

E/        ( 2456): User space API version: 17 

E/        ( 2456): mali: REVISION=Linux-r3p1-01rel1 BUILD_DATE=Mon May  6 11:20:56 KST 2013 

D/BluetoothAdapter( 2310): 1100063648: getState() :  mService = null. Returning STATE_OFF

D/BluetoothAdapter( 2310): 1100063648: getState() :  mService = null. Returning STATE_OFF

D/gpslogd ( 2231): SendGpsExtensionMessage: Waiting for IPC connection...

I/libgps  ( 2231): Restore: No SUPL config to restore

D/BluetoothAdapter( 2310): 1100063648: getState() :  mService = null. Returning STATE_OFF

D/BluetoothAdapter( 2310): 1100063648: getState() :  mService = null. Returning STATE_OFF

D/OpenGLRenderer( 2456): Enabling debug mode 0

D/OpenGLRenderer( 2231): Enabling debug mode 0

I/libgps  ( 2231): Save: type=1, hostname=supl.google.com, port=7276, ssl=0, ssl_version=0, ssl_type=0

D/PhoneStatusBar( 2310): disable: < expand icons alerts ticker system_info back home RECENT* clock SEARCH* >

I/ActivityManager( 2231): Displayed com.cyanogenmod.trebuchet/.Launcher: +897ms

I//system/bin/fsck_msdos( 1846): ** Phase 2 - Check Cluster Chains

D/PhoneStatusBar( 2310): disable: < expand icons alerts ticker system_info BACK* HOME* RECENT CLOCK* SEARCH >

W/NFC     ( 2426): Firmware image not available: this device might be running old NFC firmware!

D/NFCJNI  ( 2426): NFC capabilities: HAL = 8150100, FW = b1011a, HW = 620003, Model = 11, HCI = 1, Full_FW = 1, Rev = 26, FW Update Info = 0

D/BluetoothManagerService( 2231): Message: 300

D/BluetoothManagerService( 2231): MESSAGE_USER_SWITCHED

I//system/bin/fsck_msdos( 1846): ** Phase 3 - Checking Directories

I/AudioService( 2231):   Remote Control   registerMediaButtonIntent() for PendingIntent{41f46520: PendingIntentRecord{41b46138 android broadcastIntent}}

D/BluetoothAdapter( 2310): 1100063648: getState() :  mService = null. Returning STATE_OFF

I/ActivityManager( 2231): Start proc com.android.settings for broadcast com.android.settings/.widget.SettingsAppWidgetProvider: pid=2608 uid=1000 gids={41000, 1015, 1028, 3002, 3001, 3003}

I/FusedLocation( 2553): engine started (com.android.location.fused)

D/NFCJNI  ( 2426): phLibNfc_SE_GetSecureElementList()

D/NFCJNI  ( 2426): 

D/NFCJNI  ( 2426): > Number of Secure Element(s) : 1

D/NFCJNI  ( 2426): phLibNfc_SE_GetSecureElementList(): SMX detected, handle=0xabcdef

D/NFCJNI  ( 2426): phLibNfc_SE_SetMode() returned 0x000d[NFCSTATUS_PENDING]

E/Trace   ( 2608): error opening trace file: No such file or directory (2)

D/dalvikvm( 2310): GC_FOR_ALLOC freed 437K, 53% free 5052K/10660K, paused 34ms, total 34ms

I/NFCJNI  ( 2426): NFC Initialized

I/dalvikvm-heap( 2310): Grow heap (frag case) to 13.216MB for 6410576-byte allocation

D/android.widget.GridLayout( 2456): vertical constraints: y3-y0>=264, y3-y0<=256, y3-y2<=104, y2-y1<=2 are inconsistent; permanently removing: y3-y0<=256. 

D/dalvikvm( 2310): GC_CONCURRENT freed 31K, 34% free 11280K/16924K, paused 3ms+8ms, total 25ms

D/BluetoothManagerService( 2231): Message: 20

D/BluetoothManagerService( 2231): Added callback: android.bluetooth.IBluetoothManagerCallback$Stub$Proxy@4225afa8:true

D/BluetoothAdapter( 2608): 1098281600: getState() :  mService = null. Returning STATE_OFF

D/BluetoothManagerService( 2231): Message: 30

D/BluetoothManagerService( 2231): Message: 30

D/BluetoothPan( 2608): BluetoothPan() call bindService

W/ContextImpl( 2608): Calling a method in the system process without a qualified user: android.app.ContextImpl.bindService:1458 android.content.ContextWrapper.bindService:473 android.bluetooth.BluetoothInputDevice.<init>:240 android.bluetooth.BluetoothAdapter.getProfileProxy:1161 com.android.settings.bluetooth.LocalBluetoothAdapter.getProfileProxy:94 

W/ContextImpl( 2608): Calling a method in the system process without a qualified user: android.app.ContextImpl.bindService:1458 android.content.ContextWrapper.bindService:473 android.bluetooth.BluetoothPan.<init>:141 android.bluetooth.BluetoothAdapter.getProfileProxy:1164 com.android.settings.bluetooth.PanProfile.<init>:73 

D/BluetoothPan( 2608): BluetoothPan(), bindService called

D/BluetoothManagerService( 2231): Message: 30

D/LocalBluetoothProfileManager( 2608): LocalBluetoothProfileManager construction complete

D/BluetoothAdapter( 2608): 1098281600: getState() :  mService = null. Returning STATE_OFF

D/BluetoothAdapter( 2608): 1098281600: getState() :  mService = null. Returning STATE_OFF

W/ContextImpl( 2608): Calling a method in the system process without a qualified user: android.app.ContextImpl.bindService:1458 android.content.ContextWrapper.bindService:473 android.bluetooth.BluetoothPbap.<init>:161 com.android.settings.bluetooth.PbapServerProfile.<init>:68 com.android.settings.bluetooth.LocalBluetoothProfileManager.<init>:124 

D/NdefPushServer( 2426): start, thread = null

D/NdefPushServer( 2426): starting new server thread

D/NdefPushServer( 2426): about create LLCP service socket

D/NdefPushServer( 2426): created LLCP service socket

D/NdefPushServer( 2426): about to accept

W/ContextImpl( 2231): Calling a method in the system process without a qualified user: android.app.ContextImpl.bindService:1458 android.bluetooth.BluetoothHeadset.<init>:273 android.bluetooth.BluetoothAdapter.getProfileProxy:1155 android.media.AudioService.getBluetoothHeadset:2172 android.media.AudioService.access$2800:104 

D/BluetoothManagerService( 2231): Message: 30

D/BluetoothManagerService( 2231): Message: 30

W/ContextImpl( 2231): Calling a method in the system process without a qualified user: android.app.ContextImpl.bindService:1458 android.bluetooth.BluetoothA2dp.<init>:160 android.bluetooth.BluetoothAdapter.getProfileProxy:1158 android.media.AudioService$AudioServiceBroadcastReceiver.onReceive:4059 android.app.LoadedApk$ReceiverDispatcher$Args.run:758 

D/NfcService( 2426): NFC-EE OFF

V/WiredAccessoryManager( 2231): init()

D/NfcService( 2426): NFC-C ON

V/SipBroadcastReceiver( 2415): start auto registration

D/dalvikvm( 2231): GC_CONCURRENT freed 3195K, 25% free 10605K/13980K, paused 2ms+4ms, total 41ms

D/dalvikvm( 2231): WAIT_FOR_CONCURRENT_GC blocked 33ms

D/dalvikvm( 2231): WAIT_FOR_CONCURRENT_GC blocked 25ms

D/dalvikvm( 2231): WAIT_FOR_CONCURRENT_GC blocked 25ms

D/dalvikvm( 2231): WAIT_FOR_CONCURRENT_GC blocked 24ms

D/dalvikvm( 2231): WAIT_FOR_CONCURRENT_GC blocked 18ms

D/dalvikvm( 2231): WAIT_FOR_CONCURRENT_GC blocked 35ms

D/dalvikvm( 2310): GC_FOR_ALLOC freed <1K, 34% free 11281K/16924K, paused 9ms, total 9ms

I/dalvikvm-heap( 2310): Grow heap (frag case) to 19.729MB for 6860816-byte allocation

D/dalvikvm( 2310): GC_CONCURRENT freed <1K, 24% free 17981K/23628K, paused 2ms+2ms, total 27ms

I/SurfaceFlinger( 1851): Boot is finished (7060 ms)

I/gpsd    ( 1860): connect: Connect_RILD failed. (4) Retry number : 7 

I/ActivityManager( 2231): Start proc com.android.contacts for broadcast com.android.contacts/.calllog.CallLogReceiver: pid=2676 uid=10001 gids={50001, 3003, 1015, 1028}

E/Trace   ( 2676): error opening trace file: No such file or directory (2)

I/ActivityManager( 2231): Start proc com.cyanogenmod.settings.device for broadcast com.cyanogenmod.settings.device/.Startup: pid=2694 uid=1000 gids={41000, 1015, 1028, 3002, 3001, 3003}

E/Trace   ( 2694): error opening trace file: No such file or directory (2)

W/GalaxyS3Settings_Utils_Write( 2694): file /sys/class/sec/sec_touchkey/force_disable: 0

W/GalaxyS3Settings_Utils_Write( 2694): file /sys/class/sec/sec_touchkey/brightness: 1

W/GalaxyS3Settings_Utils_Write( 2694): file /sys/class/mdnie/mdnie/scenario: 0

W/GalaxyS3Settings_Utils_Write( 2694): file /sys/class/mdnie/mdnie/mode: 0

I//system/bin/fsck_msdos( 1846): ** Phase 4 - Checking for Lost Files

W/GalaxyS3Settings_Utils_Write( 2694): file /sys/class/mdnie/mdnie/negative: 0

W/GalaxyS3Settings_Utils_Write( 2694): file /sys/class/sec/led/led_fade: 1

W/GalaxyS3Settings_Utils_Write( 2694): file /sys/vibrator/pwm_val: 50

W/GalaxyS3Settings_Utils_Write( 2694): file /sys/class/sec/sec_touchkey/timeout: 3

W/GalaxyS3Settings_Utils( 2694): file /sys/class/sec/sec_epen/epen_saving_mode not found: java.io.FileNotFoundException: /sys/class/sec/sec_epen/epen_saving_mode: open failed: EACCES (Permission denied)

I/AccountTypeManager( 2676): Loaded meta-data for 1 account types, 0 accounts in 34ms(wall) 6ms(cpu)

I/ActivityManager( 2231): Start proc com.bel.android.dspmanager for broadcast com.bel.android.dspmanager/.receiver.BootCompletedReceiver: pid=2708 uid=10013 gids={50013, 3002, 1028}

I//system/bin/fsck_msdos( 1846): 3324 files, 1158144 free (870064 clusters)

E/Trace   ( 2708): error opening trace file: No such file or directory (2)

I/Vold    ( 1846): Filesystem check completed OK

I/HeadsetService( 2708): Starting service.

I/Vold    ( 1846): Device /dev/block/vold/179:49, target /storage/sdcard1 mounted @ /mnt/secure/staging

D/Vold    ( 1846): Volume sdcard1 state changing 3 (Checking) -> 4 (Mounted)

D/MountService( 2231): volume state changed for /storage/sdcard1 (checking -> mounted)

E/VoldConnector( 2231): NDC Command {3 volume mount /storage/sdcard1} took too long (2309ms)

W/MountService( 2231): Duplicate state transition (mounted -> mounted) for /storage/emulated/0

D/MountService( 2231): sendStorageIntent Intent { act=android.intent.action.MEDIA_MOUNTED dat=file:///storage/sdcard1 (has extras) } to UserHandle{-1}

I/RecoverySystem( 2231): No recovery log file

I/ActivityManager( 2231): Start proc com.cyanogenmod.updater for broadcast com.cyanogenmod.updater/.receiver.UpdateCheckReceiver: pid=2723 uid=10006 gids={50006, 3003, 1015, 2001, 1028}

E/Trace   ( 2723): error opening trace file: No such file or directory (2)

I/BootReceiver( 2231): Copying /proc/last_kmsg to DropBox (SYSTEM_LAST_KMSG)

I/UpdateCheckReceiver( 2723): Scheduling future, repeating update checks.

I/ActivityManager( 2231): Start proc com.android.providers.calendar for broadcast com.android.providers.calendar/.CalendarReceiver: pid=2739 uid=10010 gids={50010, 3003, 1015, 1028}

I/UpdateCheckService( 2723): Could not check for updates. Not connected to the network.

E/Trace   ( 2739): error opening trace file: No such file or directory (2)

I/PowerManagerService( 2231): Boot animation finished.

I/ActivityManager( 2231): Start proc com.android.cellbroadcastreceiver for broadcast com.android.cellbroadcastreceiver/.CellBroadcastReceiver: pid=2755 uid=10011 gids={50011, 1028}

E/Trace   ( 2755): error opening trace file: No such file or directory (2)

D/CellBroadcastReceiver( 2755): onReceive Intent { act=android.intent.action.BOOT_COMPLETED flg=0x10 cmp=com.android.cellbroadcastreceiver/.CellBroadcastReceiver (has extras) }

D/CellBroadcastReceiver( 2755): Registering for ServiceState updates

D/CellBroadcastReceiver( 2755): Service state changed! 1 Full: 1 home null null null  Unknown CSS not supported -1 -1 RoamInd=-1 DefRoamInd=-1 EmergOnly=false

I/ActivityManager( 2231): Start proc com.android.deskclock for broadcast com.android.deskclock/.AlarmInitReceiver: pid=2769 uid=10015 gids={50015, 1028}

E/Trace   ( 2769): error opening trace file: No such file or directory (2)

V/AlarmClock( 2769): No next alarm

V/AlarmClock( 2769): AlarmInitReceiver - Reset timers and clear stopwatch data

V/AlarmClock( 2769): No next alarm

V/AlarmClock( 2769): AlarmInitReceiver finished

I/ActivityManager( 2231): Start proc com.android.email for broadcast com.android.email/.service.EmailBroadcastReceiver: pid=2788 uid=10018 gids={50018, 3003, 1015, 1028}

E/Trace   ( 2788): error opening trace file: No such file or directory (2)

D/ActivityThread( 2788): Loading provider com.android.email.provider;com.android.email.notifier: com.android.email.provider.EmailProvider

D/ActivityThread( 2788): Loading provider com.android.email.provider;com.android.email.notifier: com.android.email.provider.EmailProvider

E/SQLiteLog( 2788): (1) no such table: Account

W/EmailProvider( 2788): Exception cleaning EmailProvider.dbandroid.database.sqlite.SQLiteException: no such table: Account (code 1): , while compiling: delete from Account WHERE displayName ISNULL;

I/ActivityManager( 2231): Start proc com.android.exchange for service com.android.exchange/.ExchangeService: pid=2807 uid=10019 gids={50019, 3003, 1015, 1028}

D/EmailProvider( 2788): fromDatabase accounts: 0

D/EmailProvider( 2788): ending toDatabase transaction; copyCount = 0

D/dalvikvm( 1852): GC_EXPLICIT freed 39K, 79% free 2300K/10660K, paused 1ms+1ms, total 12ms

D/dalvikvm( 1852): GC_EXPLICIT freed <1K, 79% free 2300K/10660K, paused 1ms+1ms, total 11ms

E/Trace   ( 2807): error opening trace file: No such file or directory (2)

