D/dalvikvm( 1852): GC_EXPLICIT freed <1K, 79% free 2300K/10660K, paused 1ms+1ms, total 12ms

D/ExchangeService( 2807): !!! EAS ExchangeService, onCreate

D/Eas Debug( 2807): Logging: 

D/ExchangeService( 2807): !!! EAS ExchangeService, onStartCommand, startingUp = false, running = false

I/ActivityManager( 2231): Start proc com.cyanogenmod.lockclock for broadcast com.cyanogenmod.lockclock/.ClockWidgetProvider: pid=2827 uid=10028 gids={50028, 3003, 1028}

D/ExchangeService( 2807): !!! EAS ExchangeService, onStartCommand, startingUp = true, running = false

D/EmailProvider( 2788): ending fromDatabase transaction; copyCount = 0

D/ExchangeService( 2807): Received deviceId from Email app: android1369300465220

D/ExchangeService( 2807): Reconciling accounts...

W/ActivityManager( 2231): Unable to start service Intent { cmp=com.android.email/.service.AttachmentDownloadService } U=0: not found

E/Trace   ( 2827): error opening trace file: No such file or directory (2)

D/ExchangeService( 2807): !!! EAS ExchangeService, onStartCommand, startingUp = true, running = false

D/Eas Debug( 2807): Logging: 

W/ActivityManager( 2231): Unable to start service Intent { cmp=com.android.email/.service.AttachmentDownloadService } U=0: not found

D/WeatherUpdateService( 2827): Service started, but shouldn't update ... stopping

D/ExchangeService( 2807): !!! EAS ExchangeService, onStartCommand, startingUp = false, running = false

W/ActivityManager( 2231): Unable to start service Intent { cmp=com.android.email/.service.AttachmentDownloadService } U=0: not found

D/ExchangeService( 2807): Reconciling accounts...

W/ActivityManager( 2231): Unable to start service Intent { cmp=com.android.email/.service.AttachmentDownloadService } U=0: not found

W/ActivityManager( 2231): Unable to start service Intent { cmp=com.android.email/.service.AttachmentDownloadService } U=0: not found

I/ActivityManager( 2231): Start proc com.android.mms for broadcast com.android.mms/.transaction.MmsSystemEventReceiver: pid=2859 uid=10030 gids={50030, 3003, 1015, 1028}

E/Trace   ( 2859): error opening trace file: No such file or directory (2)

D/CountryDetector( 2231): The first listener is added

V/MmsConfig( 2859): mnc/mcc: 

V/MmsConfig( 2859): tag: bool value: enabledMMS - true

V/MmsConfig( 2859): tag: int value: maxMessageSize - 307200

V/MmsConfig( 2859): tag: int value: maxImageHeight - 480

V/MmsConfig( 2859): tag: int value: maxImageWidth - 640

V/MmsConfig( 2859): tag: int value: defaultSMSMessagesPerThread - 500

V/MmsConfig( 2859): tag: int value: defaultMMSMessagesPerThread - 50

V/MmsConfig( 2859): tag: int value: minMessageCountPerThread - 10

V/MmsConfig( 2859): tag: int value: maxMessageCountPerThread - 5000

V/MmsConfig( 2859): tag: string value: uaProfUrl - http://www.google.com/oha/rdf/ua-profile-kila.xml

V/MmsConfig( 2859): tag: int value: recipientLimit - -1

V/MmsConfig( 2859): tag: bool value: enableMultipartSMS - true

V/MmsConfig( 2859): tag: bool value: enableSplitSMS - false

V/MmsConfig( 2859): tag: int value: smsToMmsTextThreshold - -1

V/MmsConfig( 2859): tag: bool value: enableSlideDuration - true

V/MmsConfig( 2859): tag: int value: maxMessageTextSize - -1

V/MmsConfig( 2859): tag: bool value: enableSprintVVM - false

I/gpsd    ( 1860): connect: Connect_RILD failed. (4) Retry number : 8 

D/CMStats ( 2608): Next sync attempt in : 20 hours

I/BootReceiver( 2608): Restore disabled by user preference.

I/BootReceiver( 2608): Restore disabled by user preference.

D/CAT     ( 2415): StkAppService$ServiceHandler: OP_BOOT_COMPLETED

I/ActivityManager( 2231): Start proc com.android.voicedialer for broadcast com.android.voicedialer/.VoiceDialerReceiver: pid=2888 uid=10047 gids={50047, 3002, 1028}

D/dalvikvm( 2231): GC_EXPLICIT freed 1651K, 24% free 10694K/13980K, paused 2ms+4ms, total 44ms

D/MmsSmsDatabaseHelper( 2415): [MmsSmsDb] tableName: threads hasAutoIncrement: CREATE TABLE threads (_id INTEGER PRIMARY KEY AUTOINCREMENT,date INTEGER DEFAULT 0,message_count INTEGER DEFAULT 0,recipient_ids TEXT,snippet TEXT,snippet_cs INTEGER DEFAULT 0,read INTEGER DEFAULT 1,type INTEGER DEFAULT 0,error INTEGER DEFAULT 0,has_attachment INTEGER DEFAULT 0) result: true

D/Mms:app ( 2859): cancelNotification

E/Trace   ( 2888): error opening trace file: No such file or directory (2)

D/MmsSmsDatabaseHelper( 2415): [MmsSmsDb] tableName: canonical_addresses hasAutoIncrement: CREATE TABLE canonical_addresses (_id INTEGER PRIMARY KEY AUTOINCREMENT,address TEXT) result: true

D/MmsSmsDatabaseHelper( 2415): [MmsSmsDb] tableName: part hasAutoIncrement: CREATE TABLE part (_id INTEGER PRIMARY KEY AUTOINCREMENT,mid INTEGER,seq INTEGER DEFAULT 0,ct TEXT,name TEXT,chset INTEGER,cd TEXT,fn TEXT,cid TEXT,cl TEXT,ctt_s INTEGER,ctt_t TEXT,_data TEXT,text TEXT) result: true

D/MmsSmsDatabaseHelper( 2415): [MmsSmsDb] tableName: pdu hasAutoIncrement: CREATE TABLE pdu (_id INTEGER PRIMARY KEY AUTOINCREMENT,thread_id INTEGER,date INTEGER,date_sent INTEGER DEFAULT 0,msg_box INTEGER,read INTEGER DEFAULT 0,m_id TEXT,sub TEXT,sub_cs INTEGER,ct_t TEXT,ct_l TEXT,exp INTEGER,m_cls TEXT,m_type INTEGER,v INTEGER,m_size INTEGER,pri INTEGER,rr INTEGER,rpt_a INTEGER,resp_st INTEGER,st INTEGER,tr_id TEXT,retr_st INTEGER,retr_txt TEXT,retr_txt_cs INTEGER,read_status INTEGER,ct_cls INTEGER,resp_txt TEXT,d_tm INTEGER,d_rpt INTEGER,locked INTEGER DEFAULT 0,seen INTEGER DEFAULT 0,text_only INTEGER DEFAULT 0) result: true

D/MmsSmsDatabaseHelper( 2415): [getWritableDatabase] hasAutoIncrementThreads: true hasAutoIncrementAddresses: true hasAutoIncrementPart: true hasAutoIncrementPdu: true

I/ActivityManager( 2231): Start proc com.andrew.apollo for broadcast com.andrew.apollo/.appwidgets.AppWidgetLarge: pid=2902 uid=10000 gids={50000, 1015, 3003, 1028}

E/Trace   ( 2902): error opening trace file: No such file or directory (2)

D/Mms:app ( 2859): cancelNotification

I/ActivityManager( 2231): Start proc com.android.gallery3d for broadcast com.android.gallery3d/.gadget.PhotoAppWidgetProvider: pid=2915 uid=10022 gids={50022, 1006, 3003, 1015, 1028}

D/android.widget.GridLayout( 2456): vertical constraints: y3-y0>=264, y3-y0<=256, y3-y2<=104, y2-y1<=2 are inconsistent; permanently removing: y3-y0<=256. 

E/Trace   ( 2915): error opening trace file: No such file or directory (2)

D/dalvikvm( 2231): GC_EXPLICIT freed 227K, 24% free 10736K/13980K, paused 2ms+3ms, total 31ms

D/WeatherUpdateService( 2827): Service started, but shouldn't update ... stopping

D/MediaScannerReceiver( 2373): action: android.intent.action.MEDIA_MOUNTED path: /storage/sdcard1

I/CalendarProvider2( 2739): Sending notification intent: Intent { act=android.intent.action.PROVIDER_CHANGED dat=content://com.android.calendar }

W/ContentResolver( 2739): Failed to get type for: content://com.android.calendar (Unknown URL content://com.android.calendar)

I/ActivityManager( 2231): Start proc com.android.calendar for broadcast com.android.calendar/.alerts.AlertReceiver: pid=2933 uid=10009 gids={50009, 3003, 1028}

E/Trace   ( 2933): error opening trace file: No such file or directory (2)

D/AlertReceiver( 2933): onReceive: a=android.intent.action.PROVIDER_CHANGED Intent { act=android.intent.action.PROVIDER_CHANGED dat=content://com.android.calendar flg=0x10 cmp=com.android.calendar/.alerts.AlertReceiver }

D/AlertService( 2933): 0 Action = android.intent.action.PROVIDER_CHANGED

D/AlertService( 2933): Beginning updateAlertNotification

D/AlertService( 2933): No fired or scheduled alerts

D/dalvikvm( 2373): GC_EXPLICIT freed 597K, 75% free 2684K/10660K, paused 3ms+7ms, total 39ms

D/dalvikvm( 2915): GC_CONCURRENT freed 6727K, 66% free 3699K/10660K, paused 1ms+1ms, total 13ms

D/dalvikvm( 2231): GC_EXPLICIT freed 497K, 23% free 10878K/13980K, paused 2ms+3ms, total 32ms

D/dalvikvm( 2915): GC_FOR_ALLOC freed 2473K, 76% free 2622K/10660K, paused 7ms, total 7ms

D/dalvikvm( 2915): GC_FOR_ALLOC freed 1511K, 76% free 2620K/10660K, paused 7ms, total 8ms

D/dalvikvm( 2456): GC_FOR_ALLOC freed 3304K, 35% free 7006K/10660K, paused 15ms, total 16ms

D/dalvikvm( 2915): GC_FOR_ALLOC freed 1492K, 76% free 2620K/10660K, paused 10ms, total 10ms

D/dalvikvm( 2915): GC_FOR_ALLOC freed 1371K, 76% free 2620K/10660K, paused 7ms, total 7ms

D/dalvikvm( 2915): GC_FOR_ALLOC freed 1376K, 76% free 2620K/10660K, paused 6ms, total 6ms

D/dalvikvm( 2456): GC_FOR_ALLOC freed 70K, 27% free 7839K/10660K, paused 10ms, total 10ms

I/dalvikvm-heap( 2456): Grow heap (frag case) to 10.118MB for 307216-byte allocation

D/dalvikvm( 2915): GC_FOR_ALLOC freed 1114K, 76% free 2623K/10660K, paused 7ms, total 7ms

D/dalvikvm( 2456): GC_FOR_ALLOC freed 1529K, 40% free 6638K/10964K, paused 10ms, total 10ms

D/dalvikvm( 2915): GC_FOR_ALLOC freed 1510K, 76% free 2621K/10660K, paused 6ms, total 6ms

D/dalvikvm( 2915): GC_FOR_ALLOC freed 1492K, 76% free 2621K/10660K, paused 6ms, total 6ms

I/gpsd    ( 1860): connect: Connect_RILD failed. (4) Retry number : 9 

D/dalvikvm( 2915): GC_FOR_ALLOC freed 1371K, 76% free 2621K/10660K, paused 7ms, total 7ms

D/dalvikvm( 2915): GC_FOR_ALLOC freed 1376K, 76% free 2622K/10660K, paused 6ms, total 6ms

D/dalvikvm( 2915): GC_FOR_ALLOC freed 1089K, 76% free 2620K/10660K, paused 6ms, total 6ms

D/dalvikvm( 2915): GC_CONCURRENT freed <1K, 58% free 4571K/10660K, paused 1ms+1ms, total 7ms

D/dalvikvm( 2456): GC_FOR_ALLOC freed 1532K, 40% free 6639K/10964K, paused 9ms, total 9ms

D/dalvikvm( 2915): GC_FOR_ALLOC freed 3818K, 76% free 2620K/10660K, paused 6ms, total 6ms

D/dalvikvm( 2915): GC_FOR_ALLOC freed 1510K, 76% free 2620K/10660K, paused 7ms, total 7ms

D/dalvikvm( 2915): GC_FOR_ALLOC freed 1082K, 76% free 2620K/10660K, paused 7ms, total 7ms

D/dalvikvm( 2915): GC_FOR_ALLOC freed 3K, 64% free 3887K/10660K, paused 7ms, total 7ms

D/dalvikvm( 2915): GC_FOR_ALLOC freed 3140K, 76% free 2621K/10660K, paused 6ms, total 6ms

D/dalvikvm( 2915): GC_CONCURRENT freed 1472K, 71% free 3170K/10660K, paused 1ms+1ms, total 7ms

D/dalvikvm( 2915): WAIT_FOR_CONCURRENT_GC blocked 3ms

D/dalvikvm( 2456): GC_FOR_ALLOC freed 907K, 34% free 7239K/10964K, paused 9ms, total 9ms

D/dalvikvm( 2915): GC_FOR_ALLOC freed 972K, 64% free 3898K/10660K, paused 6ms, total 6ms

D/dalvikvm( 2915): GC_FOR_ALLOC freed 2841K, 76% free 2621K/10660K, paused 6ms, total 6ms

D/dalvikvm( 2915): GC_FOR_ALLOC freed 1879K, 76% free 2621K/10660K, paused 6ms, total 6ms

D/dalvikvm( 2456): GC_FOR_ALLOC freed 904K, 34% free 7239K/10964K, paused 9ms, total 9ms

D/dalvikvm( 2915): GC_FOR_ALLOC freed 1061K, 76% free 2621K/10660K, paused 6ms, total 6ms

D/dalvikvm( 2915): GC_FOR_ALLOC freed 3K, 63% free 4011K/10660K, paused 6ms, total 6ms

D/dalvikvm( 2915): GC_FOR_ALLOC freed 3153K, 76% free 2622K/10660K, paused 6ms, total 6ms

D/dalvikvm( 2915): GC_FOR_ALLOC freed 1200K, 76% free 2622K/10660K, paused 6ms, total 6ms

D/dalvikvm( 2915): GC_FOR_ALLOC freed 3K, 62% free 4084K/10660K, paused 6ms, total 6ms

D/dalvikvm( 2456): GC_FOR_ALLOC freed 904K, 34% free 7239K/10964K, paused 9ms, total 9ms

D/dalvikvm( 2915): GC_FOR_ALLOC freed 3032K, 76% free 2622K/10660K, paused 6ms, total 6ms

I/gpsd    ( 1860): connect: Connect_RILD failed. (4) Retry number : 10 

D/dalvikvm( 2915): GC_FOR_ALLOC freed 974K, 76% free 2622K/10660K, paused 6ms, total 6ms

D/dalvikvm( 2915): GC_FOR_ALLOC freed 3K, 62% free 4078K/10660K, paused 7ms, total 7ms

D/dalvikvm( 2915): GC_FOR_ALLOC freed 3025K, 76% free 2622K/10660K, paused 6ms, total 6ms

D/dalvikvm( 2915): GC_FOR_ALLOC freed 3K, 63% free 4030K/10660K, paused 6ms, total 6ms

D/dalvikvm( 2456): GC_FOR_ALLOC freed 904K, 34% free 7239K/10964K, paused 9ms, total 9ms

D/dalvikvm( 2915): GC_FOR_ALLOC freed 2997K, 76% free 2623K/10660K, paused 6ms, total 6ms

D/dalvikvm( 2915): GC_FOR_ALLOC freed 3K, 63% free 4012K/10660K, paused 5ms, total 6ms

D/dalvikvm( 2915): GC_FOR_ALLOC freed 3000K, 76% free 2623K/10660K, paused 6ms, total 6ms

D/dalvikvm( 2915): GC_FOR_ALLOC freed 3K, 64% free 3923K/10660K, paused 6ms, total 6ms

D/dalvikvm( 2915): GC_FOR_ALLOC freed 3141K, 76% free 2623K/10660K, paused 6ms, total 6ms

D/dalvikvm( 2915): GC_FOR_ALLOC freed 3K, 63% free 4044K/10660K, paused 6ms, total 6ms

D/dalvikvm( 2456): GC_FOR_ALLOC freed 904K, 34% free 7239K/10964K, paused 9ms, total 9ms

I/cm      ( 2966): ____ _   _ ____ _  _ ____ ____ ____ _  _ _  _ ____ ___ 

D/dalvikvm( 2373): GC_EXPLICIT freed 1138K, 76% free 2651K/10660K, paused 1ms+3ms, total 25ms

I/cm      ( 2967): |     \_/  |__| |\ | |  | | __ |___ |\ | |\/| |  | |  \ 

I/cm      ( 2968): |___   |   |  | | \| |__| |__] |___ | \| |  | |__| |__/ 

I/cm      ( 2971): Welcome to Android 4.2.2 / CyanogenMod-10.1-20130522-NIGHTLY-n7100 

D/dalvikvm( 2231): GC_EXPLICIT freed 362K, 23% free 10891K/13980K, paused 1ms+3ms, total 34ms

I/gpsd    ( 1860): connect: Connect_RILD failed. (4) Retry number : 11 

D/dalvikvm( 2231): GC_EXPLICIT freed 256K, 24% free 10728K/13980K, paused 2ms+3ms, total 30ms

D/dalvikvm( 2373): GC_EXPLICIT freed 648K, 75% free 2767K/10660K, paused 1ms+3ms, total 15ms

D/dalvikvm( 2231): GC_EXPLICIT freed 90K, 24% free 10728K/13980K, paused 2ms+2ms, total 29ms

D/dalvikvm( 2231): GC_EXPLICIT freed 89K, 24% free 10728K/13980K, paused 2ms+3ms, total 29ms

D/dalvikvm( 2373): GC_EXPLICIT freed 756K, 74% free 2774K/10660K, paused 1ms+2ms, total 14ms

D/dalvikvm( 2231): GC_EXPLICIT freed 89K, 24% free 10728K/13980K, paused 2ms+3ms, total 29ms

D/dalvikvm( 2231): GC_EXPLICIT freed 90K, 24% free 10728K/13980K, paused 2ms+3ms, total 30ms

I/gpsd    ( 1860): connect: Connect_RILD failed. (4) Retry number : 12 

D/dalvikvm( 2373): GC_EXPLICIT freed 764K, 74% free 2773K/10660K, paused 1ms+2ms, total 14ms

D/dalvikvm( 2231): GC_EXPLICIT freed 90K, 24% free 10728K/13980K, paused 1ms+2ms, total 28ms

D/dalvikvm( 2231): GC_EXPLICIT freed 90K, 24% free 10728K/13980K, paused 1ms+3ms, total 30ms

D/dalvikvm( 2373): GC_EXPLICIT freed 770K, 74% free 2775K/10660K, paused 1ms+3ms, total 15ms

D/dalvikvm( 2231): GC_EXPLICIT freed 97K, 24% free 10732K/13980K, paused 2ms+3ms, total 30ms

D/dalvikvm( 2231): GC_EXPLICIT freed 90K, 24% free 10731K/13980K, paused 2ms+3ms, total 30ms

D/dalvikvm( 2373): GC_EXPLICIT freed 783K, 74% free 2775K/10660K, paused 1ms+3ms, total 14ms

D/dalvikvm( 2231): GC_EXPLICIT freed 89K, 24% free 10731K/13980K, paused 1ms+4ms, total 30ms

I/gpsd    ( 1860): connect: Connect_RILD failed. (4) Retry number : 13 

D/dalvikvm( 2231): GC_EXPLICIT freed 89K, 24% free 10731K/13980K, paused 1ms+3ms, total 29ms

I/keystore( 1857): uid: 1000 action: z -> 7 state: 3 -> 3 retry: 4

D/MtpService( 2373): updating state; isCurrentUser=true, mMtpLocked=false

D/MtpService( 2373): addStorageLocked 65537 /storage/emulated/0

D/MtpService( 2373): addStorageLocked 131073 /storage/sdcard1

I/keystore( 1857): uid: 1000 action: z -> 7 state: 3 -> 3 retry: 4

D/MtpService( 2373): updating state; isCurrentUser=true, mMtpLocked=false

D/MtpService( 2373): starting MTP server in MTP mode

D/MtpService( 2373): addStorageLocked 65537 /storage/emulated/0

D/MtpService( 2373): addStorageLocked 131073 /storage/sdcard1

D/dalvikvm( 2373): GC_EXPLICIT freed 1004K, 74% free 2780K/10660K, paused 1ms+3ms, total 16ms

D/dalvikvm( 2231): GC_EXPLICIT freed 465K, 23% free 10800K/13980K, paused 2ms+4ms, total 32ms

D/dalvikvm( 2231): GC_EXPLICIT freed 95K, 23% free 10794K/13980K, paused 1ms+4ms, total 31ms

D/dalvikvm( 2373): GC_EXPLICIT freed 776K, 74% free 2786K/10660K, paused 1ms+2ms, total 16ms

D/dalvikvm( 2231): GC_EXPLICIT freed 89K, 23% free 10795K/13980K, paused 1ms+4ms, total 33ms

I/gpsd    ( 1860): connect: Connect_RILD failed. (4) Retry number : 14 

D/dalvikvm( 2231): GC_EXPLICIT freed 89K, 23% free 10795K/13980K, paused 1ms+3ms, total 30ms

D/dalvikvm( 2373): GC_EXPLICIT freed 781K, 74% free 2785K/10660K, paused 1ms+3ms, total 14ms

D/dalvikvm( 2231): GC_EXPLICIT freed 89K, 23% free 10795K/13980K, paused 2ms+3ms, total 30ms

D/dalvikvm( 2231): GC_EXPLICIT freed 89K, 23% free 10795K/13980K, paused 2ms+3ms, total 30ms

D/dalvikvm( 2373): GC_EXPLICIT freed 773K, 74% free 2783K/10660K, paused 1ms+3ms, total 14ms

D/dalvikvm( 2231): GC_EXPLICIT freed 89K, 23% free 10795K/13980K, paused 1ms+3ms, total 29ms

D/dalvikvm( 2373): null clazz in OP_INSTANCE_OF, single-stepping

D/dalvikvm( 2231): GC_EXPLICIT freed 89K, 23% free 10795K/13980K, paused 2ms+3ms, total 29ms

D/dalvikvm( 2373): GC_EXPLICIT freed 694K, 74% free 2786K/10660K, paused 1ms+3ms, total 14ms

D/dalvikvm( 2231): GC_EXPLICIT freed 88K, 23% free 10795K/13980K, paused 1ms+3ms, total 29ms

D/gpsd    ( 1860): connect : ALL retry to connect RILD are failed. Closing RILD client

D/gpsd    ( 1860): start : pModule 0x130ad58

I/gpsd    ( 1860): onStart : called

D/gpsd    ( 1860): start : pModule 0x130ad80

D/gpsd    ( 1860): onStart : called

D/GpsLocationProvider( 2231): set_capabilities_callback: 6

D/dalvikvm( 2231): GC_EXPLICIT freed 89K, 23% free 10795K/13980K, paused 2ms+2ms, total 29ms

D/dalvikvm( 2373): GC_EXPLICIT freed 745K, 74% free 2784K/10660K, paused 1ms+3ms, total 15ms

D/dalvikvm( 2231): GC_EXPLICIT freed 88K, 23% free 10795K/13980K, paused 1ms+3ms, total 29ms

D/dalvikvm( 2231): GC_EXPLICIT freed 92K, 23% free 10794K/13980K, paused 1ms+3ms, total 29ms

D/dalvikvm( 2373): GC_EXPLICIT freed 749K, 74% free 2786K/10660K, paused 1ms+2ms, total 15ms

D/dalvikvm( 2231): GC_EXPLICIT freed 90K, 23% free 10793K/13980K, paused 1ms+3ms, total 29ms

D/dalvikvm( 2231): GC_EXPLICIT freed 89K, 23% free 10793K/13980K, paused 1ms+3ms, total 31ms

D/dalvikvm( 2373): GC_EXPLICIT freed 750K, 74% free 2786K/10660K, paused 1ms+3ms, total 15ms

D/dalvikvm( 2231): GC_EXPLICIT freed 89K, 23% free 10793K/13980K, paused 1ms+3ms, total 29ms

D/dalvikvm( 2231): GC_EXPLICIT freed 89K, 23% free 10793K/13980K, paused 2ms+3ms, total 32ms

D/dalvikvm( 2373): GC_EXPLICIT freed 748K, 74% free 2785K/10660K, paused 1ms+3ms, total 16ms

D/dalvikvm( 2231): GC_EXPLICIT freed 88K, 23% free 10794K/13980K, paused 1ms+3ms, total 30ms

D/dalvikvm( 2231): GC_EXPLICIT freed 89K, 23% free 10793K/13980K, paused 2ms+3ms, total 31ms

D/dalvikvm( 2373): GC_EXPLICIT freed 747K, 74% free 2785K/10660K, paused 1ms+3ms, total 15ms

D/dalvikvm( 2231): GC_EXPLICIT freed 88K, 23% free 10793K/13980K, paused 2ms+3ms, total 29ms

D/dalvikvm( 2231): GC_EXPLICIT freed 89K, 23% free 10793K/13980K, paused 1ms+3ms, total 29ms

D/dalvikvm( 2373): GC_EXPLICIT freed 731K, 74% free 2782K/10660K, paused 1ms+3ms, total 15ms

D/dalvikvm( 2231): GC_EXPLICIT freed 89K, 23% free 10793K/13980K, paused 1ms+2ms, total 28ms

I/dalvikvm( 2231): Jit: resizing JitTable from 4096 to 8192

D/dalvikvm( 2231): GC_EXPLICIT freed 93K, 23% free 10792K/13980K, paused 1ms+3ms, total 29ms

D/dalvikvm( 2915): GC_FOR_ALLOC freed 3189K, 76% free 2627K/10660K, paused 7ms, total 8ms

D/dalvikvm( 2915): GC_FOR_ALLOC freed 1516K, 76% free 2620K/10660K, paused 6ms, total 6ms

D/dalvikvm( 2915): GC_FOR_ALLOC freed 1492K, 76% free 2620K/10660K, paused 6ms, total 6ms

D/dalvikvm( 2373): GC_EXPLICIT freed 1256K, 74% free 2785K/10660K, paused 1ms+3ms, total 22ms

D/dalvikvm( 2456): GC_FOR_ALLOC freed 905K, 34% free 7239K/10964K, paused 10ms, total 10ms

D/dalvikvm( 2231): GC_EXPLICIT freed 109K, 23% free 10796K/13980K, paused 1ms+3ms, total 29ms

D/dalvikvm( 2915): GC_FOR_ALLOC freed 1371K, 76% free 2620K/10660K, paused 8ms, total 9ms

D/dalvikvm( 2915): GC_FOR_ALLOC freed 1377K, 76% free 2620K/10660K, paused 7ms, total 7ms

D/dalvikvm( 2915): GC_FOR_ALLOC freed 1086K, 76% free 2620K/10660K, paused 8ms, total 8ms

D/dalvikvm( 2456): GC_FOR_ALLOC freed 1530K, 40% free 6639K/10964K, paused 10ms, total 10ms

D/dalvikvm( 2915): GC_FOR_ALLOC freed 1509K, 76% free 2620K/10660K, paused 7ms, total 7ms

D/dalvikvm( 2915): GC_FOR_ALLOC freed 1511K, 76% free 2618K/10660K, paused 6ms, total 6ms

D/dalvikvm( 2915): GC_FOR_ALLOC freed 957K, 76% free 2620K/10660K, paused 6ms, total 6ms

D/dalvikvm( 2915): GC_FOR_ALLOC freed 1539K, 76% free 2620K/10660K, paused 7ms, total 7ms

D/dalvikvm( 2231): GC_EXPLICIT freed 104K, 23% free 10796K/13980K, paused 1ms+2ms, total 28ms

D/dalvikvm( 2915): GC_FOR_ALLOC freed 1287K, 71% free 3167K/10660K, paused 7ms, total 7ms

D/dalvikvm( 2456): GC_FOR_ALLOC freed 907K, 34% free 7239K/10964K, paused 10ms, total 10ms

D/dalvikvm( 2915): GC_FOR_ALLOC freed 2229K, 76% free 2623K/10660K, paused 7ms, total 7ms

D/dalvikvm( 2915): GC_FOR_ALLOC freed 1532K, 76% free 2619K/10660K, paused 7ms, total 7ms

D/dalvikvm( 2456): GC_FOR_ALLOC freed 904K, 34% free 7239K/10964K, paused 9ms, total 9ms

D/dalvikvm( 2915): GC_CONCURRENT freed 924K, 65% free 3741K/10660K, paused 1ms+1ms, total 7ms

D/dalvikvm( 2373): GC_EXPLICIT freed 791K, 75% free 2762K/10660K, paused 0ms+3ms, total 17ms

D/dalvikvm( 2915): GC_FOR_ALLOC freed 2478K, 76% free 2624K/10660K, paused 7ms, total 7ms

D/dalvikvm( 2456): GC_FOR_ALLOC freed 904K, 34% free 7239K/10964K, paused 10ms, total 10ms

D/dalvikvm( 2915): GC_CONCURRENT freed 1382K, 71% free 3167K/10660K, paused 1ms+1ms, total 9ms

D/dalvikvm( 2915): WAIT_FOR_CONCURRENT_GC blocked 4ms

D/dalvikvm( 2231): GC_EXPLICIT freed 104K, 23% free 10867K/13980K, paused 2ms+2ms, total 30ms

D/dalvikvm( 2915): GC_FOR_ALLOC freed 2225K, 76% free 2622K/10660K, paused 7ms, total 7ms

D/dalvikvm( 2456): GC_FOR_ALLOC freed 904K, 34% free 7239K/10964K, paused 9ms, total 9ms

D/dalvikvm( 2915): GC_FOR_ALLOC freed 1418K, 76% free 2620K/10660K, paused 7ms, total 7ms

D/dalvikvm( 2915): GC_FOR_ALLOC freed 1433K, 76% free 2618K/10660K, paused 7ms, total 7ms

D/dalvikvm( 2915): GC_FOR_ALLOC freed 1507K, 76% free 2620K/10660K, paused 7ms, total 7ms

D/dalvikvm( 2456): GC_FOR_ALLOC freed 904K, 34% free 7239K/10964K, paused 9ms, total 9ms

D/dalvikvm( 2231): GC_EXPLICIT freed 223K, 24% free 10743K/13980K, paused 1ms+3ms, total 29ms

D/dalvikvm( 2373): GC_EXPLICIT freed 678K, 75% free 2769K/10660K, paused 1ms+2ms, total 14ms

D/dalvikvm( 2231): GC_EXPLICIT freed 90K, 24% free 10742K/13980K, paused 1ms+2ms, total 28ms

D/dalvikvm( 2231): GC_EXPLICIT freed 88K, 24% free 10742K/13980K, paused 1ms+2ms, total 28ms

D/dalvikvm( 2373): GC_EXPLICIT freed 739K, 74% free 2791K/10660K, paused 1ms+3ms, total 14ms

D/dalvikvm( 2231): GC_EXPLICIT freed 89K, 24% free 10742K/13980K, paused 2ms+3ms, total 29ms

D/dalvikvm( 2231): GC_EXPLICIT freed 88K, 24% free 10742K/13980K, paused 2ms+3ms, total 31ms

D/dalvikvm( 2373): GC_EXPLICIT freed 768K, 74% free 2791K/10660K, paused 1ms+2ms, total 16ms

D/dalvikvm( 2231): GC_EXPLICIT freed 89K, 24% free 10742K/13980K, paused 1ms+2ms, total 30ms

D/dalvikvm( 2231): GC_EXPLICIT freed 89K, 24% free 10742K/13980K, paused 2ms+2ms, total 31ms

D/dalvikvm( 2373): GC_EXPLICIT freed 774K, 74% free 2794K/10660K, paused 1ms+3ms, total 16ms

D/dalvikvm( 2231): GC_EXPLICIT freed 89K, 24% free 10742K/13980K, paused 2ms+2ms, total 29ms

D/dalvikvm( 2231): GC_EXPLICIT freed 89K, 24% free 10742K/13980K, paused 1ms+3ms, total 29ms

D/dalvikvm( 2373): GC_EXPLICIT freed 779K, 74% free 2792K/10660K, paused 1ms+3ms, total 14ms

D/dalvikvm( 2231): GC_EXPLICIT freed 89K, 24% free 10742K/13980K, paused 2ms+3ms, total 30ms

D/dalvikvm( 2231): GC_EXPLICIT freed 89K, 24% free 10742K/13980K, paused 1ms+3ms, total 29ms

D/dalvikvm( 2373): GC_EXPLICIT freed 778K, 74% free 2792K/10660K, paused 1ms+3ms, total 14ms

D/dalvikvm( 2231): GC_EXPLICIT freed 89K, 24% free 10742K/13980K, paused 1ms+3ms, total 28ms

D/dalvikvm( 2231): GC_EXPLICIT freed 88K, 24% free 10742K/13980K, paused 2ms+3ms, total 30ms

D/dalvikvm( 2373): GC_EXPLICIT freed 781K, 74% free 2793K/10660K, paused 1ms+3ms, total 15ms

D/dalvikvm( 2231): GC_EXPLICIT freed 89K, 24% free 10742K/13980K, paused 2ms+3ms, total 30ms

D/dalvikvm( 2231): GC_EXPLICIT freed 88K, 24% free 10742K/13980K, paused 1ms+2ms, total 29ms

D/dalvikvm( 2373): GC_EXPLICIT freed 786K, 74% free 2793K/10660K, paused 1ms+2ms, total 15ms

D/dalvikvm( 2231): GC_EXPLICIT freed 89K, 24% free 10742K/13980K, paused 1ms+3ms, total 29ms

D/dalvikvm( 2231): GC_EXPLICIT freed 88K, 24% free 10742K/13980K, paused 1ms+3ms, total 29ms

D/dalvikvm( 2373): GC_EXPLICIT freed 730K, 74% free 2791K/10660K, paused 1ms+3ms, total 15ms

D/dalvikvm( 2231): GC_EXPLICIT freed 89K, 24% free 10742K/13980K, paused 1ms+3ms, total 29ms

D/dalvikvm( 2231): GC_EXPLICIT freed 89K, 24% free 10742K/13980K, paused 2ms+2ms, total 29ms

D/dalvikvm( 2373): GC_EXPLICIT freed 721K, 74% free 2792K/10660K, paused 0ms+2ms, total 14ms

D/dalvikvm( 2231): GC_EXPLICIT freed 89K, 24% free 10742K/13980K, paused 2ms+3ms, total 29ms

D/dalvikvm( 2231): GC_EXPLICIT freed 89K, 24% free 10742K/13980K, paused 1ms+3ms, total 29ms

D/dalvikvm( 2373): GC_EXPLICIT freed 748K, 74% free 2791K/10660K, paused 1ms+3ms, total 15ms

D/dalvikvm( 2231): GC_EXPLICIT freed 89K, 24% free 10742K/13980K, paused 2ms+2ms, total 30ms

D/dalvikvm( 2231): GC_EXPLICIT freed 91K, 24% free 10742K/13980K, paused 2ms+3ms, total 29ms

D/dalvikvm( 2373): GC_EXPLICIT freed 749K, 74% free 2792K/10660K, paused 1ms+3ms, total 15ms

D/dalvikvm( 2231): GC_EXPLICIT freed 89K, 24% free 10742K/13980K, paused 1ms+2ms, total 29ms

D/dalvikvm( 2231): GC_EXPLICIT freed 89K, 24% free 10742K/13980K, paused 2ms+3ms, total 30ms

D/dalvikvm( 2373): GC_EXPLICIT freed 748K, 74% free 2791K/10660K, paused 1ms+3ms, total 15ms

D/dalvikvm( 2231): GC_EXPLICIT freed 89K, 24% free 10742K/13980K, paused 1ms+3ms, total 29ms

D/dalvikvm( 2231): GC_EXPLICIT freed 93K, 24% free 10740K/13980K, paused 1ms+3ms, total 29ms

D/dalvikvm( 2373): GC_EXPLICIT freed 747K, 74% free 2791K/10660K, paused 0ms+3ms, total 15ms

D/dalvikvm( 2231): GC_EXPLICIT freed 90K, 24% free 10740K/13980K, paused 2ms+2ms, total 29ms

D/dalvikvm( 2231): GC_EXPLICIT freed 88K, 24% free 10740K/13980K, paused 2ms+3ms, total 30ms

D/dalvikvm( 2373): GC_EXPLICIT freed 743K, 74% free 2788K/10660K, paused 1ms+3ms, total 15ms

D/dalvikvm( 2231): GC_EXPLICIT freed 89K, 24% free 10740K/13980K, paused 2ms+3ms, total 29ms

D/dalvikvm( 2231): GC_EXPLICIT freed 89K, 24% free 10740K/13980K, paused 1ms+2ms, total 28ms

D/dalvikvm( 2373): GC_EXPLICIT freed 727K, 74% free 2786K/10660K, paused 1ms+3ms, total 15ms

E/Sensors ( 2231): Light old sensor_state 65, new sensor_state : 1 en : 0

I/PowerManagerService( 2231): Going to sleep due to screen timeout...

D/PermissionCache( 1851): checking android.permission.READ_FRAME_BUFFER for uid=1000 => granted (233 us)

I/keystore( 1857): uid: 1000 action: z -> 7 state: 3 -> 3 retry: 4

D/SurfaceFlinger( 1851): Screen released, type=0 flinger=0x408f8318

I/keystore( 1857): uid: 1000 action: z -> 7 state: 3 -> 3 retry: 4

I/WindowManager( 2231): Lock screen displayed!

I/keystore( 1857): uid: 1000 action: z -> 7 state: 3 -> 3 retry: 4

D/NfcService( 2426): NFC-C OFF

I/keystore( 1857): uid: 1000 action: z -> 7 state: 3 -> 3 retry: 4

E/Sensors ( 2231): Acc old sensor_state 1, new sensor_state : 0 en : 0

I/keystore( 1857): uid: 1000 action: z -> 7 state: 3 -> 3 retry: 4

I/keystore( 1857): uid: 1000 action: z -> 7 state: 3 -> 3 retry: 4

D/dalvikvm( 2231): GC_CONCURRENT freed 1657K, 20% free 11198K/13980K, paused 3ms+3ms, total 33ms

D/dalvikvm( 2231): WAIT_FOR_CONCURRENT_GC blocked 23ms

I/keystore( 1857): uid: 1000 action: z -> 7 state: 3 -> 3 retry: 4

I/keystore( 1857): uid: 1000 action: z -> 7 state: 3 -> 3 retry: 4

I/keystore( 1857): uid: 1000 action: z -> 7 state: 3 -> 3 retry: 4

D/dalvikvm( 2231): GC_FOR_ALLOC freed 527K, 14% free 12074K/13980K, paused 23ms, total 23ms

D/dalvikvm( 2231): GC_FOR_ALLOC freed 27K, 14% free 12605K/14532K, paused 21ms, total 21ms

D/dalvikvm( 2231): GC_FOR_ALLOC freed 11K, 13% free 13342K/15268K, paused 22ms, total 22ms

I/keystore( 1857): uid: 1000 action: z -> 7 state: 3 -> 3 retry: 4

D/dalvikvm( 2231): GC_FOR_ALLOC freed 34K, 12% free 14289K/16188K, paused 22ms, total 22ms

I/keystore( 1857): uid: 1000 action: z -> 7 state: 3 -> 3 retry: 4

I/keystore( 1857): uid: 1000 action: z -> 7 state: 3 -> 3 retry: 4

W/ThrottleService( 2231): unable to find stats for iface pdp0

W/SocketClient( 1848): write error (Broken pipe)

