I/ContactsDatabaseHelper( 2461): Bootstrapping database version: 706

I/ContactsProviderV1( 2461): Bootstrapping database legacy support

I/ActivityManager( 2250): Start proc android.process.media for broadcast com.android.providers.media/.MediaUpgradeReceiver: pid=2482 uid=10017 gids={50017, 1015, 1023, 1024, 1028, 2001, 3003, 3007}

I/ActivityManager( 2250): Launching preboot mode app: ProcessRecord{41037c28 2482:android.process.media/u0a10017}

E/Trace   ( 2482): error opening trace file: No such file or directory (2)

I/ActivityManager( 2250): Writing new set of last done pre-boot receivers...

I/ActivityManager( 2250): Removing system update proc: ProcessRecord{40f79348 2446:com.android.providers.calendar/u0a10010}

I/ActivityManager( 2250): Killing proc 2446:com.android.providers.calendar/u0a10010: system update done

I/ActivityManager( 2250): Removing system update proc: ProcessRecord{40f92538 2461:android.process.acore/u0a10001}

I/ActivityManager( 2250): Killing proc 2461:android.process.acore/u0a10001: system update done

I/ActivityManager( 2250): Removing system update proc: ProcessRecord{41037c28 2482:android.process.media/u0a10017}

I/ActivityManager( 2250): Killing proc 2482:android.process.media/u0a10017: system update done

I/ActivityManager( 2250): System now ready

I/SystemServer( 2250): Making services ready

I/ActivityManager( 2250): Start proc com.android.systemui for service com.android.systemui/.SystemUIService: pid=2496 uid=10040 gids={50040, 1028, 1015, 3002, 3001}

I/Vold    ( 1846): /dev/block/vold/179:49 being considered for volume sdcard1

D/Vold    ( 1846): Volume sdcard1 state changing 1 (Idle-Unmounted) -> 3 (Checking)

D/Vold    ( 1846): Trying to get filesystem type for /dev/block/vold/179:49 

D/MountService( 2250): volume state changed for /storage/sdcard1 (unmounted -> checking)

D/MountService( 2250): sendStorageIntent Intent { act=android.intent.action.MEDIA_CHECKING dat=file:///storage/sdcard1 (has extras) } to UserHandle{-1}

D/NetworkManagementService( 2250): enabling bandwidth control

E/Trace   ( 2496): error opening trace file: No such file or directory (2)

D/SystemUIService( 2496): loading: class com.android.systemui.statusbar.phone.PhoneStatusBar

D/SystemUIService( 2496): running: com.android.systemui.statusbar.phone.PhoneStatusBar@40f51910

I/StatusBarManagerService( 2250): registerStatusBar bar=com.android.internal.statusbar.IStatusBar$Stub$Proxy@411732e0

I/keystore( 1857): uid: 1000 action: e -> 7 state: 3 -> 3 retry: 4

I/PowerWidget( 2496): Clearing any old widget stuffs

I/PowerWidget( 2496): Setting up widget

I/PowerWidget( 2496): Default buttons being loaded

I/PowerWidget( 2496): Button list: toggleWifi|toggleBluetooth|toggleGPS|toggleSound

I/keystore( 1857): uid: 1000 action: e -> 7 state: 3 -> 3 retry: 4

W/Settings( 2250): Setting usb_mass_storage_enabled has moved from android.provider.Settings.Secure to android.provider.Settings.Global.

I/ActivityManager( 2250): Config changes=200 {1.0 ?mcc?mnc en_US ldltr sw360dp w360dp h615dp 320dpi nrml long port finger -keyb/h/h -nav/h s.4 themeResource=null}

W/RecognitionManagerService( 2250): no available voice recognition services found for user 0

D/BluetoothManagerService( 2250): Message: 20

D/BluetoothAdapter( 2496): 1091609408: getState() :  mService = null. Returning STATE_OFF

D/BluetoothAdapter( 2496): 1091609408: getState() :  mService = null. Returning STATE_OFF

D/BluetoothManagerService( 2250): Added callback: android.bluetooth.IBluetoothManagerCallback$Stub$Proxy@415adf30:true

D/BluetoothAdapter( 2496): 1091609408: getState() :  mService = null. Returning STATE_OFF

I/QuickSettingsController( 2496): Default tiles being loaded

I/QuickSettingsController( 2496): Tiles list: toggleUser|toggleBrightness|toggleSettings|toggleWifi|toggleMobileData|toggleBattery|toggleAirplane|toggleBluetooth

W/AppWidgetServiceImpl( 2250): Failed to read state: java.io.FileNotFoundException: /data/system/users/0/appwidgets.xml: open failed: ENOENT (No such file or directory)

W/InputMethodManagerService( 2250): Ignoring setImeWindowStatus of uid 1000 token: null

W/InputMethodManagerService( 2250): Reset the default IME as "Resource" is ready here.

D/BluetoothAdapter( 2496): 1091609408: getState() :  mService = null. Returning STATE_OFF

I/InputMethodManagerService( 2250): Selected default: com.android.inputmethod.latin/.LatinIME

D/BluetoothAdapter( 2496): 1091609408: getState() :  mService = null. Returning STATE_OFF

D/BluetoothAdapter( 2496): 1091609408: getState() :  mService = null. Returning STATE_OFF

I/ActivityManager( 2250): Config changes=20 {1.0 ?mcc?mnc en_US ldltr sw360dp w360dp h615dp 320dpi nrml long port finger -keyb/v/h -nav/h s.5 themeResource=null}

I/ActivityManager( 2250): Start proc com.android.inputmethod.latin for service com.android.inputmethod.latin/.LatinIME: pid=2558 uid=10025 gids={50025, 1028}

I/LocationBlacklist( 2250): whitelist: []

I/LocationBlacklist( 2250): blacklist: []

I/ActivityManager( 2250): Start proc android.process.acore for content provider com.android.providers.contacts/.ContactsProvider2: pid=2568 uid=10001 gids={50001, 3003, 1015, 1028}

W/InputMethodManagerService( 2250): Illegal subtype state: old subtype = null, new subtype = android.view.inputmethod.InputMethodSubtype@c9194f98

I/CommonTimeManagementService( 2250): No common time service detected on this platform.  Common time services will be unavailable.

I/InputReader( 2250): Reconfiguring input devices.  changes=0x00000020

E/ThrottleService( 2250): Error reading data file

I/InputReader( 2250): Reconfiguring input devices.  changes=0x00000010

I/ActivityManager( 2250): Start proc com.android.phone for added application com.android.phone: pid=2587 uid=1001 gids={41001, 3002, 3001, 3003, 1015, 1028}

W/ThrottleService( 2250): unable to find stats for iface pdp0

I/ActivityManager( 2250): Start proc com.android.nfc for added application com.android.nfc: pid=2599 uid=1027 gids={41027, 3002, 3001, 1015, 1028}

I/ActivityManager( 2250): START u0 {act=android.intent.action.MAIN cat=[android.intent.category.HOME] flg=0x10000000 cmp=com.android.settings/.CryptKeeper} from pid 0

I/ActivityManager( 2250): Start proc com.android.settings for activity com.android.settings/.CryptKeeper: pid=2615 uid=1000 gids={41000, 1015, 1028, 3002, 3001, 3003}

W/ServiceWatcher( 2250): com.google.android.location not found

D/dalvikvm( 1852): GC_EXPLICIT freed 36K, 79% free 2301K/10660K, paused 1ms+3ms, total 15ms

W/ServiceWatcher( 2250): com.google.android.location not found

W/ServiceWatcher( 2250): com.google.android.location not found

W/LocationManagerService( 2250): no network location provider found

E/Trace   ( 2568): error opening trace file: No such file or directory (2)

E/Trace   ( 2558): error opening trace file: No such file or directory (2)

E/Trace   ( 2587): error opening trace file: No such file or directory (2)

D/dalvikvm( 1852): GC_EXPLICIT freed <1K, 79% free 2301K/10660K, paused 1ms+1ms, total 14ms

I/PowerWidget( 2496): Clearing any old widget stuffs

D/dalvikvm( 1852): GC_EXPLICIT freed <1K, 79% free 2301K/10660K, paused 1ms+1ms, total 14ms

W/ThrottleService( 2250): unable to find stats for iface pdp0

I/PowerWidget( 2496): Setting up widget

I/PowerWidget( 2496): Default buttons being loaded

I/PowerWidget( 2496): Button list: toggleWifi|toggleBluetooth|toggleGPS|toggleSound

E/Trace   ( 2599): error opening trace file: No such file or directory (2)

W/TelephonyProvider( 2587): onCreate: confFile=/system/etc/apns-conf.xml oldCheckSum=-1

D/TelephonyManager( 2587): getLteOnCdmaMode=0 curVal=-1 product_type='' lteOnCdmaProductType=''

I/LatinIME( 2558): Hardware accelerated drawing: true

I/ActivityManager( 2250): Start proc com.android.location.fused for service com.android.location.fused/.FusedLocationService: pid=2670 uid=10020 gids={50020, 1028}

W/SubtypeLocale( 2558): KeyboardLayoutSet not found, use QWERTY: locale=hu_ZZ extraValue=AsciiCapable,SupportTouchPositionCorrection

E/Trace   ( 2615): error opening trace file: No such file or directory (2)

D/TelephonyManager( 2587): getLteOnCdmaMode=0 curVal=-1 product_type='' lteOnCdmaProductType=''

I/NfcService( 2599): Starting NFC service

I/ActivityManager( 2250): Start proc android.process.media for broadcast com.android.providers.media/.MtpReceiver: pid=2681 uid=10017 gids={50017, 1015, 1023, 1024, 1028, 2001, 3003, 3007}

D/NFCJNI  ( 2599): NFC Service : loading JNI

D/PhoneStatusBar( 2496): disable: < expand icons alerts ticker system_info back home recent clock search >

D/BluetoothManagerService( 2250): Message: 20

D/BluetoothManagerService( 2250): Added callback: android.bluetooth.IBluetoothManagerCallback$Stub$Proxy@41440c30:true

I/ActivityManager( 2250): Start proc com.android.nfc:handover for service com.android.nfc/.handover.HandoverService: pid=2695 uid=1027 gids={41027, 3002, 3001, 1015, 1028}

W/InputAttributes( 2558): No editor info for this field. Bug?

E/Trace   ( 2670): error opening trace file: No such file or directory (2)

E/Trace   ( 2681): error opening trace file: No such file or directory (2)

W/Settings( 2587): Setting airplane_mode_on has moved from android.provider.Settings.System to android.provider.Settings.Global, returning read-only value.

D/dalvikvm( 2250): GC_CONCURRENT freed 1536K, 57% free 4687K/10660K, paused 5ms+2ms, total 33ms

D/dalvikvm( 2250): WAIT_FOR_CONCURRENT_GC blocked 21ms

D/dalvikvm( 2250): WAIT_FOR_CONCURRENT_GC blocked 22ms

D/dalvikvm( 2250): WAIT_FOR_CONCURRENT_GC blocked 17ms

D/dalvikvm( 2250): WAIT_FOR_CONCURRENT_GC blocked 24ms

D/dalvikvm( 2250): WAIT_FOR_CONCURRENT_GC blocked 24ms

D/dalvikvm( 2250): WAIT_FOR_CONCURRENT_GC blocked 23ms

W/Settings( 2587): Setting auto_time has moved from android.provider.Settings.System to android.provider.Settings.Global, returning read-only global URI.

W/ServiceWatcher( 2250): com.google.android.location not found

D/BluetoothAdapter( 2496): 1091609408: getState() :  mService = null. Returning STATE_OFF

D/BluetoothAdapter( 2496): 1091609408: getState() :  mService = null. Returning STATE_OFF

E/LocationManagerService( 2250): no geocoder provider found

W/Settings( 2587): Setting auto_time_zone has moved from android.provider.Settings.System to android.provider.Settings.Global, returning read-only global URI.

E/ActivityThread( 2558): Failed to find provider info for com.android.inputmethod.latin.dictionarypack

E/BinaryDictionaryGetter( 2558): Could not find a dictionary pack

D/BluetoothManagerService( 2250): Message: 300

D/BluetoothManagerService( 2250): MESSAGE_USER_SWITCHED

E/Trace   ( 2695): error opening trace file: No such file or directory (2)

I/ActivityManager( 2250): START u0 {act=android.intent.action.MAIN cat=[android.intent.category.HOME] flg=0x10000000 cmp=com.android.provision/.DefaultActivity} from pid 0

E/UserHistoryDictionary( 2558): when loading: file not foundjava.io.FileNotFoundException: /data/data/com.android.inputmethod.latin/files/UserHistoryDictionary.en_US.dict: open failed: ENOENT (No such file or directory)

D/SystemUIService( 2496): loading: class com.android.systemui.power.PowerUI

D/SystemUIService( 2496): running: com.android.systemui.power.PowerUI@412156e8

I/ActivityManager( 2250): Start proc com.android.provision for activity com.android.provision/.DefaultActivity: pid=2736 uid=10036 gids={50036, 1028}

I/ActivityManager( 2250): Start proc com.android.smspush for service com.android.smspush/.WapPushManager: pid=2743 uid=10049 gids={50049, 1028}

D/SystemUIService( 2496): loading: class com.android.systemui.media.RingtonePlayer

D/SystemUIService( 2496): running: com.android.systemui.media.RingtonePlayer@412163b0

D/        ( 2587): [ApnContext:default] set reason as dataEnabled,current state IDLE

D/        ( 2587): [ApnContext:default] setRetryCount: 0

I/NfceeAccess( 2599): read 3 signature(s) for NFCEE access

D/        ( 2587): [ApnContext:mms] set reason as dataEnabled,current state IDLE

D/        ( 2587): [ApnContext:mms] setRetryCount: 0

D/        ( 2587): [ApnContext:supl] set reason as dataEnabled,current state IDLE

D/        ( 2587): [ApnContext:supl] setRetryCount: 0

D/        ( 2587): [ApnContext:dun] set reason as dataEnabled,current state IDLE

D/        ( 2587): [ApnContext:dun] setRetryCount: 0

D/        ( 2587): [ApnContext:hipri] set reason as dataEnabled,current state IDLE

D/        ( 2587): [ApnContext:hipri] setRetryCount: 0

E/Trace   ( 2736): error opening trace file: No such file or directory (2)

D/BluetoothManagerService( 2250): Message: 20

D/BluetoothManagerService( 2250): Added callback: android.bluetooth.IBluetoothManagerCallback$Stub$Proxy@410e0b10:true

W/Settings( 2599): Setting airplane_mode_radios has moved from android.provider.Settings.System to android.provider.Settings.Global, returning read-only value.

W/Settings( 2599): Setting airplane_mode_toggleable_radios has moved from android.provider.Settings.System to android.provider.Settings.Global, returning read-only value.

D/TelephonyManager( 2587): getLteOnCdmaMode=0 curVal=-1 product_type='' lteOnCdmaProductType=''

E/Trace   ( 2743): error opening trace file: No such file or directory (2)

D/CallManager( 2587): registerPhone(GSM Handler (com.android.internal.telephony.PhoneProxy) {40f73750})

D/NfcService( 2599): checking on firmware download

W/Settings( 2599): Setting airplane_mode_on has moved from android.provider.Settings.System to android.provider.Settings.Global, returning read-only value.

D/BluetoothManagerService( 2250): Message: 20

D/BluetoothManagerService( 2250): Added callback: android.bluetooth.IBluetoothManagerCallback$Stub$Proxy@41076c08:true

W/BackupManagerService( 2250): dataChanged but no participant pkg='com.android.providers.settings' uid=10036

D/NfcService( 2599): NFC is on. Doing normal stuff

I/NfcService( 2599): Enabling NFC

I/FusedLocation( 2670): engine started (com.android.location.fused)

E/Blacklist( 2587): Opening black list file failed

E/Blacklist( 2587): java.io.FileNotFoundException: /data/data/com.android.phone/files/blacklist.dat: open failed: ENOENT (No such file or directory)

E/Blacklist( 2587):   at libcore.io.IoBridge.open(IoBridge.java:416)

E/Blacklist( 2587): 	at java.io.FileInputStream.<init>(FileInputStream.java:78)

E/Blacklist( 2587): 	at android.app.ContextImpl.openFileInput(ContextImpl.java:745)

E/Blacklist( 2587): 	at android.content.ContextWrapper.openFileInput(ContextWrapper.java:167)

E/Blacklist( 2587): 	at android.content.ContextWrapper.openFileInput(ContextWrapper.java:167)

E/Blacklist( 2587): 	at com.android.phone.Blacklist.load(Blacklist.java:50)

E/Blacklist( 2587): 	at com.android.phone.Blacklist.<init>(Blacklist.java:42)

E/Blacklist( 2587): 	at com.android.phone.PhoneGlobals.onCreate(PhoneGlobals.java:497)

E/Blacklist( 2587): 	at com.android.phone.PhoneApp.onCreate(PhoneApp.java:38)

E/Blacklist( 2587): 	at android.app.Instrumentation.callApplicationOnCreate(Instrumentation.java:1000)

E/Blacklist( 2587): 	at android.app.ActivityThread.handleBindApplication(ActivityThread.java:4576)

E/Blacklist( 2587): 	at android.app.ActivityThread.access$1300(ActivityThread.java:153)

E/Blacklist( 2587): 	at android.app.ActivityThread$H.handleMessage(ActivityThread.java:1307)

E/Blacklist( 2587): 	at android.os.Handler.dispatchMessage(Handler.java:99)

E/Blacklist( 2587): 	at android.os.Looper.loop(Looper.java:137)

E/Blacklist( 2587): 	at android.app.ActivityThread.main(ActivityThread.java:5226)

E/Blacklist( 2587): 	at java.lang.reflect.Method.invokeNative(Native Method)

E/Blacklist( 2587): 	at java.lang.reflect.Method.invoke(Method.java:511)

E/Blacklist( 2587): 	at com.android.internal.os.ZygoteInit$MethodAndArgsCaller.run(ZygoteInit.java:795)

E/Blacklist( 2587): 	at com.android.internal.os.ZygoteInit.main(ZygoteInit.java:562)

E/Blacklist( 2587): 	at dalvik.system.NativeStart.main(Native Method)

E/Blacklist( 2587): Caused by: libcore.io.ErrnoException: open failed: ENOENT (No such file or directory)

E/Blacklist( 2587): 	at libcore.io.Posix.open(Native Method)

E/Blacklist( 2587): 	at libcore.io.BlockGuardOs.open(BlockGuardOs.java:110)

E/Blacklist( 2587): 	at libcore.io.IoBridge.open(IoBridge.java:400)

E/Blacklist( 2587): 	... 20 more

I/MediaProvider( 2681): Upgrading media database from version 0 to 511, which will destroy all old data

D/NFCJNI  ( 2599): Start Initialization

W/BackupManagerService( 2250): dataChanged but no participant pkg='com.android.providers.settings' uid=10036

D/libEGL  ( 2496): loaded /system/lib/egl/libEGL_mali.so

D/libEGL  ( 2496): loaded /system/lib/egl/libGLESv1_CM_mali.so

D/libEGL  ( 2496): loaded /system/lib/egl/libGLESv2_mali.so

E/        ( 2496): Device driver API match

E/        ( 2496): Device driver API version: 17

E/        ( 2496): User space API version: 17 

E/        ( 2496): mali: REVISION=Linux-r3p1-01rel1 BUILD_DATE=Mon May  6 11:20:56 KST 2013 

D/OpenGLRenderer( 2496): Enabling debug mode 0

E/NFC-HCI ( 2599): Could not open /system/vendor/firmware/libpn544_fw.so or /system/lib/libpn544_fw.so

I/ContactsDatabaseHelper( 2568): Bootstrapping database version: 706

D/BluetoothManagerService( 2250): Message: 30

I/ActivityManager( 2250): START u0 {act=android.intent.action.MAIN cat=[android.intent.category.HOME] flg=0x10000000 cmp=com.cyanogenmod.trebuchet/.Launcher} from pid 0

I/ActivityManager( 2250): Start proc com.cyanogenmod.trebuchet for activity com.cyanogenmod.trebuchet/.Launcher: pid=2790 uid=10044 gids={50044, 1028}

I/FusedLocation( 2670): engine started (com.android.location.fused)

D/gpslogd ( 2250): SendGpsExtensionMessage: Waiting for IPC connection...

I/libgps  ( 2250): Restore: No SUPL config to restore

D/GpsLocationProvider( 2250): set_capabilities_callback: 6

E/Trace   ( 2790): error opening trace file: No such file or directory (2)

I/libgps  ( 2250): Save: type=1, hostname=supl.google.com, port=7276, ssl=0, ssl_version=0, ssl_type=0

D/BluetoothAdapter( 2496): 1091609408: getState() :  mService = null. Returning STATE_OFF

D/DebugService( 2587): DebugService DebugService:

D/TelephonyDebugService( 2587): TelephonyDebugService()

D/BluetoothAdapter( 2496): 1091609408: getState() :  mService = null. Returning STATE_OFF

D/BluetoothAdapter( 2496): 1091609408: getState() :  mService = null. Returning STATE_OFF

D/MediaProvider( 2681): Adjusting external storage paths to: /storage/emulated/0

D/BluetoothManagerService( 2250): Message: 30

E/BluetoothPhoneService( 2587): Could not get a handle on Connection object for the call

D/BluetoothAdapter( 2496): 1091609408: getState() :  mService = null. Returning STATE_OFF

D/BluetoothAdapter( 2496): 1091609408: getState() :  mService = null. Returning STATE_OFF

D/BluetoothAdapter( 2496): 1091609408: getState() :  mService = null. Returning STATE_OFF

D/BluetoothAdapter( 2496): 1091609408: getState() :  mService = null. Returning STATE_OFF

I/PhoneApp( 2587): Headset phone created, binding local service.

D/BluetoothAdapter( 2496): 1091609408: getState() :  mService = null. Returning STATE_OFF

E/SQLiteLog( 2681): (1) no such table: album_info

D/BluetoothAdapter( 2496): 1091609408: getState() :  mService = null. Returning STATE_OFF

I/DownloadManager( 2681): in removeSpuriousFiles

D/MtpService( 2681): updating state; isCurrentUser=true, mMtpLocked=false

D/MtpService( 2681): addStorageLocked 65537 /storage/emulated/0

D/MtpService( 2681): updating state; isCurrentUser=true, mMtpLocked=false

D/MtpService( 2681): starting MTP server in MTP mode

D/MtpService( 2681): addStorageLocked 65537 /storage/emulated/0

D/dalvikvm( 2496): GC_FOR_ALLOC freed 494K, 41% free 6349K/10660K, paused 32ms, total 32ms

I/DownloadManager( 2681): Upgrading downloads database from version 0 to version 108, which will destroy all old data

I/ContactsProviderV1( 2568): Bootstrapping database legacy support

I/dalvikvm-heap( 2496): Grow heap (frag case) to 14.483MB for 6410576-byte allocation

D/dalvikvm( 2496): GC_CONCURRENT freed 36K, 26% free 12573K/16924K, paused 2ms+4ms, total 36ms

D/BluetoothManagerService( 2250): Message: 20

D/BluetoothManagerService( 2250): Added callback: android.bluetooth.IBluetoothManagerCallback$Stub$Proxy@41119948:true

D/BluetoothAdapter( 2615): 1089929512: getState() :  mService = null. Returning STATE_OFF

D/BluetoothManagerService( 2250): Message: 30

W/ContextImpl( 2615): Calling a method in the system process without a qualified user: android.app.ContextImpl.bindService:1458 android.content.ContextWrapper.bindService:473 android.bluetooth.BluetoothInputDevice.<init>:240 android.bluetooth.BluetoothAdapter.getProfileProxy:1161 com.android.settings.bluetooth.LocalBluetoothAdapter.getProfileProxy:94 

D/BluetoothManagerService( 2250): Message: 30

D/BluetoothPan( 2615): BluetoothPan() call bindService

W/ContextImpl( 2615): Calling a method in the system process without a qualified user: android.app.ContextImpl.bindService:1458 android.content.ContextWrapper.bindService:473 android.bluetooth.BluetoothPan.<init>:141 android.bluetooth.BluetoothAdapter.getProfileProxy:1164 com.android.settings.bluetooth.PanProfile.<init>:73 

D/BluetoothPan( 2615): BluetoothPan(), bindService called

D/BluetoothManagerService( 2250): Message: 30

W/ContextImpl( 2615): Calling a method in the system process without a qualified user: android.app.ContextImpl.bindService:1458 android.content.ContextWrapper.bindService:473 android.bluetooth.BluetoothPbap.<init>:161 com.android.settings.bluetooth.PbapServerProfile.<init>:68 com.android.settings.bluetooth.LocalBluetoothProfileManager.<init>:124 

D/LocalBluetoothProfileManager( 2615): LocalBluetoothProfileManager construction complete

D/BluetoothAdapter( 2615): 1089929512: getState() :  mService = null. Returning STATE_OFF

D/BluetoothAdapter( 2615): 1089929512: getState() :  mService = null. Returning STATE_OFF

D/dalvikvm( 2496): GC_FOR_ALLOC freed <1K, 26% free 12573K/16924K, paused 12ms, total 12ms

V/SipBroadcastReceiver( 2587): start auto registration

I/dalvikvm-heap( 2496): Grow heap (frag case) to 20.698MB for 6553616-byte allocation

D/dalvikvm( 2496): GC_CONCURRENT freed 0K, 19% free 18974K/23328K, paused 2ms+3ms, total 20ms

W/Resources( 2790): Converting to int: TypedValue{t=0x3/d=0x11 "4" a=-1}

W/Resources( 2790): Converting to int: TypedValue{t=0x3/d=0x12 "2" a=-1}

W/Resources( 2790): Converting to int: TypedValue{t=0x3/d=0x11 "4" a=-1}

W/Resources( 2790): Converting to int: TypedValue{t=0x3/d=0x12 "2" a=-1}

I/ActivityManager( 2250): Start proc com.andrew.apollo for broadcast com.andrew.apollo/.appwidgets.AppWidgetLarge: pid=2838 uid=10000 gids={50000, 1015, 3003, 1028}

E/Trace   ( 2838): error opening trace file: No such file or directory (2)

I/Choreographer( 2496): Skipped 30 frames!  The application may be doing too much work on its main thread.

D/dalvikvm( 2250): GC_CONCURRENT freed 2033K, 56% free 4734K/10660K, paused 2ms+3ms, total 75ms

D/dalvikvm( 2250): WAIT_FOR_CONCURRENT_GC blocked 7ms

D/libEGL  ( 2790): loaded /system/lib/egl/libEGL_mali.so

W/NFC     ( 2599): Firmware image not available: this device might be running old NFC firmware!

D/NFCJNI  ( 2599): NFC capabilities: HAL = 8150100, FW = b1011a, HW = 620003, Model = 11, HCI = 1, Full_FW = 1, Rev = 26, FW Update Info = 0

D/libEGL  ( 2790): loaded /system/lib/egl/libGLESv1_CM_mali.so

D/libEGL  ( 2790): loaded /system/lib/egl/libGLESv2_mali.so

E/        ( 2790): Device driver API match

E/        ( 2790): Device driver API version: 17

E/        ( 2790): User space API version: 17 

E/        ( 2790): mali: REVISION=Linux-r3p1-01rel1 BUILD_DATE=Mon May  6 11:20:56 KST 2013 

D/dalvikvm( 2250): GC_EXPLICIT freed 94K, 57% free 4651K/10660K, paused 2ms+10ms, total 52ms

D/OpenGLRenderer( 2790): Enabling debug mode 0

I/ActivityManager( 2250): Start proc com.cyanogenmod.lockclock for broadcast com.cyanogenmod.lockclock/.ClockWidgetProvider: pid=2857 uid=10028 gids={50028, 3003, 1028}

E/Trace   ( 2857): error opening trace file: No such file or directory (2)

D/dalvikvm( 2496): GC_FOR_ALLOC freed 6289K, 46% free 12775K/23328K, paused 17ms, total 17ms

I/dalvikvm-heap( 2496): Grow heap (frag case) to 20.758MB for 6410576-byte allocation

D/WeatherUpdateService( 2857): Service started, but shouldn't update ... stopping

D/dalvikvm( 2496): GC_CONCURRENT freed 1K, 19% free 19034K/23328K, paused 3ms+2ms, total 30ms

D/NFCJNI  ( 2599): phLibNfc_SE_GetSecureElementList()

D/NFCJNI  ( 2599): 

D/NFCJNI  ( 2599): > Number of Secure Element(s) : 1

D/NFCJNI  ( 2599): phLibNfc_SE_GetSecureElementList(): SMX detected, handle=0xabcdef

D/NFCJNI  ( 2599): phLibNfc_SE_SetMode() returned 0x000d[NFCSTATUS_PENDING]

I/NFCJNI  ( 2599): NFC Initialized

I/ActivityManager( 2250): Displayed com.cyanogenmod.trebuchet/.Launcher: +957ms (total +1s453ms)

D/dalvikvm( 2496): GC_FOR_ALLOC freed <1K, 19% free 19035K/23328K, paused 12ms, total 12ms

I/dalvikvm-heap( 2496): Grow heap (frag case) to 27.300MB for 6860816-byte allocation

D/dalvikvm( 2496): GC_CONCURRENT freed 0K, 15% free 25735K/30032K, paused 1ms+2ms, total 25ms

D/dalvikvm( 2790): GC_CONCURRENT freed 683K, 9% free 9787K/10660K, paused 5ms+1ms, total 47ms

D/dalvikvm( 2790): WAIT_FOR_CONCURRENT_GC blocked 17ms

D/dalvikvm( 2790): GC_FOR_ALLOC freed 3591K, 42% free 6269K/10660K, paused 12ms, total 12ms

D/NdefPushServer( 2599): start, thread = null

D/NdefPushServer( 2599): starting new server thread

I/dalvikvm-heap( 2790): Grow heap (frag case) to 11.673MB for 3542416-byte allocation

D/NdefPushServer( 2599): about create LLCP service socket

D/NdefPushServer( 2599): created LLCP service socket

D/NdefPushServer( 2599): about to accept

D/NfcService( 2599): NFC-EE OFF

D/NfcService( 2599): NFC-C OFF

D/dalvikvm( 2790): GC_CONCURRENT freed 54K, 9% free 9763K/10660K, paused 3ms+9ms, total 30ms

I/NfcService( 2599): First Boot

I/NfcService( 2599): Executing SE wipe

I//system/bin/fsck_msdos( 1846): ** /dev/block/vold/179:49

D/Vold    ( 1846): Found vfat filesystem on /dev/block/vold/179:49

I//system/bin/fsck_msdos( 1846): ** Phase 1 - Read and Compare FATs

I//system/bin/fsck_msdos( 1846): Attempting to allocate 3747 KB for FAT

D/dalvikvm( 2790): GC_FOR_ALLOC freed 43K, 7% free 10627K/11384K, paused 13ms, total 18ms

I/ActivityManager( 2250): Start proc com.android.exchange for content provider com.android.exchange/.provider.ExchangeDirectoryProvider: pid=2896 uid=10019 gids={50019, 3003, 1015, 1028}

E/Trace   ( 2896): error opening trace file: No such file or directory (2)

W/ActivityManager( 2250): Permission denied: checkComponentPermission() owningUid=10000

W/BroadcastQueue( 2250): Permission Denial: broadcasting Intent { act=android.appwidget.action.APPWIDGET_UPDATE_OPTIONS flg=0x10 cmp=com.andrew.apollo/.appwidgets.AppWidgetLarge (has extras) } from android (pid=2790, uid=10044) is not exported from uid 10000 due to receiver com.andrew.apollo/.appwidgets.AppWidgetLarge

D/android.widget.GridLayout( 2790): vertical constraints: y3-y0>=264, y3-y0<=256, y3-y2<=104, y2-y1<=2 are inconsistent; permanently removing: y3-y0<=256. 

I/ContactDirectoryManager( 2568): deleted 0 stale rows which don't have any relevant directory

D/BluetoothManagerService( 2250): Retrieving Bluetooth Adapter name and address...

D/BluetoothManagerService( 2250): getNameAndAddress(): mBluetooth = null mBinding = false

D/BluetoothManagerService( 2250): Message: 200

D/BluetoothManagerService( 2250): MESSAGE_GET_NAME_AND_ADDRESS

D/BluetoothManagerService( 2250): Binding to service to get name and address

I/SurfaceFlinger( 1851): Boot is finished (29893 ms)

I/ActivityManager( 2250): Start proc com.android.contacts for broadcast com.android.contacts/.calllog.CallLogReceiver: pid=2917 uid=10001 gids={50001, 3003, 1015, 1028}

I/ActivityManager( 2250): Start proc com.android.bluetooth for service com.android.bluetooth/.btservice.AdapterService: pid=2923 uid=1002 gids={41002, 3003, 3002, 3001, 1015, 3005, 1016, 3008, 1028}

D/BluetoothManagerService( 2250): Message: 30

D/BluetoothManagerService( 2250): Message: 30

W/ContextImpl( 2250): Calling a method in the system process without a qualified user: android.app.ContextImpl.bindService:1458 android.bluetooth.BluetoothHeadset.<init>:273 android.bluetooth.BluetoothAdapter.getProfileProxy:1155 android.media.AudioService.getBluetoothHeadset:2172 android.media.AudioService.access$2800:104 

W/ContextImpl( 2250): Calling a method in the system process without a qualified user: android.app.ContextImpl.bindService:1458 android.bluetooth.BluetoothA2dp.<init>:160 android.bluetooth.BluetoothAdapter.getProfileProxy:1158 android.media.AudioService$AudioServiceBroadcastReceiver.onReceive:4059 android.app.LoadedApk$ReceiverDispatcher$Args.run:758 

V/WiredAccessoryManager( 2250): init()

D/dalvikvm( 1852): GC_EXPLICIT freed 39K, 79% free 2301K/10660K, paused 1ms+1ms, total 15ms

I/ContactDirectoryManager( 2568): Discovered 0 contact directories in 223ms

D/dalvikvm( 1852): GC_EXPLICIT freed <1K, 79% free 2301K/10660K, paused 1ms+2ms, total 13ms

I/ContactsDatabaseHelper( 2568): Switching to locale en_US

D/dalvikvm( 1852): GC_EXPLICIT freed <1K, 79% free 2301K/10660K, paused 3ms+2ms, total 22ms

E/Trace   ( 2923): error opening trace file: No such file or directory (2)

E/Trace   ( 2917): error opening trace file: No such file or directory (2)

D/AdapterServiceConfig( 2923): Adding HeadsetService

D/AdapterServiceConfig( 2923): Adding A2dpService

D/AdapterServiceConfig( 2923): Adding HidService

D/AdapterServiceConfig( 2923): Adding HealthService

D/AdapterServiceConfig( 2923): Adding PanService

D/BluetoothAdapterService( 2923): REFCOUNT: CREATED. INSTANCE_COUNT1

D/BluetoothManagerService( 2250): Message: 20

D/BluetoothManagerService( 2250): Added callback: android.bluetooth.IBluetoothManagerCallback$Stub$Proxy@40fe70b8:true

D/BluetoothAdapterState( 2923): make

I/ActivityManager( 2250): Start proc com.cyanogenmod.settings.device for broadcast com.cyanogenmod.settings.device/.Startup: pid=2956 uid=1000 gids={41000, 1015, 1028, 3002, 3001, 3003}

I/bluedroid( 2923): init

E/bt-btif ( 2923): ## btif_config_get assert section && *section && key && *key && name && *name && bytes && type failed at line:182 ##

I/bte_conf( 2923): Attempt to load stack conf from /etc/bluetooth/bt_stack.conf

I/bluedroid( 2923): get_profile_interface socket

D/BluetoothManagerService( 2250): BluetoothServiceConnection: connected to AdapterService

D/BluetoothManagerService( 2250): Message: 40

D/BluetoothManagerService( 2250): MESSAGE_BLUETOOTH_SERVICE_CONNECTED

D/BluetoothManagerService( 2250): Message: 200

D/BluetoothManagerService( 2250): MESSAGE_GET_NAME_AND_ADDRESS

D/BluetoothManagerService( 2250): Message: 201

D/BluetoothManagerService( 2250): MESSAGE_SAVE_NAME_AND_ADDRESS

D/BluetoothAdapterService(1089849840)( 2923): getState(): mAdapterProperties: com.android.bluetooth.btservice.AdapterProperties@40f5e330

D/BluetoothAdapterService( 2923): Broadcasting updateAdapterState() to 0 receivers.

D/BluetoothBondStateMachine( 2923): make

D/btif_config_util( 2923): btif_config_save_file(L153): in file name:/data/misc/bluedroid/bt_config.new

D/btif_config_util( 2923): btif_config_save_file(L153): in file name:/data/misc/bluedroid/bt_config.new

E/Trace   ( 2956): error opening trace file: No such file or directory (2)

I/BluetoothBondStateMachine( 2923): StableState(): Entering Off State

I/GKI_LINUX( 2923): gki_task_entry: gki_task_entry task_id=1 [BTIF] starting

D/BluetoothHeadset( 2250): Proxy object connected

D/BluetoothHeadset( 2587): Proxy object connected

D/BluetoothAdapter( 2250): 1096190336: getState() :  mService = null. Returning STATE_OFF

D/BluetoothHeadset( 2587): Proxy object connected

D/HeadsetService( 2923): Received start request. Starting profile...

I/BluetoothHeadsetServiceJni( 2923): classInitNative: succeeds

D/HeadsetStateMachine( 2923): make

D/BluetoothManagerService( 2250): Bluetooth Adapter name changed to GT-N7100

I/bluedroid( 2923): get_profile_interface handsfree

E/bt-btif ( 2923): btif_enable_service: current services:0x40

W/GalaxyS3Settings_Utils_Write( 2956): file /sys/class/sec/sec_touchkey/force_disable: 0

W/GalaxyS3Settings_Utils_Write( 2956): file /sys/class/sec/sec_touchkey/brightness: 1

D/A2dpService( 2923): Received start request. Starting profile...

I/BluetoothA2dpServiceJni( 2923): classInitNative: succeeds

D/A2dpStateMachine( 2923): make

I/bluedroid( 2923): get_profile_interface a2dp

D/BluetoothManagerService( 2250): Stored Bluetooth name: GT-N7100

I/GKI_LINUX( 2923): gki_task_entry: gki_task_entry task_id=2 [A2DP-MEDIA] starting

E/bt-btif ( 2923): btif_enable_service: current services:0x40040

W/GalaxyS3Settings_Utils_Write( 2956): file /sys/class/mdnie/mdnie/scenario: 0

I/BluetoothHidServiceJni( 2923): classInitNative: succeeds

D/A2dpStateMachine( 2923): Enter Disconnected: -2

D/HidService( 2923): Received start request. Starting profile...

I/bluedroid( 2923): get_profile_interface hidhost

E/bt-btif ( 2923): btif_enable_service: current services:0x140040

I/BluetoothHealthServiceJni( 2923): classInitNative: succeeds

D/HealthService( 2923): Received start request. Starting profile...

D/BluetoothInputDevice( 2615): Proxy object connected

D/HidProfile( 2615): Bluetooth service connected

I/bluedroid( 2923): get_profile_interface health

I/BluetoothPanServiceJni( 2923): classInitNative(L105): succeeds

D/PanService( 2923): Received start request. Starting profile...

D/BluetoothPanServiceJni( 2923): initializeNative(L110): pan

I/bluedroid( 2923): get_profile_interface pan

D/BluetoothAdapterService( 2923): Profile still not running:com.android.bluetooth.hdp.HealthService

D/BluetoothAdapterService( 2923): Profile still not running:com.android.bluetooth.hdp.HealthService

D/BluetoothAdapterService( 2923): Profile still not running:com.android.bluetooth.hdp.HealthService

D/BluetoothAdapterService( 2923): Profile still not running:com.android.bluetooth.pan.PanService

D/HeadsetPhoneState( 2923): sendDeviceStateChanged. mService=0 mSignal=0 mRoam=0 mBatteryCharge=2

I/bluedroid( 2923): enable

D/BluetoothA2dp( 2250): Proxy object connected

I/bt_hci_bdroid( 2923): init

D/BluetoothAdapter( 2250): 1096190336: getState() :  mService = null. Returning STATE_OFF

D/BluetoothPan( 2250): BluetoothPAN Proxy object connected

I/bt_vendor( 2923): init

I/bt_vnd_conf( 2923): Attempt to load conf from /etc/bluetooth/bt_vendor.conf

I/bt_vnd_conf( 2923): vnd_load_conf file >/etc/bluetooth/bt_vendor.conf< not found

W/GalaxyS3Settings_Utils_Write( 2956): file /sys/class/mdnie/mdnie/mode: 0

I/bt_hci_bdroid( 2923): bt_hc_worker_thread started

W/GalaxyS3Settings_Utils_Write( 2956): file /sys/class/mdnie/mdnie/negative: 0

D/BluetoothPan( 2615): BluetoothPAN Proxy object connected

W/GalaxyS3Settings_Utils_Write( 2956): file /sys/class/sec/led/led_fade: 1

D/PanProfile( 2615): Bluetooth service connected

W/GalaxyS3Settings_Utils_Write( 2956): file /sys/vibrator/pwm_val: 50

W/GalaxyS3Settings_Utils_Write( 2956): file /sys/class/sec/sec_touchkey/timeout: 3

W/GalaxyS3Settings_Utils( 2956): file /sys/class/sec/sec_epen/epen_saving_mode not found: java.io.FileNotFoundException: /sys/class/sec/sec_epen/epen_saving_mode: open failed: EACCES (Permission denied)

I/ActivityManager( 2250): Start proc com.bel.android.dspmanager for broadcast com.bel.android.dspmanager/.receiver.BootCompletedReceiver: pid=2988 uid=10013 gids={50013, 3002, 1028}

E/Trace   ( 2988): error opening trace file: No such file or directory (2)

I/GKI_LINUX( 2923): gki_task_entry: gki_task_entry task_id=0 [BTU] starting

I/bt_userial_vendor( 2923): userial vendor open: opening /dev/ttySAC0

I/bt_userial_vendor( 2923): device fd = 54 open

I/bt_hwcfg( 2923): bt vendor lib: set UART baud 4000000

I/HeadsetService( 2988): Starting service.

I/RecoverySystem( 2250): Deleted: /cache/recovery/log

I/ActivityManager( 2250): Start proc com.cyanogenmod.updater for broadcast com.cyanogenmod.updater/.receiver.UpdateCheckReceiver: pid=3012 uid=10006 gids={50006, 3003, 1015, 2001, 1028}

D/bt_hwcfg( 2923): Chipset BCM4334B0

D/bt_hwcfg( 2923): Target name = [BCM4334B0]

D/bt_hwcfg( 2923): Target name = [BCM4334]

I/bt_hwcfg( 2923): Found patchfile: /system/bin//bcm4334.hcd

I/BootReceiver( 2250): Copying /proc/last_kmsg to DropBox (SYSTEM_LAST_KMSG)

E/Trace   ( 3012): error opening trace file: No such file or directory (2)

I/UpdateCheckReceiver( 3012): Scheduling future, repeating update checks.

D/dalvikvm( 2250): GC_CONCURRENT freed 1160K, 49% free 5504K/10660K, paused 5ms+3ms, total 38ms

D/dalvikvm( 2250): WAIT_FOR_CONCURRENT_GC blocked 33ms

I//system/bin/fsck_msdos( 1846): Attempting to allocate 3747 KB for FAT

I/UpdateCheckService( 3012): Could not check for updates. Not connected to the network.

I/ActivityManager( 2250): Start proc com.android.providers.calendar for broadcast com.android.providers.calendar/.CalendarReceiver: pid=3034 uid=10010 gids={50010, 3003, 1015, 1028}

I/PowerManagerService( 2250): Boot animation finished.

E/Trace   ( 3034): error opening trace file: No such file or directory (2)

I/AccountTypeManager( 2917): Loaded meta-data for 1 account types, 0 accounts in 44ms(wall) 8ms(cpu)

D/BluetoothAdapterService(1089849840)( 2923): getState(): mAdapterProperties: com.android.bluetooth.btservice.AdapterProperties@40f5e330

I/CalendarDatabaseHelper( 3034): Bootstrapping database

I/bt_hwcfg( 2923): bt vendor lib: set UART baud 115200

D/bt_hwcfg( 2923): Settlement delay -- 50 ms

D/dalvikvm( 2790): GC_CONCURRENT freed 633K, 7% free 12745K/13580K, paused 1ms+1ms, total 16ms

D/dalvikvm( 2790): WAIT_FOR_CONCURRENT_GC blocked 7ms

I/ContactsDatabaseHelper( 2568): Locale change completed in 512ms

I/ContactsDatabaseHelper( 2568): Switching to locale en_US

I/bt_hwcfg( 2923): bt vendor lib: set UART baud 4000000

I/bt_hwcfg( 2923): Setting local bd addr to B0:C4:E7:75:80:27

I/ActivityManager( 2250): Start proc com.android.cellbroadcastreceiver for broadcast com.android.cellbroadcastreceiver/.CellBroadcastReceiver: pid=3050 uid=10011 gids={50011, 1028}

I/bt_hwcfg( 2923): vendor lib fwcfg completed

I/        ( 2923): BTE_InitTraceLevels -- TRC_HCI

I/        ( 2923): BTE_InitTraceLevels -- TRC_L2CAP

I/        ( 2923): BTE_InitTraceLevels -- TRC_RFCOMM

I/        ( 2923): BTE_InitTraceLevels -- TRC_AVDT

I/        ( 2923): BTE_InitTraceLevels -- TRC_AVRC

I/        ( 2923): BTE_InitTraceLevels -- TRC_A2D

I/        ( 2923): BTE_InitTraceLevels -- TRC_BNEP

I/        ( 2923): BTE_InitTraceLevels -- TRC_BTM

I/        ( 2923): BTE_InitTraceLevels -- TRC_PAN

I/        ( 2923): BTE_InitTraceLevels -- TRC_SDP

I/        ( 2923): BTE_InitTraceLevels -- TRC_BTAPP

I/        ( 2923): BTE_InitTraceLevels -- TRC_BTIF

E/Trace   ( 3050): error opening trace file: No such file or directory (2)

W/Resources( 3050): Converting to string: TypedValue{t=0x10/d=0x4 a=-1}

D/CellBroadcastReceiver( 3050): onReceive Intent { act=android.intent.action.BOOT_COMPLETED flg=0x10 cmp=com.android.cellbroadcastreceiver/.CellBroadcastReceiver (has extras) }

D/CellBroadcastReceiver( 3050): Registering for ServiceState updates

D/CellBroadcastReceiver( 3050): Service state changed! 1 Full: 1 home null null null  Unknown CSS not supported -1 -1 RoamInd=-1 DefRoamInd=-1 EmergOnly=false

I/ActivityManager( 2250): Start proc com.android.deskclock for broadcast com.android.deskclock/.AlarmInitReceiver: pid=3066 uid=10015 gids={50015, 1028}

E/bt-btif ( 2923): Calling BTA_HhEnable

E/bt-btif ( 2923): ## btif_config_get assert section && *section && key && *key && name && *name && bytes && type failed at line:182 ##

E/bt-btif ( 2923): btif_storage_get_adapter_property service_mask:0x140040

E/Trace   ( 3066): error opening trace file: No such file or directory (2)

D/BluetoothManagerService( 2250): Bluetooth Adapter name changed to GT-N7100

D/BluetoothManagerService( 2250): Stored Bluetooth name: GT-N7100

I/bt_hwcfg( 2923): SCO over I2SPCM interface {1, 0, 0, 0}

I/bte_conf( 2923): Attempt to load did conf from /etc/bluetooth/bt_did.conf

D/        ( 2923): bta_pan_co_init

I/bte_conf( 2923): [1] primary_record=1 vendor_id=0x000F vendor_id_source=0x0001 product_id=0x1200 version=0x1436

I/bte_conf( 2923): Attempt to load did conf from /etc/bluetooth/bt_did.conf

I/bte_conf( 2923): Attempt to load did conf from /etc/bluetooth/bt_did.conf

E/bt-btif ( 2923): ## btif_config_get assert section && *section && key && *key && name && *name && bytes && type failed at line:182 ##

D/BluetoothPanServiceJni( 2923): control_state_callback(L61): state:0, local_role:0, ifname:bt-pan

D/BluetoothAdapterProperties( 2923): ScanMode =  20

D/BluetoothAdapterProperties( 2923): State =  11

D/BluetoothAdapterService( 2923): Broadcasting updateAdapterState() to 0 receivers.

D/BluetoothAdapterService(1089849840)( 2923): getState(): mAdapterProperties: com.android.bluetooth.btservice.AdapterProperties@40f5e330

D/BluetoothAdapterService(1089849840)( 2923): Get Bonded Devices being called

D/BluetoothAdapterService(1089849840)( 2923): Get Bonded Devices being called

I//system/bin/fsck_msdos( 1846): ** Phase 2 - Check Cluster Chains

E/bt_h4   ( 2923): vendor lib postload completed

I//system/bin/fsck_msdos( 1846): ** Phase 3 - Checking Directories

D/BluetoothAdapterService(1089849840)( 2923): getState(): mAdapterProperties: com.android.bluetooth.btservice.AdapterProperties@40f5e330

D/BluetoothManagerService( 2250): Stored Bluetooth name: GT-N7100

D/BluetoothManagerService( 2250): Stored Bluetoothaddress: B0:C4:E7:75:80:27

D/BluetoothAdapterService( 2923): Broadcasting updateAdapterState() to 0 receivers.

D/BluetoothAdapterService(1089849840)( 2923): getState(): mAdapterProperties: com.android.bluetooth.btservice.AdapterProperties@40f5e330

W/bt-btif ( 2923): bta_dm_disable BTA_DISABLE_DELAY set to 200 ms

D/btif_config_util( 2923): btif_config_save_file(L153): in file name:/data/misc/bluedroid/bt_config.new

W/bt-l2cap( 2923): L2CAP - PSM: 0x0019 not found for deregistration

W/bt-l2cap( 2923): L2CAP - PSM: 0x0017 not found for deregistration

I/NfcService( 2599): SE wipe done

D/NfcService( 2599): NFC-C ON

I/ContactsDatabaseHelper( 2568): Locale change completed in 285ms

V/AlarmClock( 3066): No next alarm

W/BackupManagerService( 2250): dataChanged but no participant pkg='com.android.providers.settings' uid=10015

V/AlarmClock( 3066): AlarmInitReceiver - Reset timers and clear stopwatch data

V/AlarmClock( 3066): AlarmInitReceiver - resetting volume button default

V/AlarmClock( 3066): No next alarm

V/AlarmClock( 3066): AlarmInitReceiver finished

I/ContactsFTS( 2568): Rebuild contact search index in 26ms, 0 contacts

I/ActivityManager( 2250): Start proc com.android.email for broadcast com.android.email/.service.EmailBroadcastReceiver: pid=3090 uid=10018 gids={50018, 3003, 1015, 1028}

E/Trace   ( 3090): error opening trace file: No such file or directory (2)

I/Email   ( 3090): Onetime initialization: 1

I/Email   ( 3090): Onetime initialization: 2

I/ContactsProvider( 2568): Upgrading aggregation algorithm

D/ExchangeService( 2896): !!! EAS ExchangeService, onCreate

D/Eas Debug( 2896): Logging: 

D/ExchangeService( 2896): !!! EAS ExchangeService, onStartCommand, startingUp = false, running = false

I/ContactAggregator( 2568): Marked all visible contacts for aggregation: 0 raw contacts, 4 ms

I/ActivityManager( 2250): Start proc com.android.gallery3d for broadcast com.android.gallery3d/com.android.camera.DisableCameraReceiver: pid=3116 uid=10022 gids={50022, 1006, 3003, 1015, 1028}

W/bt-btif ( 2923): ag scb idx 1 not allocated

E/bt-btif ( 2923): BTA AG is already disabled, ignoring ...

W/bt-l2cap( 2923): L2CAP - PSM: 0x0019 not found for deregistration

W/bt-l2cap( 2923): L2CAP - PSM: 0x0017 not found for deregistration

W/bt-l2cap( 2923): L2CAP - PSM: 0x0019 not found for deregistration

W/bt-l2cap( 2923): L2CAP - PSM: 0x0017 not found for deregistration

W/bt-l2cap( 2923): L2CAP - PSM: 0x0019 not found for deregistration

W/bt-l2cap( 2923): L2CAP - PSM: 0x0017 not found for deregistration

D/ExchangeService( 2896): !!! EAS ExchangeService, onStartCommand, startingUp = true, running = false

I/bt_hci_bdroid( 2923): bt_hc_worker_thread exiting

W/bt_userial( 2923): select_read return size <=0:-1, exiting userial_read_thread

I/bt_userial_vendor( 2923): device fd = 54 close

D/BTSNOOP-DISP( 2923): btsnoop_close

I/GKI_LINUX( 2923): gki_task_entry: gki_task task_id=0 [BTU] terminating

I/GKI_LINUX( 2923): GKI_exit_task: GKI_exit_task 0 done

I/GKI_LINUX( 2923): GKI_destroy_task: GKI_shutdown(): task [BTU] terminated

D/ExchangeService( 2896): !!! EAS ExchangeService, onStartCommand, startingUp = true, running = false

D/HeadsetService( 2923): Received stop request...Stopping profile...

D/BluetoothHeadset( 2587): Proxy object disconnected

D/BluetoothHeadset( 2250): Proxy object disconnected

D/BluetoothHeadset( 2587): Proxy object disconnected

D/A2dpService( 2923): Received stop request...Stopping profile...

D/A2dpStateMachine( 2923): Exit Disconnected: -1

D/ExchangeService( 2896): Received deviceId from Email app: android1369418635058

D/ExchangeService( 2896): Reconciling accounts...

D/BluetoothAdapterState( 2923): Stopping profile services that were post enabled

D/BluetoothA2dp( 2250): Proxy object disconnected

D/BluetoothAdapterService( 2923): Profile still running: com.android.bluetooth.hdp.HealthService

D/Eas Debug( 2896): Logging: 

D/HidService( 2923): Received stop request...Stopping profile...

D/BluetoothInputDevice( 2615): Proxy object disconnected

D/HidProfile( 2615): Bluetooth service disconnected

W/BluetoothHeadsetServiceJni( 2923): Cleaning up Bluetooth Handsfree Interface...

E/bt-btif ( 2923): btif_disable_service: Current Services:0x140000

W/BluetoothHeadsetServiceJni( 2923): Cleaning up Bluetooth Handsfree callback object

E/Trace   ( 3116): error opening trace file: No such file or directory (2)

D/HealthService( 2923): Received stop request...Stopping profile...

D/BluetoothAdapterService( 2923): Profile still running: com.android.bluetooth.hdp.HealthService

D/PanService( 2923): Received stop request...Stopping profile...

I/GKI_LINUX( 2923): gki_task_entry: gki_task task_id=2 [A2DP-MEDIA] terminating

I/GKI_LINUX( 2923): GKI_exit_task: GKI_exit_task 2 done

I/GKI_LINUX( 2923): GKI_destroy_task: GKI_shutdown(): task [A2DP-MEDIA] terminated

E/bt-btif ( 2923): btif_disable_service: Current Services:0x100000

D/BluetoothAdapterService( 2923): Profile still running: com.android.bluetooth.hdp.HealthService

W/BluetoothHidServiceJni( 2923): Cleaning up Bluetooth HID Interface...

W/bt-btif ( 2923): cleanup: HH disabling or disabled already, status = 0

W/BluetoothHidServiceJni( 2923): Cleaning up Bluetooth GID callback object

D/BluetoothPan( 2250): BluetoothPAN Proxy object disconnected

D/BluetoothAdapterService( 2923): Profile still running: com.android.bluetooth.pan.PanService

W/BluetoothHealthServiceJni( 2923): Cleaning up Bluetooth Health Interface...

E/bt-btif ( 2923): btif_disable_service: Current Services:0x100000

W/BluetoothHealthServiceJni( 2923): Cleaning up Bluetooth Health object

D/BluetoothAdapterService( 2923): Broadcasting updateAdapterState() to 0 receivers.

W/BluetoothPanServiceJni( 2923): Cleaning up Bluetooth PAN Interface...

W/BluetoothPanServiceJni( 2923): Cleaning up Bluetooth PAN callback object

D/BluetoothPan( 2615): BluetoothPAN Proxy object disconnected

D/PanProfile( 2615): Bluetooth service disconnected

V/CameraWrapper( 1854): camera_get_camera_info

V/CameraWrapper( 1854): check_vendor_module

D/SecCameraHardware( 1854): LSIHAL int android::HAL_getCameraInfo(int, camera_info*)

I/DisableCameraReceiver( 3116): back camera found: 0

D/WeatherUpdateService( 2857): Service started, but shouldn't update ... stopping

D/EmailProvider( 3090): Creating EmailProvider database

I/ContactsProvider( 2568): Aggregation algorithm upgraded for 0 raw contacts in 106ms

D/BluetoothAdapterService(1089849840)( 2923): getState(): mAdapterProperties: com.android.bluetooth.btservice.AdapterProperties@40f5e330

D/BluetoothManagerService( 2250): unbindAndFinish(): android.bluetooth.IBluetooth$Stub$Proxy@41075c28 mBinding = false

D/BluetoothManagerService( 2250): Sending unbind request.

D/BluetoothAdapterService( 2923): Cleaning up adapter native....

I/GKI_LINUX( 2923): gki_task_entry: gki_task task_id=1 [BTIF] terminating

I/GKI_LINUX( 2923): GKI_exit_task: GKI_exit_task 1 done

I/GKI_LINUX( 2923): GKI_destroy_task: GKI_shutdown(): task [BTIF] terminated

I/BluetoothServiceJni( 2923): cleanupNative: return from cleanup

D/BluetoothAdapterService( 2923): Done cleaning up adapter native....

D/BluetoothAdapterService(1089849840)( 2923): ****onDestroy()********

D/EmailProvider( 3090): Creating EmailProviderBody database

I//system/bin/fsck_msdos( 1846): ** Phase 4 - Checking for Lost Files

D/MtpService( 2681): updating state; isCurrentUser=true, mMtpLocked=false

I/ActivityManager( 2250): Start proc com.android.mms for broadcast com.android.mms/.transaction.MmsSystemEventReceiver: pid=3141 uid=10030 gids={50030, 3003, 1015, 1028}

I//system/bin/fsck_msdos( 1846): Next free cluster in FSInfo block (52250) not free

I//system/bin/fsck_msdos( 1846): FIXED

I//system/bin/fsck_msdos( 1846): 3331 files, 597568 free (861305 clusters)

E/Trace   ( 3141): error opening trace file: No such file or directory (2)

I/Vold    ( 1846): Filesystem check completed OK

D/MtpService( 2681): onStorageStateChanged /storage/sdcard1 checking -> mounted

D/MtpService( 2681): addStorageLocked 131073 /storage/sdcard1

I/Vold    ( 1846): Device /dev/block/vold/179:49, target /storage/sdcard1 mounted @ /mnt/secure/staging

